Apache Maven 3.9.8 (36645f6c9b5079805ea5009217e36f2cffd34256)
Maven home: D:\tools\apache-maven-3.9.8
Java version: 17.0.11, vendor: Oracle Corporation, runtime: C:\Program Files\Java\jdk-17
Default locale: zh_CN, platform encoding: GBK
OS name: "windows 11", version: "10.0", arch: "amd64", family: "windows"
[DEBUG] Created new class realm maven.api
[DEBUG] Importing foreign packages into class realm maven.api
[DEBUG]   Imported: javax.annotation.* < plexus.core
[DEBUG]   Imported: javax.annotation.security.* < plexus.core
[DEBUG]   Imported: javax.inject.* < plexus.core
[DEBUG]   Imported: org.apache.maven.* < plexus.core
[DEBUG]   Imported: org.apache.maven.artifact < plexus.core
[DEBUG]   Imported: org.apache.maven.classrealm < plexus.core
[DEBUG]   Imported: org.apache.maven.cli < plexus.core
[DEBUG]   Imported: org.apache.maven.configuration < plexus.core
[DEBUG]   Imported: org.apache.maven.exception < plexus.core
[DEBUG]   Imported: org.apache.maven.execution < plexus.core
[DEBUG]   Imported: org.apache.maven.execution.scope < plexus.core
[DEBUG]   Imported: org.apache.maven.graph < plexus.core
[DEBUG]   Imported: org.apache.maven.lifecycle < plexus.core
[DEBUG]   Imported: org.apache.maven.model < plexus.core
[DEBUG]   Imported: org.apache.maven.monitor < plexus.core
[DEBUG]   Imported: org.apache.maven.plugin < plexus.core
[DEBUG]   Imported: org.apache.maven.profiles < plexus.core
[DEBUG]   Imported: org.apache.maven.project < plexus.core
[DEBUG]   Imported: org.apache.maven.reporting < plexus.core
[DEBUG]   Imported: org.apache.maven.repository < plexus.core
[DEBUG]   Imported: org.apache.maven.rtinfo < plexus.core
[DEBUG]   Imported: org.apache.maven.settings < plexus.core
[DEBUG]   Imported: org.apache.maven.toolchain < plexus.core
[DEBUG]   Imported: org.apache.maven.usability < plexus.core
[DEBUG]   Imported: org.apache.maven.wagon.* < plexus.core
[DEBUG]   Imported: org.apache.maven.wagon.authentication < plexus.core
[DEBUG]   Imported: org.apache.maven.wagon.authorization < plexus.core
[DEBUG]   Imported: org.apache.maven.wagon.events < plexus.core
[DEBUG]   Imported: org.apache.maven.wagon.observers < plexus.core
[DEBUG]   Imported: org.apache.maven.wagon.proxy < plexus.core
[DEBUG]   Imported: org.apache.maven.wagon.repository < plexus.core
[DEBUG]   Imported: org.apache.maven.wagon.resource < plexus.core
[DEBUG]   Imported: org.codehaus.classworlds < plexus.core
[DEBUG]   Imported: org.codehaus.plexus.* < plexus.core
[DEBUG]   Imported: org.codehaus.plexus.classworlds < plexus.core
[DEBUG]   Imported: org.codehaus.plexus.component < plexus.core
[DEBUG]   Imported: org.codehaus.plexus.configuration < plexus.core
[DEBUG]   Imported: org.codehaus.plexus.container < plexus.core
[DEBUG]   Imported: org.codehaus.plexus.context < plexus.core
[DEBUG]   Imported: org.codehaus.plexus.lifecycle < plexus.core
[DEBUG]   Imported: org.codehaus.plexus.logging < plexus.core
[DEBUG]   Imported: org.codehaus.plexus.personality < plexus.core
[DEBUG]   Imported: org.codehaus.plexus.util.xml.Xpp3Dom < plexus.core
[DEBUG]   Imported: org.codehaus.plexus.util.xml.pull.XmlPullParser < plexus.core
[DEBUG]   Imported: org.codehaus.plexus.util.xml.pull.XmlPullParserException < plexus.core
[DEBUG]   Imported: org.codehaus.plexus.util.xml.pull.XmlSerializer < plexus.core
[DEBUG]   Imported: org.eclipse.aether.* < plexus.core
[DEBUG]   Imported: org.eclipse.aether.artifact < plexus.core
[DEBUG]   Imported: org.eclipse.aether.collection < plexus.core
[DEBUG]   Imported: org.eclipse.aether.deployment < plexus.core
[DEBUG]   Imported: org.eclipse.aether.graph < plexus.core
[DEBUG]   Imported: org.eclipse.aether.impl < plexus.core
[DEBUG]   Imported: org.eclipse.aether.installation < plexus.core
[DEBUG]   Imported: org.eclipse.aether.internal.impl < plexus.core
[DEBUG]   Imported: org.eclipse.aether.metadata < plexus.core
[DEBUG]   Imported: org.eclipse.aether.repository < plexus.core
[DEBUG]   Imported: org.eclipse.aether.resolution < plexus.core
[DEBUG]   Imported: org.eclipse.aether.spi < plexus.core
[DEBUG]   Imported: org.eclipse.aether.transfer < plexus.core
[DEBUG]   Imported: org.eclipse.aether.util < plexus.core
[DEBUG]   Imported: org.eclipse.aether.version < plexus.core
[DEBUG]   Imported: org.fusesource.jansi.* < plexus.core
[DEBUG]   Imported: org.slf4j.* < plexus.core
[DEBUG]   Imported: org.slf4j.event.* < plexus.core
[DEBUG]   Imported: org.slf4j.helpers.* < plexus.core
[DEBUG]   Imported: org.slf4j.spi.* < plexus.core
[DEBUG] Populating class realm maven.api
[DEBUG] Created adapter factory; available factories [file-lock, rwlock-local, semaphore-local, noop]; available name mappers [discriminating, file-gav, file-hgav, file-static, gav, static]
[INFO] Error stacktraces are turned on.
[DEBUG] Message scheme: color
[DEBUG] Message styles: debug info warning error success failure strong mojo project
[DEBUG] Reading global settings from D:\tools\apache-maven-3.9.8\conf\settings.xml
[DEBUG] Reading user settings from C:\Users\pc\.m2\settings.xml
[DEBUG] Reading global toolchains from D:\tools\apache-maven-3.9.8\conf\toolchains.xml
[DEBUG] Reading user toolchains from C:\Users\pc\.m2\toolchains.xml
[DEBUG] Using local repository at C:\Users\pc\.m2\repository
[DEBUG] Using manager EnhancedLocalRepositoryManager with priority 10.0 for C:\Users\pc\.m2\repository
[INFO] Scanning for projects...
[DEBUG] Creating adapter using nameMapper 'gav' and factory 'rwlock-local'
[DEBUG] Using mirror central-repo (https://repo.maven.apache.org/maven2) for central (https://repo.maven.apache.org/maven2).
[DEBUG] Extension realms for project com.chy:chy-boot:pom:1.0-SNAPSHOT: (none)
[DEBUG] Looking up lifecycle mappings for packaging pom from ClassRealm[plexus.core, parent: null]
[DEBUG] Extension realms for project org.springframework.boot:spring-boot-starter-parent:pom:3.2.3: (none)
[DEBUG] Looking up lifecycle mappings for packaging pom from ClassRealm[plexus.core, parent: null]
[DEBUG] Extension realms for project org.springframework.boot:spring-boot-dependencies:pom:3.2.3: (none)
[DEBUG] Looking up lifecycle mappings for packaging pom from ClassRealm[plexus.core, parent: null]
[DEBUG] Extension realms for project com.chy:chy-boot-common:jar:1.0-SNAPSHOT: (none)
[DEBUG] Looking up lifecycle mappings for packaging jar from ClassRealm[plexus.core, parent: null]
[DEBUG] Extension realms for project com.chy:chy-boot-api:jar:1.0-SNAPSHOT: (none)
[DEBUG] Looking up lifecycle mappings for packaging jar from ClassRealm[plexus.core, parent: null]
[DEBUG] Extension realms for project com.chy:chy-boot-core:jar:1.0-SNAPSHOT: (none)
[DEBUG] Looking up lifecycle mappings for packaging jar from ClassRealm[plexus.core, parent: null]
[DEBUG] Extension realms for project com.chy:chy-boot-service:jar:1.0-SNAPSHOT: (none)
[DEBUG] Looking up lifecycle mappings for packaging jar from ClassRealm[plexus.core, parent: null]
[DEBUG] Extension realms for project com.chy:chy-boot-web-admin:jar:1.0-SNAPSHOT: (none)
[DEBUG] Looking up lifecycle mappings for packaging jar from ClassRealm[plexus.core, parent: null]
[DEBUG] Extension realms for project com.chy:chy-boot-mobile-api:jar:1.0-SNAPSHOT: (none)
[DEBUG] Looking up lifecycle mappings for packaging jar from ClassRealm[plexus.core, parent: null]
[DEBUG] === REACTOR BUILD PLAN ================================================
[DEBUG] Project: com.chy:chy-boot-common:jar:1.0-SNAPSHOT
[DEBUG] Tasks:   [clean, compile]
[DEBUG] Style:   Regular
[DEBUG] =======================================================================
[INFO] 
[INFO] ----------------------< com.chy:chy-boot-common >-----------------------
[INFO] Building chy-boot-common 1.0-SNAPSHOT
[INFO]   from pom.xml
[INFO] --------------------------------[ jar ]---------------------------------
[DEBUG] Lifecycle clean -> [pre-clean, clean, post-clean]
[DEBUG] Lifecycle default -> [validate, initialize, generate-sources, process-sources, generate-resources, process-resources, compile, process-classes, generate-test-sources, process-test-sources, generate-test-resources, process-test-resources, test-compile, process-test-classes, test, prepare-package, package, pre-integration-test, integration-test, post-integration-test, verify, install, deploy]
[DEBUG] Lifecycle site -> [pre-site, site, post-site, site-deploy]
[DEBUG] Lifecycle clean -> [pre-clean, clean, post-clean]
[DEBUG] Lifecycle default -> [validate, initialize, generate-sources, process-sources, generate-resources, process-resources, compile, process-classes, generate-test-sources, process-test-sources, generate-test-resources, process-test-resources, test-compile, process-test-classes, test, prepare-package, package, pre-integration-test, integration-test, post-integration-test, verify, install, deploy]
[DEBUG] Lifecycle site -> [pre-site, site, post-site, site-deploy]
[DEBUG] Lifecycle clean -> [pre-clean, clean, post-clean]
[DEBUG] Lifecycle default -> [validate, initialize, generate-sources, process-sources, generate-resources, process-resources, compile, process-classes, generate-test-sources, process-test-sources, generate-test-resources, process-test-resources, test-compile, process-test-classes, test, prepare-package, package, pre-integration-test, integration-test, post-integration-test, verify, install, deploy]
[DEBUG] Lifecycle site -> [pre-site, site, post-site, site-deploy]
[DEBUG] Lifecycle clean -> [pre-clean, clean, post-clean]
[DEBUG] Lifecycle default -> [validate, initialize, generate-sources, process-sources, generate-resources, process-resources, compile, process-classes, generate-test-sources, process-test-sources, generate-test-resources, process-test-resources, test-compile, process-test-classes, test, prepare-package, package, pre-integration-test, integration-test, post-integration-test, verify, install, deploy]
[DEBUG] Lifecycle site -> [pre-site, site, post-site, site-deploy]
[DEBUG] Lifecycle clean -> [pre-clean, clean, post-clean]
[DEBUG] Lifecycle default -> [validate, initialize, generate-sources, process-sources, generate-resources, process-resources, compile, process-classes, generate-test-sources, process-test-sources, generate-test-resources, process-test-resources, test-compile, process-test-classes, test, prepare-package, package, pre-integration-test, integration-test, post-integration-test, verify, install, deploy]
[DEBUG] Lifecycle site -> [pre-site, site, post-site, site-deploy]
[DEBUG] Lifecycle clean -> [pre-clean, clean, post-clean]
[DEBUG] Lifecycle default -> [validate, initialize, generate-sources, process-sources, generate-resources, process-resources, compile, process-classes, generate-test-sources, process-test-sources, generate-test-resources, process-test-resources, test-compile, process-test-classes, test, prepare-package, package, pre-integration-test, integration-test, post-integration-test, verify, install, deploy]
[DEBUG] Lifecycle site -> [pre-site, site, post-site, site-deploy]
[DEBUG] === PROJECT BUILD PLAN ================================================
[DEBUG] Project:       com.chy:chy-boot-common:1.0-SNAPSHOT
[DEBUG] Dependencies (collect): []
[DEBUG] Dependencies (resolve): [compile, runtime]
[DEBUG] Repositories (dependencies): [central-repo (https://repo.maven.apache.org/maven2, default, releases)]
[DEBUG] Repositories (plugins)     : [central-repo (https://repo.maven.apache.org/maven2, default, releases)]
[DEBUG] -----------------------------------------------------------------------
[DEBUG] Goal:          org.apache.maven.plugins:maven-clean-plugin:3.3.2:clean (default-clean)
[DEBUG] Style:         Regular
[DEBUG] Configuration: <?xml version="1.0" encoding="UTF-8"?>
<configuration>
  <directory default-value="${project.build.directory}"/>
  <excludeDefaultDirectories default-value="false">${maven.clean.excludeDefaultDirectories}</excludeDefaultDirectories>
  <failOnError default-value="true">${maven.clean.failOnError}</failOnError>
  <fast default-value="false">${maven.clean.fast}</fast>
  <fastDir>${maven.clean.fastDir}</fastDir>
  <fastMode default-value="background">${maven.clean.fastMode}</fastMode>
  <followSymLinks default-value="false">${maven.clean.followSymLinks}</followSymLinks>
  <outputDirectory default-value="${project.build.outputDirectory}"/>
  <reportDirectory default-value="${project.build.outputDirectory}"/>
  <retryOnError default-value="true">${maven.clean.retryOnError}</retryOnError>
  <session default-value="${session}"/>
  <skip default-value="false">${maven.clean.skip}</skip>
  <testOutputDirectory default-value="${project.build.testOutputDirectory}"/>
  <verbose>${maven.clean.verbose}</verbose>
</configuration>
[DEBUG] -----------------------------------------------------------------------
[DEBUG] Goal:          org.jacoco:jacoco-maven-plugin:0.8.10:prepare-agent (default-prepare-agent)
[DEBUG] Style:         Regular
[DEBUG] Configuration: <?xml version="1.0" encoding="UTF-8"?>
<configuration>
  <address>${jacoco.address}</address>
  <append>${jacoco.append}</append>
  <classDumpDir>${jacoco.classDumpDir}</classDumpDir>
  <destFile default-value="${project.build.directory}/jacoco.exec">${jacoco.destFile}</destFile>
  <dumpOnExit>${jacoco.dumpOnExit}</dumpOnExit>
  <exclClassLoaders>${jacoco.exclClassLoaders}</exclClassLoaders>
  <inclBootstrapClasses>${jacoco.inclBootstrapClasses}</inclBootstrapClasses>
  <inclNoLocationClasses>${jacoco.inclNoLocationClasses}</inclNoLocationClasses>
  <jmx>${jacoco.jmx}</jmx>
  <output>${jacoco.output}</output>
  <pluginArtifactMap>${plugin.artifactMap}</pluginArtifactMap>
  <port>${jacoco.port}</port>
  <project>${project}</project>
  <propertyName>${jacoco.propertyName}</propertyName>
  <sessionId>${jacoco.sessionId}</sessionId>
  <skip default-value="false">${jacoco.skip}</skip>
</configuration>
[DEBUG] -----------------------------------------------------------------------
[DEBUG] Goal:          org.apache.maven.plugins:maven-resources-plugin:3.3.1:resources (default-resources)
[DEBUG] Style:         Regular
[DEBUG] Configuration: <?xml version="1.0" encoding="UTF-8"?>
<configuration>
  <addDefaultExcludes default-value="true"/>
  <buildFilters default-value="${project.build.filters}"/>
  <delimiters>
    <delimiter>@</delimiter>
  </delimiters>
  <encoding default-value="${project.build.sourceEncoding}"/>
  <escapeWindowsPaths default-value="true"/>
  <fileNameFiltering default-value="false"/>
  <includeEmptyDirs default-value="false"/>
  <outputDirectory default-value="${project.build.outputDirectory}"/>
  <overwrite default-value="false"/>
  <project default-value="${project}"/>
  <propertiesEncoding>UTF-8</propertiesEncoding>
  <resources default-value="${project.resources}"/>
  <session default-value="${session}"/>
  <skip default-value="false">${maven.resources.skip}</skip>
  <supportMultiLineFiltering default-value="false"/>
  <useBuildFilters default-value="true"/>
  <useDefaultDelimiters default-value="true">false</useDefaultDelimiters>
</configuration>
[DEBUG] -----------------------------------------------------------------------
[DEBUG] Goal:          org.apache.maven.plugins:maven-compiler-plugin:3.11.0:compile (default-compile)
[DEBUG] Style:         Regular
[DEBUG] Configuration: <?xml version="1.0" encoding="UTF-8"?>
<configuration>
  <basedir default-value="${basedir}"/>
  <buildDirectory default-value="${project.build.directory}"/>
  <compilePath default-value="${project.compileClasspathElements}"/>
  <compileSourceRoots default-value="${project.compileSourceRoots}"/>
  <compilerArgs>
    <arg>--enable-preview</arg>
  </compilerArgs>
  <compilerId default-value="javac">${maven.compiler.compilerId}</compilerId>
  <compilerReuseStrategy default-value="${reuseCreated}">${maven.compiler.compilerReuseStrategy}</compilerReuseStrategy>
  <compilerVersion>${maven.compiler.compilerVersion}</compilerVersion>
  <createMissingPackageInfoClass default-value="true">${maven.compiler.createMissingPackageInfoClass}</createMissingPackageInfoClass>
  <debug default-value="true">${maven.compiler.debug}</debug>
  <debugFileName default-value="javac"/>
  <debuglevel>${maven.compiler.debuglevel}</debuglevel>
  <enablePreview default-value="false">${maven.compiler.enablePreview}</enablePreview>
  <encoding default-value="${project.build.sourceEncoding}">${encoding}</encoding>
  <executable>${maven.compiler.executable}</executable>
  <failOnError default-value="true">${maven.compiler.failOnError}</failOnError>
  <failOnWarning default-value="false">${maven.compiler.failOnWarning}</failOnWarning>
  <forceJavacCompilerUse default-value="false">true</forceJavacCompilerUse>
  <fork default-value="false">${maven.compiler.fork}</fork>
  <generatedSourcesDirectory default-value="${project.build.directory}/generated-sources/annotations"/>
  <implicit>${maven.compiler.implicit}</implicit>
  <maxmem>${maven.compiler.maxmem}</maxmem>
  <meminitial>${maven.compiler.meminitial}</meminitial>
  <mojoExecution default-value="${mojoExecution}"/>
  <optimize default-value="false">${maven.compiler.optimize}</optimize>
  <outputDirectory default-value="${project.build.outputDirectory}"/>
  <parameters default-value="false">true</parameters>
  <project default-value="${project}"/>
  <projectArtifact default-value="${project.artifact}"/>
  <release>21</release>
  <session default-value="${session}"/>
  <showCompilationChanges default-value="false">${maven.compiler.showCompilationChanges}</showCompilationChanges>
  <showDeprecation default-value="false">${maven.compiler.showDeprecation}</showDeprecation>
  <showWarnings default-value="true">${maven.compiler.showWarnings}</showWarnings>
  <skipMain>${maven.main.skip}</skipMain>
  <skipMultiThreadWarning default-value="false">${maven.compiler.skipMultiThreadWarning}</skipMultiThreadWarning>
  <source default-value="1.8">21</source>
  <staleMillis default-value="0">${lastModGranularityMs}</staleMillis>
  <target default-value="1.8">21</target>
  <useIncrementalCompilation default-value="true">${maven.compiler.useIncrementalCompilation}</useIncrementalCompilation>
  <verbose default-value="false">${maven.compiler.verbose}</verbose>
</configuration>
[DEBUG] =======================================================================
[DEBUG] Dependency collection stats {ConflictMarker.analyzeTime=1248900, ConflictMarker.markTime=325300, ConflictMarker.nodeCount=410, ConflictIdSorter.graphTime=699900, ConflictIdSorter.topsortTime=302200, ConflictIdSorter.conflictIdCount=166, ConflictIdSorter.conflictIdCycleCount=0, ConflictResolver.totalTime=15410300, ConflictResolver.conflictItemCount=332, DfDependencyCollector.collectTime=1517932800, DfDependencyCollector.transformTime=19678800}
[DEBUG] com.chy:chy-boot-common:jar:1.0-SNAPSHOT
[DEBUG]    com.baomidou:mybatis-plus-boot-starter:jar:3.5.5:compile
[DEBUG]       com.baomidou:mybatis-plus:jar:3.5.5:compile
[DEBUG]          com.baomidou:mybatis-plus-core:jar:3.5.5:compile
[DEBUG]          com.baomidou:mybatis-plus-annotation:jar:3.5.5:compile
[DEBUG]          com.baomidou:mybatis-plus-extension:jar:3.5.5:compile
[DEBUG]          org.mybatis:mybatis:jar:3.5.15:compile
[DEBUG]          com.github.jsqlparser:jsqlparser:jar:4.6:compile
[DEBUG]       org.mybatis:mybatis-spring:jar:2.1.2:compile
[DEBUG]       com.baomidou:mybatis-plus-spring-boot-autoconfigure:jar:3.5.5:compile
[DEBUG]       org.springframework.boot:spring-boot-starter-jdbc:jar:3.2.3:compile (version managed from 2.7.15)
[DEBUG]          com.zaxxer:HikariCP:jar:5.1.0:compile (version managed from 5.0.1)
[DEBUG]          org.springframework:spring-jdbc:jar:6.1.4:compile (version managed from 6.1.4)
[DEBUG]    cn.hutool:hutool-all:jar:5.8.26:compile
[DEBUG]    com.mysql:mysql-connector-j:jar:8.3.0:compile (exclusions managed from [com.google.protobuf:protobuf-java:*:*])
[DEBUG]    com.alibaba:druid-spring-boot-starter:jar:1.2.21:compile
[DEBUG]       com.alibaba:druid:jar:1.2.21:compile
[DEBUG]       org.slf4j:slf4j-api:jar:2.0.12:compile (version managed from 1.7.36)
[DEBUG]       org.glassfish.jaxb:jaxb-runtime:jar:4.0.4:compile (version managed from 2.3.2)
[DEBUG]          org.glassfish.jaxb:jaxb-core:jar:4.0.4:compile (version managed from 4.0.4)
[DEBUG]             org.eclipse.angus:angus-activation:jar:2.0.1:runtime (version managed from 2.0.1)
[DEBUG]             org.glassfish.jaxb:txw2:jar:4.0.4:compile (version managed from 4.0.4)
[DEBUG]             com.sun.istack:istack-commons-runtime:jar:4.1.2:compile (version managed from 4.1.2)
[DEBUG]    com.baomidou:dynamic-datasource-spring-boot-starter:jar:4.2.0:compile
[DEBUG]       com.baomidou:dynamic-datasource-spring-boot-common:jar:4.2.0:compile
[DEBUG]          com.baomidou:dynamic-datasource-spring:jar:4.2.0:compile
[DEBUG]             com.baomidou:dynamic-datasource-creator:jar:4.2.0:compile
[DEBUG]          org.springframework.boot:spring-boot-starter-aop:jar:3.2.3:compile (version managed from 2.7.16)
[DEBUG]    org.aspectj:aspectjweaver:jar:1.9.21:compile
[DEBUG]    org.springframework.boot:spring-boot-starter-data-redis:jar:3.2.3:compile
[DEBUG]       org.springframework.boot:spring-boot-starter:jar:3.2.3:compile (version managed from 3.2.3)
[DEBUG]          org.yaml:snakeyaml:jar:2.2:compile (version managed from 2.2)
[DEBUG]       io.lettuce:lettuce-core:jar:6.3.1.RELEASE:compile (version managed from 6.3.1.RELEASE)
[DEBUG]          io.netty:netty-common:jar:4.1.107.Final:compile (version managed from 4.1.104.Final)
[DEBUG]          io.netty:netty-handler:jar:4.1.107.Final:compile (version managed from 4.1.104.Final)
[DEBUG]             io.netty:netty-resolver:jar:4.1.107.Final:compile (version managed from 4.1.107.Final)
[DEBUG]             io.netty:netty-buffer:jar:4.1.107.Final:compile (version managed from 4.1.107.Final)
[DEBUG]             io.netty:netty-transport-native-unix-common:jar:4.1.107.Final:compile (version managed from 4.1.107.Final)
[DEBUG]             io.netty:netty-codec:jar:4.1.107.Final:compile (version managed from 4.1.107.Final)
[DEBUG]          io.netty:netty-transport:jar:4.1.107.Final:compile (version managed from 4.1.104.Final)
[DEBUG]          io.projectreactor:reactor-core:jar:3.6.3:compile (version managed from 3.6.2)
[DEBUG]             org.reactivestreams:reactive-streams:jar:1.0.4:compile (version managed from 1.0.4)
[DEBUG]       org.springframework.data:spring-data-redis:jar:3.2.3:compile (version managed from 3.2.3)
[DEBUG]          org.springframework.data:spring-data-keyvalue:jar:3.2.3:compile (version managed from 3.2.3)
[DEBUG]             org.springframework.data:spring-data-commons:jar:3.2.3:compile (version managed from 3.2.3)
[DEBUG]          org.springframework:spring-tx:jar:6.1.4:compile (version managed from 6.1.4)
[DEBUG]          org.springframework:spring-oxm:jar:6.1.4:compile (version managed from 6.1.4)
[DEBUG]    org.apache.commons:commons-pool2:jar:2.12.0:compile
[DEBUG]    com.auth0:java-jwt:jar:4.4.0:compile
[DEBUG]       com.fasterxml.jackson.core:jackson-databind:jar:2.15.4:compile (version managed from 2.14.2)
[DEBUG]          com.fasterxml.jackson.core:jackson-annotations:jar:2.15.4:compile (version managed from 2.15.4)
[DEBUG]          com.fasterxml.jackson.core:jackson-core:jar:2.15.4:compile (version managed from 2.15.4)
[DEBUG]    io.jsonwebtoken:jjwt-api:jar:0.11.5:compile
[DEBUG]    io.jsonwebtoken:jjwt-impl:jar:0.11.5:runtime
[DEBUG]    io.jsonwebtoken:jjwt-jackson:jar:0.11.5:runtime
[DEBUG]    com.squareup.okhttp3:okhttp:jar:4.12.0:compile
[DEBUG]       com.squareup.okio:okio:jar:3.6.0:compile
[DEBUG]          com.squareup.okio:okio-jvm:jar:3.6.0:compile
[DEBUG]             org.jetbrains.kotlin:kotlin-stdlib-common:jar:1.9.22:compile (version managed from 1.9.10)
[DEBUG]       org.jetbrains.kotlin:kotlin-stdlib-jdk8:jar:1.9.22:compile (version managed from 1.8.21)
[DEBUG]          org.jetbrains.kotlin:kotlin-stdlib:jar:1.9.22:compile (version managed from 1.9.22)
[DEBUG]             org.jetbrains:annotations:jar:13.0:compile
[DEBUG]          org.jetbrains.kotlin:kotlin-stdlib-jdk7:jar:1.9.22:compile (version managed from 1.9.22)
[DEBUG]    org.springdoc:springdoc-openapi-starter-webmvc-ui:jar:2.3.0:compile
[DEBUG]       org.springdoc:springdoc-openapi-starter-webmvc-api:jar:2.3.0:compile
[DEBUG]          org.springdoc:springdoc-openapi-starter-common:jar:2.3.0:compile
[DEBUG]             io.swagger.core.v3:swagger-core-jakarta:jar:2.2.19:compile
[DEBUG]                org.apache.commons:commons-lang3:jar:3.13.0:compile (version managed from 3.13.0)
[DEBUG]                io.swagger.core.v3:swagger-annotations-jakarta:jar:2.2.19:compile
[DEBUG]                io.swagger.core.v3:swagger-models-jakarta:jar:2.2.19:compile
[DEBUG]                com.fasterxml.jackson.dataformat:jackson-dataformat-yaml:jar:2.15.4:compile (version managed from 2.15.2)
[DEBUG]       org.webjars:swagger-ui:jar:5.10.3:compile
[DEBUG]    com.github.xiaoymin:knife4j-openapi3-jakarta-spring-boot-starter:jar:4.4.0:compile
[DEBUG]       com.github.xiaoymin:knife4j-core:jar:4.4.0:compile
[DEBUG]       com.github.xiaoymin:knife4j-openapi3-ui:jar:4.4.0:compile
[DEBUG]    com.alibaba:fastjson:jar:2.0.47:compile
[DEBUG]       com.alibaba.fastjson2:fastjson2-extension:jar:2.0.47:compile
[DEBUG]          com.alibaba.fastjson2:fastjson2:jar:2.0.47:compile
[DEBUG]    net.coobird:thumbnailator:jar:0.4.20:compile
[DEBUG]    com.google.guava:guava:jar:33.0.0-jre:compile
[DEBUG]       com.google.guava:failureaccess:jar:1.0.2:compile
[DEBUG]       com.google.guava:listenablefuture:jar:9999.0-empty-to-avoid-conflict-with-guava:compile
[DEBUG]       com.google.code.findbugs:jsr305:jar:3.0.2:compile
[DEBUG]       org.checkerframework:checker-qual:jar:3.41.0:compile
[DEBUG]       com.google.errorprone:error_prone_annotations:jar:2.23.0:compile
[DEBUG]       com.google.j2objc:j2objc-annotations:jar:2.8:compile
[DEBUG]    org.springframework.boot:spring-boot-autoconfigure:jar:3.2.3:compile
[DEBUG]       org.springframework.boot:spring-boot:jar:3.2.3:compile (version managed from 3.2.3)
[DEBUG]          org.springframework:spring-context:jar:6.1.4:compile (version managed from 6.1.4)
[DEBUG]    com.github.lianjiatech:retrofit-spring-boot-starter:jar:2.3.7:compile
[DEBUG]       com.squareup.retrofit2:retrofit:jar:2.9.0:compile
[DEBUG]       com.squareup.retrofit2:converter-jackson:jar:2.9.0:compile
[DEBUG]       javax.annotation:javax.annotation-api:jar:1.3.2:compile
[DEBUG]       com.squareup.okhttp3:logging-interceptor:jar:4.12.0:compile (version managed from 3.14.9)
[DEBUG]    jakarta.servlet:jakarta.servlet-api:jar:6.0.0:compile
[DEBUG]    jakarta.annotation:jakarta.annotation-api:jar:2.1.1:compile
[DEBUG]    org.springframework.boot:spring-boot-starter-cache:jar:3.2.3:compile
[DEBUG]       org.springframework:spring-context-support:jar:6.1.4:compile (version managed from 6.1.4)
[DEBUG]          org.springframework:spring-beans:jar:6.1.4:compile (version managed from 6.1.4)
[DEBUG]    com.github.ben-manes.caffeine:caffeine:jar:3.1.8:compile
[DEBUG]    net.logstash.logback:logstash-logback-encoder:jar:7.3:compile
[DEBUG]    io.micrometer:micrometer-core:jar:1.12.3:compile
[DEBUG]       io.micrometer:micrometer-commons:jar:1.12.3:compile (version managed from 1.12.3)
[DEBUG]       io.micrometer:micrometer-observation:jar:1.12.3:compile (version managed from 1.12.3)
[DEBUG]       org.hdrhistogram:HdrHistogram:jar:2.1.12:runtime
[DEBUG]       org.latencyutils:LatencyUtils:jar:2.0.3:runtime
[DEBUG]    org.springframework.boot:spring-boot-starter-test:jar:3.2.3:test
[DEBUG]       org.springframework.boot:spring-boot-test:jar:3.2.3:test (version managed from 3.2.3)
[DEBUG]       org.springframework.boot:spring-boot-test-autoconfigure:jar:3.2.3:test (version managed from 3.2.3)
[DEBUG]       com.jayway.jsonpath:json-path:jar:2.9.0:test (version managed from 2.9.0)
[DEBUG]       jakarta.xml.bind:jakarta.xml.bind-api:jar:4.0.1:compile (version managed from 4.0.1)
[DEBUG]          jakarta.activation:jakarta.activation-api:jar:2.1.2:compile (version managed from 2.1.2)
[DEBUG]       net.minidev:json-smart:jar:2.5.0:test (version managed from 2.5.0)
[DEBUG]          net.minidev:accessors-smart:jar:2.5.0:test
[DEBUG]             org.ow2.asm:asm:jar:9.3:test
[DEBUG]       org.assertj:assertj-core:jar:3.24.2:test (version managed from 3.24.2)
[DEBUG]       org.awaitility:awaitility:jar:4.2.0:test (version managed from 4.2.0)
[DEBUG]       org.hamcrest:hamcrest:jar:2.2:test (version managed from 2.2)
[DEBUG]       org.junit.jupiter:junit-jupiter:jar:5.10.2:test (version managed from 5.10.2)
[DEBUG]          org.junit.jupiter:junit-jupiter-params:jar:5.10.2:test (version managed from 5.10.2)
[DEBUG]       org.skyscreamer:jsonassert:jar:1.5.1:test (version managed from 1.5.1)
[DEBUG]          com.vaadin.external.google:android-json:jar:0.0.20131108.vaadin1:test
[DEBUG]       org.springframework:spring-core:jar:6.1.4:compile (version managed from 6.1.4)
[DEBUG]          org.springframework:spring-jcl:jar:6.1.4:compile (version managed from 6.1.4)
[DEBUG]       org.springframework:spring-test:jar:6.1.4:test (version managed from 6.1.4)
[DEBUG]       org.xmlunit:xmlunit-core:jar:2.9.1:test (version managed from 2.9.1)
[DEBUG]    org.junit.jupiter:junit-jupiter-api:jar:5.10.2:test
[DEBUG]       org.opentest4j:opentest4j:jar:1.3.0:test
[DEBUG]       org.junit.platform:junit-platform-commons:jar:1.10.2:test (version managed from 1.10.2)
[DEBUG]       org.apiguardian:apiguardian-api:jar:1.1.2:test
[DEBUG]    org.junit.jupiter:junit-jupiter-engine:jar:5.10.2:test
[DEBUG]       org.junit.platform:junit-platform-engine:jar:1.10.2:test (version managed from 1.10.2)
[DEBUG]    org.mockito:mockito-core:jar:5.7.0:test
[DEBUG]       net.bytebuddy:byte-buddy:jar:1.14.12:test (version managed from 1.14.9)
[DEBUG]       net.bytebuddy:byte-buddy-agent:jar:1.14.12:test (version managed from 1.14.9)
[DEBUG]       org.objenesis:objenesis:jar:3.3:test
[DEBUG]    org.mockito:mockito-junit-jupiter:jar:5.7.0:test
[DEBUG]    org.springframework.boot:spring-boot-starter-web:jar:3.2.3:compile
[DEBUG]       org.springframework.boot:spring-boot-starter-json:jar:3.2.3:compile (version managed from 3.2.3)
[DEBUG]          com.fasterxml.jackson.datatype:jackson-datatype-jdk8:jar:2.15.4:compile (version managed from 2.15.4)
[DEBUG]          com.fasterxml.jackson.datatype:jackson-datatype-jsr310:jar:2.15.4:compile (version managed from 2.15.4)
[DEBUG]          com.fasterxml.jackson.module:jackson-module-parameter-names:jar:2.15.4:compile (version managed from 2.15.4)
[DEBUG]       org.springframework.boot:spring-boot-starter-tomcat:jar:3.2.3:compile (version managed from 3.2.3)
[DEBUG]          org.apache.tomcat.embed:tomcat-embed-core:jar:10.1.19:compile (version managed from 10.1.19)
[DEBUG]          org.apache.tomcat.embed:tomcat-embed-websocket:jar:10.1.19:compile (version managed from 10.1.19)
[DEBUG]       org.springframework:spring-web:jar:6.1.4:compile (version managed from 6.1.4)
[DEBUG]       org.springframework:spring-webmvc:jar:6.1.4:compile (version managed from 6.1.4)
[DEBUG]          org.springframework:spring-expression:jar:6.1.4:compile (version managed from 6.1.4)
[DEBUG]    org.springframework.boot:spring-boot-starter-logging:jar:3.2.3:compile
[DEBUG]       ch.qos.logback:logback-classic:jar:1.4.14:compile (version managed from 1.4.14)
[DEBUG]          ch.qos.logback:logback-core:jar:1.4.14:compile (version managed from 1.4.14)
[DEBUG]       org.apache.logging.log4j:log4j-to-slf4j:jar:2.21.1:compile (version managed from 2.21.1)
[DEBUG]          org.apache.logging.log4j:log4j-api:jar:2.21.1:compile (version managed from 2.21.1)
[DEBUG]       org.slf4j:jul-to-slf4j:jar:2.0.12:compile (version managed from 2.0.12)
[DEBUG]    org.projectlombok:lombok:jar:1.18.30:compile (optional)
[DEBUG]    org.springframework.boot:spring-boot-starter-validation:jar:3.2.3:compile
[DEBUG]       org.apache.tomcat.embed:tomcat-embed-el:jar:10.1.19:compile (version managed from 10.1.19)
[DEBUG]       org.hibernate.validator:hibernate-validator:jar:8.0.1.Final:compile (version managed from 8.0.1.Final)
[DEBUG]          jakarta.validation:jakarta.validation-api:jar:3.0.2:compile (version managed from 3.0.2)
[DEBUG]          org.jboss.logging:jboss-logging:jar:3.5.3.Final:compile (version managed from 3.4.3.Final)
[DEBUG]          com.fasterxml:classmate:jar:1.6.0:compile (version managed from 1.5.1)
[DEBUG]    org.springframework.boot:spring-boot-starter-security:jar:3.2.3:compile
[DEBUG]       org.springframework:spring-aop:jar:6.1.4:compile (version managed from 6.1.4)
[DEBUG]       org.springframework.security:spring-security-config:jar:6.2.2:compile (version managed from 6.2.2)
[DEBUG]          org.springframework.security:spring-security-core:jar:6.2.2:compile (version managed from 6.2.2)
[DEBUG]             org.springframework.security:spring-security-crypto:jar:6.2.2:compile (version managed from 6.2.2)
[DEBUG]       org.springframework.security:spring-security-web:jar:6.2.2:compile (version managed from 6.2.2)
[INFO] 
[INFO] --- clean:3.3.2:clean (default-clean) @ chy-boot-common ---
[DEBUG] Dependency collection stats {ConflictMarker.analyzeTime=104600, ConflictMarker.markTime=94200, ConflictMarker.nodeCount=2, ConflictIdSorter.graphTime=45200, ConflictIdSorter.topsortTime=9000, ConflictIdSorter.conflictIdCount=2, ConflictIdSorter.conflictIdCycleCount=0, ConflictResolver.totalTime=129300, ConflictResolver.conflictItemCount=2, DfDependencyCollector.collectTime=9118100, DfDependencyCollector.transformTime=400500}
[DEBUG] org.apache.maven.plugins:maven-clean-plugin:jar:3.3.2
[DEBUG]    org.codehaus.plexus:plexus-utils:jar:4.0.0:compile
[DEBUG] Created new class realm plugin>org.apache.maven.plugins:maven-clean-plugin:3.3.2
[DEBUG] Importing foreign packages into class realm plugin>org.apache.maven.plugins:maven-clean-plugin:3.3.2
[DEBUG]   Imported:  < maven.api
[DEBUG] Populating class realm plugin>org.apache.maven.plugins:maven-clean-plugin:3.3.2
[DEBUG]   Included: org.apache.maven.plugins:maven-clean-plugin:jar:3.3.2
[DEBUG]   Included: org.codehaus.plexus:plexus-utils:jar:4.0.0
[DEBUG] Loading mojo org.apache.maven.plugins:maven-clean-plugin:3.3.2:clean from plugin realm ClassRealm[plugin>org.apache.maven.plugins:maven-clean-plugin:3.3.2, parent: jdk.internal.loader.ClassLoaders$AppClassLoader@70dea4e]
[DEBUG] Configuring mojo execution 'org.apache.maven.plugins:maven-clean-plugin:3.3.2:clean:default-clean' with basic configurator -->
[DEBUG]   (f) directory = D:\code\github.com\yuruizhi\chy-boot\chy-boot-common\target
[DEBUG]   (f) excludeDefaultDirectories = false
[DEBUG]   (f) failOnError = true
[DEBUG]   (f) fast = false
[DEBUG]   (f) fastMode = background
[DEBUG]   (f) followSymLinks = false
[DEBUG]   (f) outputDirectory = D:\code\github.com\yuruizhi\chy-boot\chy-boot-common\target\classes
[DEBUG]   (f) reportDirectory = D:\code\github.com\yuruizhi\chy-boot\chy-boot-common\target\classes
[DEBUG]   (f) retryOnError = true
[DEBUG]   (f) session = org.apache.maven.execution.MavenSession@4eb166a1
[DEBUG]   (f) skip = false
[DEBUG]   (f) testOutputDirectory = D:\code\github.com\yuruizhi\chy-boot\chy-boot-common\target\test-classes
[DEBUG] -- end configuration --
[INFO] Deleting D:\code\github.com\yuruizhi\chy-boot\chy-boot-common\target
[INFO] Deleting file D:\code\github.com\yuruizhi\chy-boot\chy-boot-common\target\maven-status\maven-compiler-plugin\compile\default-compile\inputFiles.lst
[INFO] Deleting file D:\code\github.com\yuruizhi\chy-boot\chy-boot-common\target\maven-status\maven-compiler-plugin\compile\default-compile\createdFiles.lst
[INFO] Deleting directory D:\code\github.com\yuruizhi\chy-boot\chy-boot-common\target\maven-status\maven-compiler-plugin\compile\default-compile
[INFO] Deleting directory D:\code\github.com\yuruizhi\chy-boot\chy-boot-common\target\maven-status\maven-compiler-plugin\compile
[INFO] Deleting directory D:\code\github.com\yuruizhi\chy-boot\chy-boot-common\target\maven-status\maven-compiler-plugin
[INFO] Deleting directory D:\code\github.com\yuruizhi\chy-boot\chy-boot-common\target\maven-status
[INFO] Deleting directory D:\code\github.com\yuruizhi\chy-boot\chy-boot-common\target\generated-sources\annotations
[INFO] Deleting directory D:\code\github.com\yuruizhi\chy-boot\chy-boot-common\target\generated-sources
[INFO] Deleting file D:\code\github.com\yuruizhi\chy-boot\chy-boot-common\target\classes\META-INF\spring.factories
[INFO] Deleting directory D:\code\github.com\yuruizhi\chy-boot\chy-boot-common\target\classes\META-INF
[INFO] Deleting directory D:\code\github.com\yuruizhi\chy-boot\chy-boot-common\target\classes
[INFO] Deleting directory D:\code\github.com\yuruizhi\chy-boot\chy-boot-common\target
[DEBUG] Skipping non-existing directory D:\code\github.com\yuruizhi\chy-boot\chy-boot-common\target\classes
[DEBUG] Skipping non-existing directory D:\code\github.com\yuruizhi\chy-boot\chy-boot-common\target\test-classes
[DEBUG] Skipping non-existing directory D:\code\github.com\yuruizhi\chy-boot\chy-boot-common\target\classes
[INFO] 
[INFO] --- jacoco:0.8.10:prepare-agent (default-prepare-agent) @ chy-boot-common ---
[DEBUG] Using mirror central-repo (https://repo.maven.apache.org/maven2) for central (http://repo1.maven.org/maven2).
[DEBUG] Dependency collection stats {ConflictMarker.analyzeTime=79900, ConflictMarker.markTime=34500, ConflictMarker.nodeCount=38, ConflictIdSorter.graphTime=82000, ConflictIdSorter.topsortTime=20800, ConflictIdSorter.conflictIdCount=21, ConflictIdSorter.conflictIdCycleCount=0, ConflictResolver.totalTime=310600, ConflictResolver.conflictItemCount=34, DfDependencyCollector.collectTime=103575500, DfDependencyCollector.transformTime=552800}
[DEBUG] org.jacoco:jacoco-maven-plugin:jar:0.8.10
[DEBUG]    org.codehaus.plexus:plexus-utils:jar:3.0.24:compile
[DEBUG]    org.apache.maven.shared:file-management:jar:1.2.1:compile
[DEBUG]       org.apache.maven:maven-plugin-api:jar:2.0.6:compile
[DEBUG]       org.apache.maven.shared:maven-shared-io:jar:1.1:compile
[DEBUG]          org.apache.maven:maven-artifact:jar:2.0.2:compile
[DEBUG]          org.apache.maven:maven-artifact-manager:jar:2.0.2:compile
[DEBUG]             org.apache.maven:maven-repository-metadata:jar:2.0.2:compile
[DEBUG]          org.apache.maven.wagon:wagon-provider-api:jar:1.0-alpha-6:compile
[DEBUG]       org.codehaus.plexus:plexus-container-default:jar:1.0-alpha-9:compile
[DEBUG]          junit:junit:jar:4.13.1:compile (version managed from default)
[DEBUG]             org.hamcrest:hamcrest-core:jar:1.3:compile
[DEBUG]          classworlds:classworlds:jar:1.1-alpha-2:compile
[DEBUG]    org.apache.maven.reporting:maven-reporting-api:jar:3.0:compile
[DEBUG]       org.apache.maven.doxia:doxia-sink-api:jar:1.0:compile
[DEBUG]    org.jacoco:org.jacoco.agent:jar:runtime:0.8.10:compile
[DEBUG]    org.jacoco:org.jacoco.core:jar:0.8.10:compile
[DEBUG]       org.ow2.asm:asm:jar:9.5:compile (version managed from default)
[DEBUG]       org.ow2.asm:asm-commons:jar:9.5:compile (version managed from default)
[DEBUG]       org.ow2.asm:asm-tree:jar:9.5:compile (version managed from default)
[DEBUG]    org.jacoco:org.jacoco.report:jar:0.8.10:compile
[DEBUG] Created new class realm plugin>org.jacoco:jacoco-maven-plugin:0.8.10
[DEBUG] Importing foreign packages into class realm plugin>org.jacoco:jacoco-maven-plugin:0.8.10
[DEBUG]   Imported:  < maven.api
[DEBUG] Populating class realm plugin>org.jacoco:jacoco-maven-plugin:0.8.10
[DEBUG]   Included: org.jacoco:jacoco-maven-plugin:jar:0.8.10
[DEBUG]   Included: org.codehaus.plexus:plexus-utils:jar:3.0.24
[DEBUG]   Included: org.apache.maven.shared:file-management:jar:1.2.1
[DEBUG]   Included: org.apache.maven.shared:maven-shared-io:jar:1.1
[DEBUG]   Included: junit:junit:jar:4.13.1
[DEBUG]   Included: org.hamcrest:hamcrest-core:jar:1.3
[DEBUG]   Included: org.apache.maven.reporting:maven-reporting-api:jar:3.0
[DEBUG]   Included: org.apache.maven.doxia:doxia-sink-api:jar:1.0
[DEBUG]   Included: org.jacoco:org.jacoco.agent:jar:runtime:0.8.10
[DEBUG]   Included: org.jacoco:org.jacoco.core:jar:0.8.10
[DEBUG]   Included: org.ow2.asm:asm:jar:9.5
[DEBUG]   Included: org.ow2.asm:asm-commons:jar:9.5
[DEBUG]   Included: org.ow2.asm:asm-tree:jar:9.5
[DEBUG]   Included: org.jacoco:org.jacoco.report:jar:0.8.10
[DEBUG] Loading mojo org.jacoco:jacoco-maven-plugin:0.8.10:prepare-agent from plugin realm ClassRealm[plugin>org.jacoco:jacoco-maven-plugin:0.8.10, parent: jdk.internal.loader.ClassLoaders$AppClassLoader@70dea4e]
[DEBUG] Configuring mojo execution 'org.jacoco:jacoco-maven-plugin:0.8.10:prepare-agent:default-prepare-agent' with basic configurator -->
[DEBUG]   (f) destFile = D:\code\github.com\yuruizhi\chy-boot\chy-boot-common\target\jacoco.exec
[DEBUG]   (f) pluginArtifactMap = {org.jacoco:jacoco-maven-plugin=org.jacoco:jacoco-maven-plugin:maven-plugin:0.8.10:, org.codehaus.plexus:plexus-utils=org.codehaus.plexus:plexus-utils:jar:3.0.24:compile, org.apache.maven.shared:file-management=org.apache.maven.shared:file-management:jar:1.2.1:compile, org.apache.maven:maven-plugin-api=org.apache.maven:maven-plugin-api:jar:2.0.6:compile, org.apache.maven.shared:maven-shared-io=org.apache.maven.shared:maven-shared-io:jar:1.1:compile, org.apache.maven:maven-artifact=org.apache.maven:maven-artifact:jar:2.0.2:compile, org.apache.maven:maven-artifact-manager=org.apache.maven:maven-artifact-manager:jar:2.0.2:compile, org.apache.maven:maven-repository-metadata=org.apache.maven:maven-repository-metadata:jar:2.0.2:compile, org.apache.maven.wagon:wagon-provider-api=org.apache.maven.wagon:wagon-provider-api:jar:1.0-alpha-6:compile, org.codehaus.plexus:plexus-container-default=org.codehaus.plexus:plexus-container-default:jar:1.0-alpha-9:compile, junit:junit=junit:junit:jar:4.13.1:compile, org.hamcrest:hamcrest-core=org.hamcrest:hamcrest-core:jar:1.3:compile, classworlds:classworlds=classworlds:classworlds:jar:1.1-alpha-2:compile, org.apache.maven.reporting:maven-reporting-api=org.apache.maven.reporting:maven-reporting-api:jar:3.0:compile, org.apache.maven.doxia:doxia-sink-api=org.apache.maven.doxia:doxia-sink-api:jar:1.0:compile, org.jacoco:org.jacoco.agent=org.jacoco:org.jacoco.agent:jar:runtime:0.8.10:compile, org.jacoco:org.jacoco.core=org.jacoco:org.jacoco.core:jar:0.8.10:compile, org.ow2.asm:asm=org.ow2.asm:asm:jar:9.5:compile, org.ow2.asm:asm-commons=org.ow2.asm:asm-commons:jar:9.5:compile, org.ow2.asm:asm-tree=org.ow2.asm:asm-tree:jar:9.5:compile, org.jacoco:org.jacoco.report=org.jacoco:org.jacoco.report:jar:0.8.10:compile}
[DEBUG]   (f) project = MavenProject: com.chy:chy-boot-common:1.0-SNAPSHOT @ D:\code\github.com\yuruizhi\chy-boot\chy-boot-common\pom.xml
[DEBUG]   (f) skip = false
[DEBUG] -- end configuration --
[INFO] argLine set to -javaagent:C:\\Users\\pc\\.m2\\repository\\org\\jacoco\\org.jacoco.agent\\0.8.10\\org.jacoco.agent-0.8.10-runtime.jar=destfile=D:\\code\\github.com\\yuruizhi\\chy-boot\\chy-boot-common\\target\\jacoco.exec
[INFO] 
[INFO] --- resources:3.3.1:resources (default-resources) @ chy-boot-common ---
[DEBUG] Dependency collection stats {ConflictMarker.analyzeTime=26100, ConflictMarker.markTime=16200, ConflictMarker.nodeCount=13, ConflictIdSorter.graphTime=7000, ConflictIdSorter.topsortTime=9600, ConflictIdSorter.conflictIdCount=9, ConflictIdSorter.conflictIdCycleCount=0, ConflictResolver.totalTime=93900, ConflictResolver.conflictItemCount=13, DfDependencyCollector.collectTime=50760500, DfDependencyCollector.transformTime=165700}
[DEBUG] org.apache.maven.plugins:maven-resources-plugin:jar:3.3.1
[DEBUG]    org.codehaus.plexus:plexus-interpolation:jar:1.26:runtime
[DEBUG]    org.codehaus.plexus:plexus-utils:jar:3.5.1:compile
[DEBUG]    org.apache.maven.shared:maven-filtering:jar:3.3.1:compile
[DEBUG]       javax.inject:javax.inject:jar:1:compile
[DEBUG]       org.slf4j:slf4j-api:jar:1.7.36:compile
[DEBUG]       org.sonatype.plexus:plexus-build-api:jar:0.0.7:compile
[DEBUG]    commons-io:commons-io:jar:2.11.0:compile
[DEBUG]    org.apache.commons:commons-lang3:jar:3.12.0:compile
[DEBUG] Created new class realm plugin>org.apache.maven.plugins:maven-resources-plugin:3.3.1
[DEBUG] Importing foreign packages into class realm plugin>org.apache.maven.plugins:maven-resources-plugin:3.3.1
[DEBUG]   Imported:  < maven.api
[DEBUG] Populating class realm plugin>org.apache.maven.plugins:maven-resources-plugin:3.3.1
[DEBUG]   Included: org.apache.maven.plugins:maven-resources-plugin:jar:3.3.1
[DEBUG]   Included: org.codehaus.plexus:plexus-interpolation:jar:1.26
[DEBUG]   Included: org.codehaus.plexus:plexus-utils:jar:3.5.1
[DEBUG]   Included: org.apache.maven.shared:maven-filtering:jar:3.3.1
[DEBUG]   Included: org.sonatype.plexus:plexus-build-api:jar:0.0.7
[DEBUG]   Included: commons-io:commons-io:jar:2.11.0
[DEBUG]   Included: org.apache.commons:commons-lang3:jar:3.12.0
[DEBUG] Loading mojo org.apache.maven.plugins:maven-resources-plugin:3.3.1:resources from plugin realm ClassRealm[plugin>org.apache.maven.plugins:maven-resources-plugin:3.3.1, parent: jdk.internal.loader.ClassLoaders$AppClassLoader@70dea4e]
[DEBUG] Configuring mojo execution 'org.apache.maven.plugins:maven-resources-plugin:3.3.1:resources:default-resources' with basic configurator -->
[DEBUG]   (f) addDefaultExcludes = true
[DEBUG]   (f) buildFilters = []
[DEBUG]   (s) delimiters = [@]
[DEBUG]   (f) encoding = UTF-8
[DEBUG]   (f) escapeWindowsPaths = true
[DEBUG]   (f) fileNameFiltering = false
[DEBUG]   (s) includeEmptyDirs = false
[DEBUG]   (s) outputDirectory = D:\code\github.com\yuruizhi\chy-boot\chy-boot-common\target\classes
[DEBUG]   (s) overwrite = false
[DEBUG]   (f) project = MavenProject: com.chy:chy-boot-common:1.0-SNAPSHOT @ D:\code\github.com\yuruizhi\chy-boot\chy-boot-common\pom.xml
[DEBUG]   (f) propertiesEncoding = UTF-8
[DEBUG]   (s) resources = [Resource {targetPath: null, filtering: true, FileSet {directory: D:\code\github.com\yuruizhi\chy-boot\chy-boot-common\src\main\resources, PatternSet [includes: {**/application*.yml, **/application*.yaml, **/application*.properties}, excludes: {}]}}, Resource {targetPath: null, filtering: false, FileSet {directory: D:\code\github.com\yuruizhi\chy-boot\chy-boot-common\src\main\resources, PatternSet [includes: {}, excludes: {**/application*.yml, **/application*.yaml, **/application*.properties}]}}]
[DEBUG]   (f) session = org.apache.maven.execution.MavenSession@4eb166a1
[DEBUG]   (f) skip = false
[DEBUG]   (f) supportMultiLineFiltering = false
[DEBUG]   (f) useBuildFilters = true
[DEBUG]   (s) useDefaultDelimiters = false
[DEBUG] -- end configuration --
[DEBUG] properties used:
[DEBUG] activemq.version: 5.18.3
[DEBUG] angus-mail.version: 2.0.2
[DEBUG] argLine: -javaagent:C:\\Users\\pc\\.m2\\repository\\org\\jacoco\\org.jacoco.agent\\0.8.10\\org.jacoco.agent-0.8.10-runtime.jar=destfile=D:\\code\\github.com\\yuruizhi\\chy-boot\\chy-boot-common\\target\\jacoco.exec
[DEBUG] artemis.version: 2.31.2
[DEBUG] aspectj.version: 1.9.21
[DEBUG] assertj.version: 3.24.2
[DEBUG] awaitility.version: 4.2.0
[DEBUG] brave.version: 5.16.0
[DEBUG] build-helper-maven-plugin.version: 3.4.0
[DEBUG] byte-buddy.version: 1.14.12
[DEBUG] cache2k.version: 2.6.1.Final
[DEBUG] caffeine.version: 3.1.8
[DEBUG] cassandra-driver.version: 4.17.0
[DEBUG] classmate.version: 1.6.0
[DEBUG] classworlds.conf: D:\tools\apache-maven-3.9.8\bin\m2.conf
[DEBUG] commons-codec.version: 1.16.1
[DEBUG] commons-dbcp2.version: 2.10.0
[DEBUG] commons-lang3.version: 3.13.0
[DEBUG] commons-pool.version: 1.6
[DEBUG] commons-pool2.version: 2.12.0
[DEBUG] couchbase-client.version: 3.4.11
[DEBUG] crac.version: 1.4.0
[DEBUG] db2-jdbc.version: 11.5.9.0
[DEBUG] dependency-management-plugin.version: 1.1.4
[DEBUG] derby.version: 10.16.1.1
[DEBUG] dropwizard-metrics.version: 4.2.25
[DEBUG] druid-spring-boot-starter.version: 1.2.21
[DEBUG] dynamic-datasource-spring-boot-starter.version: 4.2.0
[DEBUG] ehcache3.version: 3.10.8
[DEBUG] elasticsearch-client.version: 8.10.4
[DEBUG] env.=D:: D:\code\github.com\yuruizhi\chy-boot
[DEBUG] env.ALLUSERSPROFILE: C:\ProgramData
[DEBUG] env.APPDATA: C:\Users\pc\AppData\Roaming
[DEBUG] env.CHROME_CRASHPAD_PIPE_NAME: \\.\pipe\crashpad_7936_MZJXYMAOTMQIXDLQ
[DEBUG] env.CLASSPATH: .;C:\Program Files\Java\jdk-17\lib
[DEBUG] env.CLASSWORLDS_JAR: "D:\tools\apache-maven-3.9.8\boot\plexus-classworlds-2.8.0.jar"
[DEBUG] env.CLASSWORLDS_LAUNCHER: org.codehaus.plexus.classworlds.launcher.Launcher
[DEBUG] env.COLORTERM: truecolor
[DEBUG] env.COMMONPROGRAMFILES: C:\Program Files\Common Files
[DEBUG] env.COMMONPROGRAMFILES(X86): C:\Program Files (x86)\Common Files
[DEBUG] env.COMMONPROGRAMW6432: C:\Program Files\Common Files
[DEBUG] env.COMPUTERNAME: YURUIZHI
[DEBUG] env.COMSPEC: C:\WINDOWS\system32\cmd.exe
[DEBUG] env.CPOLAR_HOME: C:\Program Files\cpolar\
[DEBUG] env.CURSOR_TRACE_ID: 03ffcf6bbec94d6da2e49b5ee8ec7ad3
[DEBUG] env.DRIVERDATA: C:\Windows\System32\Drivers\DriverData
[DEBUG] env.ERROR_CODE: 0
[DEBUG] env.EXEC_DIR: D:\code\github.com\yuruizhi\chy-boot
[DEBUG] env.GIT_ASKPASS: c:\Users\pc\AppData\Local\Programs\cursor\resources\app\extensions\git\dist\askpass.sh
[DEBUG] env.HOMEDRIVE: C:
[DEBUG] env.HOMEPATH: \Users\pc
[DEBUG] env.IGCCSVC_DB: AQAAANCMnd8BFdERjHoAwE/Cl+sBAAAA8BNlBEC9+k23935x3Fu4FQQAAAACAAAAAAAQZgAAAAEAACAAAADRr+q5UuWjcNcWF2GvD9hjJh52/FcOOT+EJsAl87HQ4QAAAAAOgAAAAAIAACAAAACd6MD3qdj/Tya36dAmEq4Bs1ZZa0x94kF59ElqpU4UBGAAAACh6vZ99ZVhSF4QyHX9tcvCgNmXULMH+W7dzhTRUSAOYRB6yzGA5jUeAvds1FeVL6M+O1Z/+BtftPnMhkTXOP59Ro940iQGgjLmRdafM83duKfL1Fc464q+CCx1nibMAthAAAAAdIQTMrxWYcuMzdkuZtuzzim+H4UiAm24xRG6jPCDK/1zCNeFDL1Og0erHAuOT0b5vNjvkqbPlCbhnPwE/LRdWg==
[DEBUG] env.INTELLIJ IDEA: C:\Program Files\JetBrains\IntelliJ IDEA 2024.3.4\bin;
[DEBUG] env.JAVA17_HOME: C:\Program Files\Java\jdk-17
[DEBUG] env.JAVA8_HOME: C:\Program Files\Java\jdk-1.8
[DEBUG] env.JAVACMD: C:\Program Files\Java\jdk-17\bin\java.exe
[DEBUG] env.JAVA_HOME: C:\Program Files\Java\jdk-17
[DEBUG] env.JVMCONFIG: \.mvn\jvm.config
[DEBUG] env.LANG: en_US.UTF-8
[DEBUG] env.LOCALAPPDATA: C:\Users\pc\AppData\Local
[DEBUG] env.LOGONSERVER: \\YURUIZHI
[DEBUG] env.MAVEN_CMD_LINE_ARGS: -pl chy-boot-common clean compile -X
[DEBUG] env.MAVEN_HOME: D:\tools\apache-maven-3.9.8
[DEBUG] env.MAVEN_PROJECTBASEDIR: D:\code\github.com\yuruizhi\chy-boot
[DEBUG] env.NUMBER_OF_PROCESSORS: 8
[DEBUG] env.NVM_HOME: C:\Users\pc\AppData\Roaming\nvm
[DEBUG] env.NVM_SYMLINK: C:\Program Files\nodejs
[DEBUG] env.OLLAMA_MODELS: D:\tools\ollama_models
[DEBUG] env.ONEDRIVE: D:\OneDrive
[DEBUG] env.ONEDRIVECONSUMER: D:\OneDrive
[DEBUG] env.ONLINESERVICES: Online Services
[DEBUG] env.ORIGINAL_XDG_CURRENT_DESKTOP: undefined
[DEBUG] env.OS: Windows_NT
[DEBUG] env.PATH: C:\Program Files\PowerShell\7;C:\Program Files\Java\jdk-17\bin;C:\Program Files\Common Files\Oracle\Java\javapath;C:\WINDOWS\system32;C:\WINDOWS;C:\WINDOWS\System32\Wbem;C:\WINDOWS\System32\WindowsPowerShell\v1.0\;C:\WINDOWS\System32\OpenSSH\;C:\Program Files\Java\jdk-17\bin;C:\Program Files\Java\jdk-17\jre\bin;D:\tools\apache-maven-3.9.8\bin;C:\Program Files\dotnet\;C:\Program Files (x86)\Tencent\微信web开发者工具\dll;C:\Use;s\pc\AppData\Roaming\nvm;C:\Program Files\nodejs;c:\Users\pc\AppData\Local\Programs\cursor\resources\app\bin;C:\Program Files\PowerShell\7\;C:\Program Files\Docker\Docker\resources\bin;C:\Program Files\Git\cmd;C:\Users\pc\scoop\shims;C:\Users\pc\AppData\Local\Microsoft\WindowsApps;C:\Program Files\JetBrains\IntelliJ IDEA 2024.3.4\bin;C:\Users\pc\AppData\Local\Programs\Ollama;C:\Users\pc\AppData\Roaming\npm;C:\Program Files\JetBrains\WebStorm 2024.3\bin;C:\Users\pc\AppData\Roaming\nvm;C:\Users\pc\AppData\Local\Programs\Microsoft VS Code\bin;C:\Program Files\cpolar\;C:\Users\pc\AppData\Local\Programs\cursor\resources\app\bin;C:\Users\pc\scoop\shims
[DEBUG] env.PATHEXT: .COM;.EXE;.BAT;.CMD;.VBS;.VBE;.JS;.JSE;.WSF;.WSH;.MSC;.CPL
[DEBUG] env.PLATFORMCODE: AN
[DEBUG] env.POWERSHELL_DISTRIBUTION_CHANNEL: MSI:Windows 10 Pro
[DEBUG] env.PROCESSOR_ARCHITECTURE: AMD64
[DEBUG] env.PROCESSOR_IDENTIFIER: Intel64 Family 6 Model 140 Stepping 1, GenuineIntel
[DEBUG] env.PROCESSOR_LEVEL: 6
[DEBUG] env.PROCESSOR_REVISION: 8c01
[DEBUG] env.PROGRAMDATA: C:\ProgramData
[DEBUG] env.PROGRAMFILES: C:\Program Files
[DEBUG] env.PROGRAMFILES(X86): C:\Program Files (x86)
[DEBUG] env.PROGRAMW6432: C:\Program Files
[DEBUG] env.PROMPT: $P$G
[DEBUG] env.PSMODULEPATH: C:\Users\pc\Documents\PowerShell\Modules;C:\Program Files\PowerShell\Modules;c:\program files\powershell\7\Modules;C:\Program Files\WindowsPowerShell\Modules;C:\WINDOWS\system32\WindowsPowerShell\v1.0\Modules
[DEBUG] env.PUBLIC: C:\Users\Public
[DEBUG] env.REGIONCODE: APJ
[DEBUG] env.SYSTEMDRIVE: C:
[DEBUG] env.SYSTEMROOT: C:\WINDOWS
[DEBUG] env.TEMP: C:\Users\pc\AppData\Local\Temp
[DEBUG] env.TERM_PROGRAM: vscode
[DEBUG] env.TERM_PROGRAM_VERSION: 0.47.5
[DEBUG] env.TMP: C:\Users\pc\AppData\Local\Temp
[DEBUG] env.USERDOMAIN: YURUIZHI
[DEBUG] env.USERDOMAIN_ROAMINGPROFILE: YURUIZHI
[DEBUG] env.USERNAME: pc
[DEBUG] env.USERPROFILE: C:\Users\pc
[DEBUG] env.VSCODE_GIT_ASKPASS_EXTRA_ARGS: 
[DEBUG] env.VSCODE_GIT_ASKPASS_MAIN: c:\Users\pc\AppData\Local\Programs\cursor\resources\app\extensions\git\dist\askpass-main.js
[DEBUG] env.VSCODE_GIT_ASKPASS_NODE: C:\Users\pc\AppData\Local\Programs\cursor\Cursor.exe
[DEBUG] env.VSCODE_GIT_IPC_HANDLE: \\.\pipe\vscode-git-818cdbb187-sock
[DEBUG] env.VSCODE_INJECTION: 1
[DEBUG] env.WDIR: D:\
[DEBUG] env.WEBSTORM: C:\Program Files\JetBrains\WebStorm 2024.3\bin;
[DEBUG] env.WINDIR: C:\WINDOWS
[DEBUG] env.WXDRIVE_START_ARGS: --wxdrive-setting=0 --disable-gpu --disable-software-rasterizer --enable-features=NetworkServiceInProcess
[DEBUG] env.ZES_ENABLE_SYSMAN: 1
[DEBUG] fastjson.version: 2.0.47
[DEBUG] file.encoding: GBK
[DEBUG] file.separator: \
[DEBUG] flyway.version: 9.22.3
[DEBUG] freemarker.version: 2.3.32
[DEBUG] git-commit-id-maven-plugin.version: 6.0.0
[DEBUG] glassfish-jaxb.version: 4.0.4
[DEBUG] glassfish-jstl.version: 3.0.1
[DEBUG] graphql-java.version: 21.3
[DEBUG] groovy.version: 4.0.18
[DEBUG] gson.version: 2.10.1
[DEBUG] guava.version: 33.0.0-jre
[DEBUG] h2.version: 2.2.224
[DEBUG] hamcrest.version: 2.2
[DEBUG] hazelcast.version: 5.3.6
[DEBUG] hibernate-validator.version: 8.0.1.Final
[DEBUG] hibernate.version: 6.4.4.Final
[DEBUG] hikaricp.version: 5.1.0
[DEBUG] hsqldb.version: 2.7.2
[DEBUG] htmlunit.version: 2.70.0
[DEBUG] httpasyncclient.version: 4.1.5
[DEBUG] httpclient5.version: 5.2.3
[DEBUG] httpcore.version: 4.4.16
[DEBUG] httpcore5.version: 5.2.4
[DEBUG] hutool-all.version: 5.8.26
[DEBUG] infinispan.version: 14.0.24.Final
[DEBUG] influxdb-java.version: 2.23
[DEBUG] jackson-bom.version: 2.15.4
[DEBUG] jakarta-activation.version: 2.1.2
[DEBUG] jakarta-annotation.version: 2.1.1
[DEBUG] jakarta-jms.version: 3.1.0
[DEBUG] jakarta-json-bind.version: 3.0.0
[DEBUG] jakarta-json.version: 2.1.3
[DEBUG] jakarta-mail.version: 2.1.2
[DEBUG] jakarta-management.version: 1.1.4
[DEBUG] jakarta-persistence.version: 3.1.0
[DEBUG] jakarta-servlet-jsp-jstl.version: 3.0.0
[DEBUG] jakarta-servlet.version: 6.0.0
[DEBUG] jakarta-transaction.version: 2.0.1
[DEBUG] jakarta-validation.version: 3.0.2
[DEBUG] jakarta-websocket.version: 2.1.1
[DEBUG] jakarta-ws-rs.version: 3.1.0
[DEBUG] jakarta-xml-bind.version: 4.0.1
[DEBUG] jakarta-xml-soap.version: 3.0.1
[DEBUG] jakarta-xml-ws.version: 4.0.1
[DEBUG] janino.version: 3.1.12
[DEBUG] java.class.path: D:\tools\apache-maven-3.9.8\boot\plexus-classworlds-2.8.0.jar
[DEBUG] java.class.version: 61.0
[DEBUG] java.home: C:\Program Files\Java\jdk-17
[DEBUG] java.io.tmpdir: C:\Users\pc\AppData\Local\Temp\
[DEBUG] java.library.path: C:\Program Files\Java\jdk-17\bin;C:\WINDOWS\Sun\Java\bin;C:\WINDOWS\system32;C:\WINDOWS;C:\Program Files\PowerShell\7;C:\Program Files\Java\jdk-17\bin;C:\Program Files\Common Files\Oracle\Java\javapath;C:\WINDOWS\system32;C:\WINDOWS;C:\WINDOWS\System32\Wbem;C:\WINDOWS\System32\WindowsPowerShell\v1.0\;C:\WINDOWS\System32\OpenSSH\;C:\Program Files\Java\jdk-17\bin;C:\Program Files\Java\jdk-17\jre\bin;D:\tools\apache-maven-3.9.8\bin;C:\Program Files\dotnet\;C:\Program Files (x86)\Tencent\微信web开发者工具\dll;C:\Use;s\pc\AppData\Roaming\nvm;C:\Program Files\nodejs;c:\Users\pc\AppData\Local\Programs\cursor\resources\app\bin;C:\Program Files\PowerShell\7\;C:\Program Files\Docker\Docker\resources\bin;C:\Program Files\Git\cmd;C:\Users\pc\scoop\shims;C:\Users\pc\AppData\Local\Microsoft\WindowsApps;C:\Program Files\JetBrains\IntelliJ IDEA 2024.3.4\bin;C:\Users\pc\AppData\Local\Programs\Ollama;C:\Users\pc\AppData\Roaming\npm;C:\Program Files\JetBrains\WebStorm 2024.3\bin;C:\Users\pc\AppData\Roaming\nvm;C:\Users\pc\AppData\Local\Programs\Microsoft VS Code\bin;C:\Program Files\cpolar\;C:\Users\pc\AppData\Local\Programs\cursor\resources\app\bin;C:\Users\pc\scoop\shims;.
[DEBUG] java.runtime.name: Java(TM) SE Runtime Environment
[DEBUG] java.runtime.version: 17.0.11+7-LTS-207
[DEBUG] java.specification.name: Java Platform API Specification
[DEBUG] java.specification.vendor: Oracle Corporation
[DEBUG] java.specification.version: 17
[DEBUG] java.vendor: Oracle Corporation
[DEBUG] java.vendor.url: https://java.oracle.com/
[DEBUG] java.vendor.url.bug: https://bugreport.java.com/bugreport/
[DEBUG] java.version: 17.0.11
[DEBUG] java.version.date: 2024-04-16
[DEBUG] java.vm.compressedOopsMode: Zero based
[DEBUG] java.vm.info: mixed mode, sharing
[DEBUG] java.vm.name: Java HotSpot(TM) 64-Bit Server VM
[DEBUG] java.vm.specification.name: Java Virtual Machine Specification
[DEBUG] java.vm.specification.vendor: Oracle Corporation
[DEBUG] java.vm.specification.version: 17
[DEBUG] java.vm.vendor: Oracle Corporation
[DEBUG] java.vm.version: 17.0.11+7-LTS-207
[DEBUG] javax-cache.version: 1.1.1
[DEBUG] javax-money.version: 1.1
[DEBUG] jaxen.version: 2.0.0
[DEBUG] jaybird.version: 5.0.3.java11
[DEBUG] jboss-logging.version: 3.5.3.Final
[DEBUG] jdk.debug: release
[DEBUG] jdom2.version: 2.0.6.1
[DEBUG] jedis.version: 5.0.2
[DEBUG] jersey.version: 3.1.5
[DEBUG] jetty-reactive-httpclient.version: 4.0.3
[DEBUG] jetty.version: 12.0.6
[DEBUG] jjwt.version: 0.11.5
[DEBUG] jmustache.version: 1.15
[DEBUG] jooq.version: 3.18.11
[DEBUG] json-path.version: 2.9.0
[DEBUG] json-smart.version: 2.5.0
[DEBUG] jsonassert.version: 1.5.1
[DEBUG] jtds.version: 1.3.1
[DEBUG] junit-jupiter.version: 5.10.2
[DEBUG] junit.version: 4.13.2
[DEBUG] kafka.version: 3.6.1
[DEBUG] knife4j.version: 4.4.0
[DEBUG] kotlin-coroutines.version: 1.7.3
[DEBUG] kotlin-serialization.version: 1.6.3
[DEBUG] kotlin.version: 1.9.22
[DEBUG] lettuce.version: 6.3.1.RELEASE
[DEBUG] library.jansi.path: D:\tools\apache-maven-3.9.8\lib\jansi-native
[DEBUG] line.separator: 

[DEBUG] liquibase.version: 4.24.0
[DEBUG] log4j2.version: 2.21.1
[DEBUG] logback.version: 1.4.14
[DEBUG] logstash-logback-encoder.version: 7.3
[DEBUG] lombok.version: 1.18.30
[DEBUG] mariadb.version: 3.3.3
[DEBUG] maven-antrun-plugin.version: 3.1.0
[DEBUG] maven-assembly-plugin.version: 3.6.0
[DEBUG] maven-clean-plugin.version: 3.3.2
[DEBUG] maven-compiler-plugin.version: 3.11.0
[DEBUG] maven-dependency-plugin.version: 3.6.1
[DEBUG] maven-deploy-plugin.version: 3.1.1
[DEBUG] maven-enforcer-plugin.version: 3.4.1
[DEBUG] maven-failsafe-plugin.version: 3.1.2
[DEBUG] maven-help-plugin.version: 3.4.0
[DEBUG] maven-install-plugin.version: 3.1.1
[DEBUG] maven-invoker-plugin.version: 3.6.0
[DEBUG] maven-jar-plugin.version: 3.3.0
[DEBUG] maven-javadoc-plugin.version: 3.6.3
[DEBUG] maven-resources-plugin.version: 3.3.1
[DEBUG] maven-shade-plugin.version: 3.5.2
[DEBUG] maven-source-plugin.version: 3.3.0
[DEBUG] maven-surefire-plugin.version: 3.1.2
[DEBUG] maven-war-plugin.version: 3.4.0
[DEBUG] maven.build.timestamp: 2025-03-18T03:37:28Z
[DEBUG] maven.build.version: Apache Maven 3.9.8 (36645f6c9b5079805ea5009217e36f2cffd34256)
[DEBUG] maven.compiler.release: 21
[DEBUG] maven.conf: D:\tools\apache-maven-3.9.8/conf
[DEBUG] maven.home: D:\tools\apache-maven-3.9.8
[DEBUG] maven.multiModuleProjectDirectory: D:\code\github.com\yuruizhi\chy-boot
[DEBUG] maven.version: 3.9.8
[DEBUG] micrometer-tracing.version: 1.2.3
[DEBUG] micrometer.version: 1.12.3
[DEBUG] mockito.version: 5.7.0
[DEBUG] mongodb.version: 4.11.1
[DEBUG] mssql-jdbc.version: 12.4.2.jre11
[DEBUG] mybatis-plus.version: 3.5.5
[DEBUG] mybatis-spring-boot-starter.version: 3.0.3
[DEBUG] mysql.version: 8.3.0
[DEBUG] native-build-tools-plugin.version: 0.9.28
[DEBUG] native.encoding: GBK
[DEBUG] nekohtml.version: 1.9.22
[DEBUG] neo4j-java-driver.version: 5.17.0
[DEBUG] netty.version: 4.1.107.Final
[DEBUG] okhttp.version: 4.12.0
[DEBUG] opentelemetry.version: 1.31.0
[DEBUG] oracle-database.version: 21.9.0.0
[DEBUG] oracle-r2dbc.version: 1.1.1
[DEBUG] os.arch: amd64
[DEBUG] os.name: Windows 11
[DEBUG] os.version: 10.0
[DEBUG] path.separator: ;
[DEBUG] pooled-jms.version: 3.1.5
[DEBUG] postgresql.version: 42.6.1
[DEBUG] project.baseUri: file:/D:/code/github.com/yuruizhi/chy-boot/chy-boot-common/
[DEBUG] project.build.sourceEncoding: UTF-8
[DEBUG] project.reporting.outputEncoding: UTF-8
[DEBUG] prometheus-client.version: 0.16.0
[DEBUG] pulsar-reactive.version: 0.5.3
[DEBUG] pulsar.version: 3.1.2
[DEBUG] quartz.version: 2.3.2
[DEBUG] querydsl.version: 5.0.0
[DEBUG] r2dbc-h2.version: 1.0.0.RELEASE
[DEBUG] r2dbc-mariadb.version: 1.1.4
[DEBUG] r2dbc-mssql.version: 1.0.2.RELEASE
[DEBUG] r2dbc-mysql.version: 1.0.6
[DEBUG] r2dbc-pool.version: 1.0.1.RELEASE
[DEBUG] r2dbc-postgresql.version: 1.0.4.RELEASE
[DEBUG] r2dbc-proxy.version: 1.1.4.RELEASE
[DEBUG] r2dbc-spi.version: 1.0.0.RELEASE
[DEBUG] rabbit-amqp-client.version: 5.19.0
[DEBUG] rabbit-stream-client.version: 0.14.0
[DEBUG] reactive-streams.version: 1.0.4
[DEBUG] reactor-bom.version: 2023.0.3
[DEBUG] resource.delimiter: @
[DEBUG] rest-assured.version: 5.3.2
[DEBUG] retrofit-spring-boot-starter.version: 2.3.7
[DEBUG] rsocket.version: 1.1.3
[DEBUG] rxjava3.version: 3.1.8
[DEBUG] saaj-impl.version: 3.0.3
[DEBUG] selenium-htmlunit.version: 4.13.0
[DEBUG] selenium.version: 4.14.1
[DEBUG] sendgrid.version: 4.9.3
[DEBUG] slf4j.version: 2.0.12
[DEBUG] snakeyaml.version: 2.2
[DEBUG] spring-amqp.version: 3.1.2
[DEBUG] spring-authorization-server.version: 1.2.2
[DEBUG] spring-batch.version: 5.1.1
[DEBUG] spring-data-bom.version: 2023.1.3
[DEBUG] spring-framework.version: 6.1.4
[DEBUG] spring-graphql.version: 1.2.5
[DEBUG] spring-hateoas.version: 2.2.0
[DEBUG] spring-integration.version: 6.2.2
[DEBUG] spring-kafka.version: 3.1.2
[DEBUG] spring-ldap.version: 3.2.2
[DEBUG] spring-pulsar.version: 1.0.3
[DEBUG] spring-restdocs.version: 3.0.1
[DEBUG] spring-retry.version: 2.0.5
[DEBUG] spring-security.version: 6.2.2
[DEBUG] spring-session.version: 3.2.1
[DEBUG] spring-ws.version: 4.0.10
[DEBUG] springdoc-openapi.version: 2.3.0
[DEBUG] sqlite-jdbc.version: 3.43.2.0
[DEBUG] sun.arch.data.model: 64
[DEBUG] sun.boot.library.path: C:\Program Files\Java\jdk-17\bin
[DEBUG] sun.cpu.endian: little
[DEBUG] sun.cpu.isalist: amd64
[DEBUG] sun.io.unicode.encoding: UnicodeLittle
[DEBUG] sun.java.command: org.codehaus.plexus.classworlds.launcher.Launcher -pl chy-boot-common clean compile -X
[DEBUG] sun.java.launcher: SUN_STANDARD
[DEBUG] sun.jnu.encoding: GBK
[DEBUG] sun.management.compiler: HotSpot 64-Bit Tiered Compilers
[DEBUG] sun.os.patch.level: 
[DEBUG] testcontainers.version: 1.19.5
[DEBUG] thumbnailator.version: 0.4.20
[DEBUG] thymeleaf-extras-data-attribute.version: 2.0.1
[DEBUG] thymeleaf-extras-springsecurity.version: 3.1.2.RELEASE
[DEBUG] thymeleaf-layout-dialect.version: 3.3.0
[DEBUG] thymeleaf.version: 3.1.2.RELEASE
[DEBUG] tomcat.version: 10.1.19
[DEBUG] unboundid-ldapsdk.version: 6.0.11
[DEBUG] undertow.version: 2.3.12.Final
[DEBUG] user.country: CN
[DEBUG] user.dir: D:\code\github.com\yuruizhi\chy-boot
[DEBUG] user.home: C:\Users\pc
[DEBUG] user.language: zh
[DEBUG] user.name: pc
[DEBUG] user.script: 
[DEBUG] user.variant: 
[DEBUG] versions-maven-plugin.version: 2.16.2
[DEBUG] webjars-locator-core.version: 0.55
[DEBUG] wsdl4j.version: 1.6.3
[DEBUG] xml-maven-plugin.version: 1.1.0
[DEBUG] xmlunit2.version: 2.9.1
[DEBUG] yasson.version: 3.0.3
[DEBUG] Using 'UTF-8' encoding to copy filtered resources.
[DEBUG] Using 'UTF-8' encoding to copy filtered properties files.
[DEBUG] resource with targetPath null
directory D:\code\github.com\yuruizhi\chy-boot\chy-boot-common\src\main\resources
excludes []
includes [**/application*.yml, **/application*.yaml, **/application*.properties]
[DEBUG] ignoreDelta true
[INFO] Copying 0 resource from src\main\resources to target\classes
[DEBUG] resource with targetPath null
directory D:\code\github.com\yuruizhi\chy-boot\chy-boot-common\src\main\resources
excludes [**/application*.yml, **/application*.yaml, **/application*.properties]
includes []
[DEBUG] ignoreDelta true
[INFO] Copying 1 resource from src\main\resources to target\classes
[DEBUG] Copying file META-INF\spring.factories
[DEBUG] file spring.factories has a filtered file extension
[DEBUG] Using 'UTF-8' encoding to copy filtered resource 'spring.factories'.
[DEBUG] copy D:\code\github.com\yuruizhi\chy-boot\chy-boot-common\src\main\resources\META-INF\spring.factories to D:\code\github.com\yuruizhi\chy-boot\chy-boot-common\target\classes\META-INF\spring.factories
[DEBUG] no user filter components
[INFO] 
[INFO] --- compiler:3.11.0:compile (default-compile) @ chy-boot-common ---
[DEBUG] Dependency collection stats {ConflictMarker.analyzeTime=18500, ConflictMarker.markTime=18000, ConflictMarker.nodeCount=17, ConflictIdSorter.graphTime=7800, ConflictIdSorter.topsortTime=11700, ConflictIdSorter.conflictIdCount=12, ConflictIdSorter.conflictIdCycleCount=0, ConflictResolver.totalTime=120600, ConflictResolver.conflictItemCount=17, DfDependencyCollector.collectTime=60654000, DfDependencyCollector.transformTime=192100}
[DEBUG] org.apache.maven.plugins:maven-compiler-plugin:jar:3.11.0
[DEBUG]    org.apache.maven.shared:maven-shared-utils:jar:3.3.4:compile
[DEBUG]       commons-io:commons-io:jar:2.6:compile
[DEBUG]    org.apache.maven.shared:maven-shared-incremental:jar:1.1:compile
[DEBUG]       org.codehaus.plexus:plexus-component-annotations:jar:1.5.5:compile
[DEBUG]    org.codehaus.plexus:plexus-java:jar:1.1.2:compile
[DEBUG]       org.ow2.asm:asm:jar:9.4:compile
[DEBUG]       com.thoughtworks.qdox:qdox:jar:2.0.3:compile (version managed from default)
[DEBUG]    org.codehaus.plexus:plexus-compiler-api:jar:2.13.0:compile
[DEBUG]       org.codehaus.plexus:plexus-utils:jar:3.5.0:compile (version managed from default)
[DEBUG]    org.codehaus.plexus:plexus-compiler-manager:jar:2.13.0:compile
[DEBUG]    org.codehaus.plexus:plexus-compiler-javac:jar:2.13.0:runtime
[DEBUG] Created new class realm plugin>org.apache.maven.plugins:maven-compiler-plugin:3.11.0
[DEBUG] Importing foreign packages into class realm plugin>org.apache.maven.plugins:maven-compiler-plugin:3.11.0
[DEBUG]   Imported:  < maven.api
[DEBUG] Populating class realm plugin>org.apache.maven.plugins:maven-compiler-plugin:3.11.0
[DEBUG]   Included: org.apache.maven.plugins:maven-compiler-plugin:jar:3.11.0
[DEBUG]   Included: org.apache.maven.shared:maven-shared-utils:jar:3.3.4
[DEBUG]   Included: commons-io:commons-io:jar:2.6
[DEBUG]   Included: org.apache.maven.shared:maven-shared-incremental:jar:1.1
[DEBUG]   Included: org.codehaus.plexus:plexus-component-annotations:jar:1.5.5
[DEBUG]   Included: org.codehaus.plexus:plexus-java:jar:1.1.2
[DEBUG]   Included: org.ow2.asm:asm:jar:9.4
[DEBUG]   Included: com.thoughtworks.qdox:qdox:jar:2.0.3
[DEBUG]   Included: org.codehaus.plexus:plexus-compiler-api:jar:2.13.0
[DEBUG]   Included: org.codehaus.plexus:plexus-utils:jar:3.5.0
[DEBUG]   Included: org.codehaus.plexus:plexus-compiler-manager:jar:2.13.0
[DEBUG]   Included: org.codehaus.plexus:plexus-compiler-javac:jar:2.13.0
[DEBUG] Loading mojo org.apache.maven.plugins:maven-compiler-plugin:3.11.0:compile from plugin realm ClassRealm[plugin>org.apache.maven.plugins:maven-compiler-plugin:3.11.0, parent: jdk.internal.loader.ClassLoaders$AppClassLoader@70dea4e]
[DEBUG] Configuring mojo execution 'org.apache.maven.plugins:maven-compiler-plugin:3.11.0:compile:default-compile' with basic configurator -->
[DEBUG]   (f) basedir = D:\code\github.com\yuruizhi\chy-boot\chy-boot-common
[DEBUG]   (f) buildDirectory = D:\code\github.com\yuruizhi\chy-boot\chy-boot-common\target
[DEBUG]   (f) compilePath = [D:\code\github.com\yuruizhi\chy-boot\chy-boot-common\target\classes, C:\Users\pc\.m2\repository\com\baomidou\mybatis-plus-boot-starter\3.5.5\mybatis-plus-boot-starter-3.5.5.jar, C:\Users\pc\.m2\repository\com\baomidou\mybatis-plus\3.5.5\mybatis-plus-3.5.5.jar, C:\Users\pc\.m2\repository\com\baomidou\mybatis-plus-core\3.5.5\mybatis-plus-core-3.5.5.jar, C:\Users\pc\.m2\repository\com\baomidou\mybatis-plus-annotation\3.5.5\mybatis-plus-annotation-3.5.5.jar, C:\Users\pc\.m2\repository\com\baomidou\mybatis-plus-extension\3.5.5\mybatis-plus-extension-3.5.5.jar, C:\Users\pc\.m2\repository\org\mybatis\mybatis\3.5.15\mybatis-3.5.15.jar, C:\Users\pc\.m2\repository\com\github\jsqlparser\jsqlparser\4.6\jsqlparser-4.6.jar, C:\Users\pc\.m2\repository\org\mybatis\mybatis-spring\2.1.2\mybatis-spring-2.1.2.jar, C:\Users\pc\.m2\repository\com\baomidou\mybatis-plus-spring-boot-autoconfigure\3.5.5\mybatis-plus-spring-boot-autoconfigure-3.5.5.jar, C:\Users\pc\.m2\repository\org\springframework\boot\spring-boot-starter-jdbc\3.2.3\spring-boot-starter-jdbc-3.2.3.jar, C:\Users\pc\.m2\repository\com\zaxxer\HikariCP\5.1.0\HikariCP-5.1.0.jar, C:\Users\pc\.m2\repository\org\springframework\spring-jdbc\6.1.4\spring-jdbc-6.1.4.jar, C:\Users\pc\.m2\repository\cn\hutool\hutool-all\5.8.26\hutool-all-5.8.26.jar, C:\Users\pc\.m2\repository\com\mysql\mysql-connector-j\8.3.0\mysql-connector-j-8.3.0.jar, C:\Users\pc\.m2\repository\com\alibaba\druid-spring-boot-starter\1.2.21\druid-spring-boot-starter-1.2.21.jar, C:\Users\pc\.m2\repository\com\alibaba\druid\1.2.21\druid-1.2.21.jar, C:\Users\pc\.m2\repository\org\slf4j\slf4j-api\2.0.12\slf4j-api-2.0.12.jar, C:\Users\pc\.m2\repository\org\glassfish\jaxb\jaxb-runtime\4.0.4\jaxb-runtime-4.0.4.jar, C:\Users\pc\.m2\repository\org\glassfish\jaxb\jaxb-core\4.0.4\jaxb-core-4.0.4.jar, C:\Users\pc\.m2\repository\org\glassfish\jaxb\txw2\4.0.4\txw2-4.0.4.jar, C:\Users\pc\.m2\repository\com\sun\istack\istack-commons-runtime\4.1.2\istack-commons-runtime-4.1.2.jar, C:\Users\pc\.m2\repository\com\baomidou\dynamic-datasource-spring-boot-starter\4.2.0\dynamic-datasource-spring-boot-starter-4.2.0.jar, C:\Users\pc\.m2\repository\com\baomidou\dynamic-datasource-spring-boot-common\4.2.0\dynamic-datasource-spring-boot-common-4.2.0.jar, C:\Users\pc\.m2\repository\com\baomidou\dynamic-datasource-spring\4.2.0\dynamic-datasource-spring-4.2.0.jar, C:\Users\pc\.m2\repository\com\baomidou\dynamic-datasource-creator\4.2.0\dynamic-datasource-creator-4.2.0.jar, C:\Users\pc\.m2\repository\org\springframework\boot\spring-boot-starter-aop\3.2.3\spring-boot-starter-aop-3.2.3.jar, C:\Users\pc\.m2\repository\org\aspectj\aspectjweaver\1.9.21\aspectjweaver-1.9.21.jar, C:\Users\pc\.m2\repository\org\springframework\boot\spring-boot-starter-data-redis\3.2.3\spring-boot-starter-data-redis-3.2.3.jar, C:\Users\pc\.m2\repository\org\springframework\boot\spring-boot-starter\3.2.3\spring-boot-starter-3.2.3.jar, C:\Users\pc\.m2\repository\org\yaml\snakeyaml\2.2\snakeyaml-2.2.jar, C:\Users\pc\.m2\repository\io\lettuce\lettuce-core\6.3.1.RELEASE\lettuce-core-6.3.1.RELEASE.jar, C:\Users\pc\.m2\repository\io\netty\netty-common\4.1.107.Final\netty-common-4.1.107.Final.jar, C:\Users\pc\.m2\repository\io\netty\netty-handler\4.1.107.Final\netty-handler-4.1.107.Final.jar, C:\Users\pc\.m2\repository\io\netty\netty-resolver\4.1.107.Final\netty-resolver-4.1.107.Final.jar, C:\Users\pc\.m2\repository\io\netty\netty-buffer\4.1.107.Final\netty-buffer-4.1.107.Final.jar, C:\Users\pc\.m2\repository\io\netty\netty-transport-native-unix-common\4.1.107.Final\netty-transport-native-unix-common-4.1.107.Final.jar, C:\Users\pc\.m2\repository\io\netty\netty-codec\4.1.107.Final\netty-codec-4.1.107.Final.jar, C:\Users\pc\.m2\repository\io\netty\netty-transport\4.1.107.Final\netty-transport-4.1.107.Final.jar, C:\Users\pc\.m2\repository\io\projectreactor\reactor-core\3.6.3\reactor-core-3.6.3.jar, C:\Users\pc\.m2\repository\org\reactivestreams\reactive-streams\1.0.4\reactive-streams-1.0.4.jar, C:\Users\pc\.m2\repository\org\springframework\data\spring-data-redis\3.2.3\spring-data-redis-3.2.3.jar, C:\Users\pc\.m2\repository\org\springframework\data\spring-data-keyvalue\3.2.3\spring-data-keyvalue-3.2.3.jar, C:\Users\pc\.m2\repository\org\springframework\data\spring-data-commons\3.2.3\spring-data-commons-3.2.3.jar, C:\Users\pc\.m2\repository\org\springframework\spring-tx\6.1.4\spring-tx-6.1.4.jar, C:\Users\pc\.m2\repository\org\springframework\spring-oxm\6.1.4\spring-oxm-6.1.4.jar, C:\Users\pc\.m2\repository\org\apache\commons\commons-pool2\2.12.0\commons-pool2-2.12.0.jar, C:\Users\pc\.m2\repository\com\auth0\java-jwt\4.4.0\java-jwt-4.4.0.jar, C:\Users\pc\.m2\repository\com\fasterxml\jackson\core\jackson-databind\2.15.4\jackson-databind-2.15.4.jar, C:\Users\pc\.m2\repository\com\fasterxml\jackson\core\jackson-annotations\2.15.4\jackson-annotations-2.15.4.jar, C:\Users\pc\.m2\repository\com\fasterxml\jackson\core\jackson-core\2.15.4\jackson-core-2.15.4.jar, C:\Users\pc\.m2\repository\io\jsonwebtoken\jjwt-api\0.11.5\jjwt-api-0.11.5.jar, C:\Users\pc\.m2\repository\com\squareup\okhttp3\okhttp\4.12.0\okhttp-4.12.0.jar, C:\Users\pc\.m2\repository\com\squareup\okio\okio\3.6.0\okio-3.6.0.jar, C:\Users\pc\.m2\repository\com\squareup\okio\okio-jvm\3.6.0\okio-jvm-3.6.0.jar, C:\Users\pc\.m2\repository\org\jetbrains\kotlin\kotlin-stdlib-common\1.9.22\kotlin-stdlib-common-1.9.22.jar, C:\Users\pc\.m2\repository\org\jetbrains\kotlin\kotlin-stdlib-jdk8\1.9.22\kotlin-stdlib-jdk8-1.9.22.jar, C:\Users\pc\.m2\repository\org\jetbrains\kotlin\kotlin-stdlib\1.9.22\kotlin-stdlib-1.9.22.jar, C:\Users\pc\.m2\repository\org\jetbrains\annotations\13.0\annotations-13.0.jar, C:\Users\pc\.m2\repository\org\jetbrains\kotlin\kotlin-stdlib-jdk7\1.9.22\kotlin-stdlib-jdk7-1.9.22.jar, C:\Users\pc\.m2\repository\org\springdoc\springdoc-openapi-starter-webmvc-ui\2.3.0\springdoc-openapi-starter-webmvc-ui-2.3.0.jar, C:\Users\pc\.m2\repository\org\springdoc\springdoc-openapi-starter-webmvc-api\2.3.0\springdoc-openapi-starter-webmvc-api-2.3.0.jar, C:\Users\pc\.m2\repository\org\springdoc\springdoc-openapi-starter-common\2.3.0\springdoc-openapi-starter-common-2.3.0.jar, C:\Users\pc\.m2\repository\io\swagger\core\v3\swagger-core-jakarta\2.2.19\swagger-core-jakarta-2.2.19.jar, C:\Users\pc\.m2\repository\org\apache\commons\commons-lang3\3.13.0\commons-lang3-3.13.0.jar, C:\Users\pc\.m2\repository\io\swagger\core\v3\swagger-annotations-jakarta\2.2.19\swagger-annotations-jakarta-2.2.19.jar, C:\Users\pc\.m2\repository\io\swagger\core\v3\swagger-models-jakarta\2.2.19\swagger-models-jakarta-2.2.19.jar, C:\Users\pc\.m2\repository\com\fasterxml\jackson\dataformat\jackson-dataformat-yaml\2.15.4\jackson-dataformat-yaml-2.15.4.jar, C:\Users\pc\.m2\repository\org\webjars\swagger-ui\5.10.3\swagger-ui-5.10.3.jar, C:\Users\pc\.m2\repository\com\github\xiaoymin\knife4j-openapi3-jakarta-spring-boot-starter\4.4.0\knife4j-openapi3-jakarta-spring-boot-starter-4.4.0.jar, C:\Users\pc\.m2\repository\com\github\xiaoymin\knife4j-core\4.4.0\knife4j-core-4.4.0.jar, C:\Users\pc\.m2\repository\com\github\xiaoymin\knife4j-openapi3-ui\4.4.0\knife4j-openapi3-ui-4.4.0.jar, C:\Users\pc\.m2\repository\com\alibaba\fastjson\2.0.47\fastjson-2.0.47.jar, C:\Users\pc\.m2\repository\com\alibaba\fastjson2\fastjson2-extension\2.0.47\fastjson2-extension-2.0.47.jar, C:\Users\pc\.m2\repository\com\alibaba\fastjson2\fastjson2\2.0.47\fastjson2-2.0.47.jar, C:\Users\pc\.m2\repository\net\coobird\thumbnailator\0.4.20\thumbnailator-0.4.20.jar, C:\Users\pc\.m2\repository\com\google\guava\guava\33.0.0-jre\guava-33.0.0-jre.jar, C:\Users\pc\.m2\repository\com\google\guava\failureaccess\1.0.2\failureaccess-1.0.2.jar, C:\Users\pc\.m2\repository\com\google\guava\listenablefuture\9999.0-empty-to-avoid-conflict-with-guava\listenablefuture-9999.0-empty-to-avoid-conflict-with-guava.jar, C:\Users\pc\.m2\repository\com\google\code\findbugs\jsr305\3.0.2\jsr305-3.0.2.jar, C:\Users\pc\.m2\repository\org\checkerframework\checker-qual\3.41.0\checker-qual-3.41.0.jar, C:\Users\pc\.m2\repository\com\google\errorprone\error_prone_annotations\2.23.0\error_prone_annotations-2.23.0.jar, C:\Users\pc\.m2\repository\com\google\j2objc\j2objc-annotations\2.8\j2objc-annotations-2.8.jar, C:\Users\pc\.m2\repository\org\springframework\boot\spring-boot-autoconfigure\3.2.3\spring-boot-autoconfigure-3.2.3.jar, C:\Users\pc\.m2\repository\org\springframework\boot\spring-boot\3.2.3\spring-boot-3.2.3.jar, C:\Users\pc\.m2\repository\org\springframework\spring-context\6.1.4\spring-context-6.1.4.jar, C:\Users\pc\.m2\repository\com\github\lianjiatech\retrofit-spring-boot-starter\2.3.7\retrofit-spring-boot-starter-2.3.7.jar, C:\Users\pc\.m2\repository\com\squareup\retrofit2\retrofit\2.9.0\retrofit-2.9.0.jar, C:\Users\pc\.m2\repository\com\squareup\retrofit2\converter-jackson\2.9.0\converter-jackson-2.9.0.jar, C:\Users\pc\.m2\repository\javax\annotation\javax.annotation-api\1.3.2\javax.annotation-api-1.3.2.jar, C:\Users\pc\.m2\repository\com\squareup\okhttp3\logging-interceptor\4.12.0\logging-interceptor-4.12.0.jar, C:\Users\pc\.m2\repository\jakarta\servlet\jakarta.servlet-api\6.0.0\jakarta.servlet-api-6.0.0.jar, C:\Users\pc\.m2\repository\jakarta\annotation\jakarta.annotation-api\2.1.1\jakarta.annotation-api-2.1.1.jar, C:\Users\pc\.m2\repository\org\springframework\boot\spring-boot-starter-cache\3.2.3\spring-boot-starter-cache-3.2.3.jar, C:\Users\pc\.m2\repository\org\springframework\spring-context-support\6.1.4\spring-context-support-6.1.4.jar, C:\Users\pc\.m2\repository\org\springframework\spring-beans\6.1.4\spring-beans-6.1.4.jar, C:\Users\pc\.m2\repository\com\github\ben-manes\caffeine\caffeine\3.1.8\caffeine-3.1.8.jar, C:\Users\pc\.m2\repository\net\logstash\logback\logstash-logback-encoder\7.3\logstash-logback-encoder-7.3.jar, C:\Users\pc\.m2\repository\io\micrometer\micrometer-core\1.12.3\micrometer-core-1.12.3.jar, C:\Users\pc\.m2\repository\io\micrometer\micrometer-commons\1.12.3\micrometer-commons-1.12.3.jar, C:\Users\pc\.m2\repository\io\micrometer\micrometer-observation\1.12.3\micrometer-observation-1.12.3.jar, C:\Users\pc\.m2\repository\jakarta\xml\bind\jakarta.xml.bind-api\4.0.1\jakarta.xml.bind-api-4.0.1.jar, C:\Users\pc\.m2\repository\jakarta\activation\jakarta.activation-api\2.1.2\jakarta.activation-api-2.1.2.jar, C:\Users\pc\.m2\repository\org\springframework\spring-core\6.1.4\spring-core-6.1.4.jar, C:\Users\pc\.m2\repository\org\springframework\spring-jcl\6.1.4\spring-jcl-6.1.4.jar, C:\Users\pc\.m2\repository\org\springframework\boot\spring-boot-starter-web\3.2.3\spring-boot-starter-web-3.2.3.jar, C:\Users\pc\.m2\repository\org\springframework\boot\spring-boot-starter-json\3.2.3\spring-boot-starter-json-3.2.3.jar, C:\Users\pc\.m2\repository\com\fasterxml\jackson\datatype\jackson-datatype-jdk8\2.15.4\jackson-datatype-jdk8-2.15.4.jar, C:\Users\pc\.m2\repository\com\fasterxml\jackson\datatype\jackson-datatype-jsr310\2.15.4\jackson-datatype-jsr310-2.15.4.jar, C:\Users\pc\.m2\repository\com\fasterxml\jackson\module\jackson-module-parameter-names\2.15.4\jackson-module-parameter-names-2.15.4.jar, C:\Users\pc\.m2\repository\org\springframework\boot\spring-boot-starter-tomcat\3.2.3\spring-boot-starter-tomcat-3.2.3.jar, C:\Users\pc\.m2\repository\org\apache\tomcat\embed\tomcat-embed-core\10.1.19\tomcat-embed-core-10.1.19.jar, C:\Users\pc\.m2\repository\org\apache\tomcat\embed\tomcat-embed-websocket\10.1.19\tomcat-embed-websocket-10.1.19.jar, C:\Users\pc\.m2\repository\org\springframework\spring-web\6.1.4\spring-web-6.1.4.jar, C:\Users\pc\.m2\repository\org\springframework\spring-webmvc\6.1.4\spring-webmvc-6.1.4.jar, C:\Users\pc\.m2\repository\org\springframework\spring-expression\6.1.4\spring-expression-6.1.4.jar, C:\Users\pc\.m2\repository\org\springframework\boot\spring-boot-starter-logging\3.2.3\spring-boot-starter-logging-3.2.3.jar, C:\Users\pc\.m2\repository\ch\qos\logback\logback-classic\1.4.14\logback-classic-1.4.14.jar, C:\Users\pc\.m2\repository\ch\qos\logback\logback-core\1.4.14\logback-core-1.4.14.jar, C:\Users\pc\.m2\repository\org\apache\logging\log4j\log4j-to-slf4j\2.21.1\log4j-to-slf4j-2.21.1.jar, C:\Users\pc\.m2\repository\org\apache\logging\log4j\log4j-api\2.21.1\log4j-api-2.21.1.jar, C:\Users\pc\.m2\repository\org\slf4j\jul-to-slf4j\2.0.12\jul-to-slf4j-2.0.12.jar, C:\Users\pc\.m2\repository\org\projectlombok\lombok\1.18.30\lombok-1.18.30.jar, C:\Users\pc\.m2\repository\org\springframework\boot\spring-boot-starter-validation\3.2.3\spring-boot-starter-validation-3.2.3.jar, C:\Users\pc\.m2\repository\org\apache\tomcat\embed\tomcat-embed-el\10.1.19\tomcat-embed-el-10.1.19.jar, C:\Users\pc\.m2\repository\org\hibernate\validator\hibernate-validator\8.0.1.Final\hibernate-validator-8.0.1.Final.jar, C:\Users\pc\.m2\repository\jakarta\validation\jakarta.validation-api\3.0.2\jakarta.validation-api-3.0.2.jar, C:\Users\pc\.m2\repository\org\jboss\logging\jboss-logging\3.5.3.Final\jboss-logging-3.5.3.Final.jar, C:\Users\pc\.m2\repository\com\fasterxml\classmate\1.6.0\classmate-1.6.0.jar, C:\Users\pc\.m2\repository\org\springframework\boot\spring-boot-starter-security\3.2.3\spring-boot-starter-security-3.2.3.jar, C:\Users\pc\.m2\repository\org\springframework\spring-aop\6.1.4\spring-aop-6.1.4.jar, C:\Users\pc\.m2\repository\org\springframework\security\spring-security-config\6.2.2\spring-security-config-6.2.2.jar, C:\Users\pc\.m2\repository\org\springframework\security\spring-security-core\6.2.2\spring-security-core-6.2.2.jar, C:\Users\pc\.m2\repository\org\springframework\security\spring-security-crypto\6.2.2\spring-security-crypto-6.2.2.jar, C:\Users\pc\.m2\repository\org\springframework\security\spring-security-web\6.2.2\spring-security-web-6.2.2.jar]
[DEBUG]   (f) compileSourceRoots = [D:\code\github.com\yuruizhi\chy-boot\chy-boot-common\src\main\java]
[DEBUG]   (f) compilerArgs = [--enable-preview]
[DEBUG]   (f) compilerId = javac
[DEBUG]   (f) createMissingPackageInfoClass = true
[DEBUG]   (f) debug = true
[DEBUG]   (f) debugFileName = javac
[DEBUG]   (f) enablePreview = false
[DEBUG]   (f) encoding = UTF-8
[DEBUG]   (f) failOnError = true
[DEBUG]   (f) failOnWarning = false
[DEBUG]   (f) forceJavacCompilerUse = true
[DEBUG]   (f) fork = false
[DEBUG]   (f) generatedSourcesDirectory = D:\code\github.com\yuruizhi\chy-boot\chy-boot-common\target\generated-sources\annotations
[DEBUG]   (f) mojoExecution = org.apache.maven.plugins:maven-compiler-plugin:3.11.0:compile {execution: default-compile}
[DEBUG]   (f) optimize = false
[DEBUG]   (f) outputDirectory = D:\code\github.com\yuruizhi\chy-boot\chy-boot-common\target\classes
[DEBUG]   (f) parameters = true
[DEBUG]   (f) project = MavenProject: com.chy:chy-boot-common:1.0-SNAPSHOT @ D:\code\github.com\yuruizhi\chy-boot\chy-boot-common\pom.xml
[DEBUG]   (f) projectArtifact = com.chy:chy-boot-common:jar:1.0-SNAPSHOT
[DEBUG]   (s) release = 21
[DEBUG]   (f) session = org.apache.maven.execution.MavenSession@4eb166a1
[DEBUG]   (f) showCompilationChanges = false
[DEBUG]   (f) showDeprecation = false
[DEBUG]   (f) showWarnings = true
[DEBUG]   (f) skipMultiThreadWarning = false
[DEBUG]   (f) source = 21
[DEBUG]   (f) staleMillis = 0
[DEBUG]   (s) target = 21
[DEBUG]   (f) useIncrementalCompilation = true
[DEBUG]   (f) verbose = false
[DEBUG] -- end configuration --
[DEBUG] Using compiler 'javac'.
[DEBUG] Adding D:\code\github.com\yuruizhi\chy-boot\chy-boot-common\target\generated-sources\annotations to compile source roots:
  D:\code\github.com\yuruizhi\chy-boot\chy-boot-common\src\main\java
[DEBUG] New compile source roots:
  D:\code\github.com\yuruizhi\chy-boot\chy-boot-common\src\main\java
  D:\code\github.com\yuruizhi\chy-boot\chy-boot-common\target\generated-sources\annotations
[DEBUG] CompilerReuseStrategy: reuseCreated
[DEBUG] useIncrementalCompilation enabled
[DEBUG] Stale source detected: D:\code\github.com\yuruizhi\chy-boot\chy-boot-common\src\main\java\com\chy\boot\common\commons\getter\IContextInfoGetter.java
[DEBUG] Stale source detected: D:\code\github.com\yuruizhi\chy-boot\chy-boot-common\src\main\java\com\chy\boot\common\commons\interceptor\AdminRequireInterceptor.java
[DEBUG] Stale source detected: D:\code\github.com\yuruizhi\chy-boot\chy-boot-common\src\main\java\com\chy\boot\common\commons\security\JwtBlacklistService.java
[DEBUG] Stale source detected: D:\code\github.com\yuruizhi\chy-boot\chy-boot-common\src\main\java\com\chy\boot\common\commons\config\AsyncConfig.java
[DEBUG] Stale source detected: D:\code\github.com\yuruizhi\chy-boot\chy-boot-common\src\main\java\com\chy\boot\common\commons\idempotent\service\impl\RedisIdempotentTokenServiceImpl.java
[DEBUG] Stale source detected: D:\code\github.com\yuruizhi\chy-boot\chy-boot-common\src\main\java\com\chy\boot\common\commons\security\JwtAuthenticationFilter.java
[DEBUG] Stale source detected: D:\code\github.com\yuruizhi\chy-boot\chy-boot-common\src\main\java\com\chy\boot\common\commons\interceptor\ExecuteContextInterceptor.java
[DEBUG] Stale source detected: D:\code\github.com\yuruizhi\chy-boot\chy-boot-common\src\main\java\com\chy\boot\common\commons\jackson\JsonUtil.java
[DEBUG] Stale source detected: D:\code\github.com\yuruizhi\chy-boot\chy-boot-common\src\main\java\com\chy\boot\common\commons\security\RestAccessDeniedHandler.java
[DEBUG] Stale source detected: D:\code\github.com\yuruizhi\chy-boot\chy-boot-common\src\main\java\com\chy\boot\common\commons\util\DateUtil.java
[DEBUG] Stale source detected: D:\code\github.com\yuruizhi\chy-boot\chy-boot-common\src\main\java\com\chy\boot\common\commons\cache\UserCache.java
[DEBUG] Stale source detected: D:\code\github.com\yuruizhi\chy-boot\chy-boot-common\src\main\java\com\chy\boot\common\commons\util\IoUtil.java
[DEBUG] Stale source detected: D:\code\github.com\yuruizhi\chy-boot\chy-boot-common\src\main\java\com\chy\boot\common\commons\aspect\MetricsAspect.java
[DEBUG] Stale source detected: D:\code\github.com\yuruizhi\chy-boot\chy-boot-common\src\main\java\com\chy\boot\common\commons\cache\IUserCache.java
[DEBUG] Stale source detected: D:\code\github.com\yuruizhi\chy-boot\chy-boot-common\src\main\java\com\chy\boot\common\commons\component\constant\IMessageEnum.java
[DEBUG] Stale source detected: D:\code\github.com\yuruizhi\chy-boot\chy-boot-common\src\main\java\com\chy\boot\common\commons\interceptor\ApiRequestLogInterceptor.java
[DEBUG] Stale source detected: D:\code\github.com\yuruizhi\chy-boot\chy-boot-common\src\main\java\com\chy\boot\common\commons\component\log\MyPatternLayoutEncoder.java
[DEBUG] Stale source detected: D:\code\github.com\yuruizhi\chy-boot\chy-boot-common\src\main\java\com\chy\boot\common\commons\security\RestAuthenticationEntryPoint.java
[DEBUG] Stale source detected: D:\code\github.com\yuruizhi\chy-boot\chy-boot-common\src\main\java\com\chy\boot\common\commons\context\ExecuteContext.java
[DEBUG] Stale source detected: D:\code\github.com\yuruizhi\chy-boot\chy-boot-common\src\main\java\com\chy\boot\common\commons\exception\AuthException.java
[DEBUG] Stale source detected: D:\code\github.com\yuruizhi\chy-boot\chy-boot-common\src\main\java\com\chy\boot\common\commons\util\Exceptions.java
[DEBUG] Stale source detected: D:\code\github.com\yuruizhi\chy-boot\chy-boot-common\src\main\java\com\chy\boot\common\commons\util\ObjectUtil.java
[DEBUG] Stale source detected: D:\code\github.com\yuruizhi\chy-boot\chy-boot-common\src\main\java\com\chy\boot\common\commons\component\log\LoggingAspectAnnotationDriven.java
[DEBUG] Stale source detected: D:\code\github.com\yuruizhi\chy-boot\chy-boot-common\src\main\java\com\chy\boot\common\commons\component\package-info.java
[DEBUG] Stale source detected: D:\code\github.com\yuruizhi\chy-boot\chy-boot-common\src\main\java\com\chy\boot\common\commons\platform\auth\component\InterceptorConfig.java
[DEBUG] Stale source detected: D:\code\github.com\yuruizhi\chy-boot\chy-boot-common\src\main\java\com\chy\boot\common\commons\exception\ClientTypeException.java
[DEBUG] Stale source detected: D:\code\github.com\yuruizhi\chy-boot\chy-boot-common\src\main\java\com\chy\boot\common\commons\platform\callback\CallBackService.java
[DEBUG] Stale source detected: D:\code\github.com\yuruizhi\chy-boot\chy-boot-common\src\main\java\com\chy\boot\common\commons\Third\qm\QmError.java
[DEBUG] Stale source detected: D:\code\github.com\yuruizhi\chy-boot\chy-boot-common\src\main\java\com\chy\boot\common\commons\api\AuthResultCode.java
[DEBUG] Stale source detected: D:\code\github.com\yuruizhi\chy-boot\chy-boot-common\src\main\java\com\chy\boot\common\commons\config\VirtualThreadConfig.java
[DEBUG] Stale source detected: D:\code\github.com\yuruizhi\chy-boot\chy-boot-common\src\main\java\com\chy\boot\common\commons\component\log\LogDataConfig.java
[DEBUG] Stale source detected: D:\code\github.com\yuruizhi\chy-boot\chy-boot-common\src\main\java\com\chy\boot\common\commons\util\NumberUtil.java
[DEBUG] Stale source detected: D:\code\github.com\yuruizhi\chy-boot\chy-boot-common\src\main\java\com\chy\boot\common\commons\enums\ClientType.java
[DEBUG] Stale source detected: D:\code\github.com\yuruizhi\chy-boot\chy-boot-common\src\main\java\com\chy\boot\common\commons\util\ConcurrencyUtil.java
[DEBUG] Stale source detected: D:\code\github.com\yuruizhi\chy-boot\chy-boot-common\src\main\java\com\chy\boot\common\commons\util\Charsets.java
[DEBUG] Stale source detected: D:\code\github.com\yuruizhi\chy-boot\chy-boot-common\src\main\java\com\chy\boot\common\commons\util\ImageUtil.java
[DEBUG] Stale source detected: D:\code\github.com\yuruizhi\chy-boot\chy-boot-common\src\main\java\com\chy\boot\common\commons\util\BeanUtil.java
[DEBUG] Stale source detected: D:\code\github.com\yuruizhi\chy-boot\chy-boot-common\src\main\java\com\chy\boot\common\commons\jackson\MappingApiJackson2HttpMessageConverter.java
[DEBUG] Stale source detected: D:\code\github.com\yuruizhi\chy-boot\chy-boot-common\src\main\java\com\chy\boot\common\commons\support\xss\XssFilter.java
[DEBUG] Stale source detected: D:\code\github.com\yuruizhi\chy-boot\chy-boot-common\src\main\java\com\chy\boot\common\commons\idempotent\aspect\IdempotentAspect.java
[DEBUG] Stale source detected: D:\code\github.com\yuruizhi\chy-boot\chy-boot-common\src\main\java\com\chy\boot\common\commons\package-info.java
[DEBUG] Stale source detected: D:\code\github.com\yuruizhi\chy-boot\chy-boot-common\src\main\java\com\chy\boot\common\commons\platform\auth\entity\AuthParam.java
[DEBUG] Stale source detected: D:\code\github.com\yuruizhi\chy-boot\chy-boot-common\src\main\java\com\chy\boot\common\commons\api\IResultCode.java
[DEBUG] Stale source detected: D:\code\github.com\yuruizhi\chy-boot\chy-boot-common\src\main\java\com\chy\boot\common\commons\context\ContextNotInitException.java
[DEBUG] Stale source detected: D:\code\github.com\yuruizhi\chy-boot\chy-boot-common\src\main\java\com\chy\boot\common\commons\util\Base64Util.java
[DEBUG] Stale source detected: D:\code\github.com\yuruizhi\chy-boot\chy-boot-common\src\main\java\com\chy\boot\common\commons\idempotent\service\impl\LocalIdempotentTokenServiceImpl.java
[DEBUG] Stale source detected: D:\code\github.com\yuruizhi\chy-boot\chy-boot-common\src\main\java\com\chy\boot\common\commons\jackson\AbstractReadWriteJackson2HttpMessageConverter.java
[DEBUG] Stale source detected: D:\code\github.com\yuruizhi\chy-boot\chy-boot-common\src\main\java\com\chy\boot\common\commons\config\ApiVersionCondition.java
[DEBUG] Stale source detected: D:\code\github.com\yuruizhi\chy-boot\chy-boot-common\src\main\java\com\chy\boot\common\commons\annotation\ApiVersion.java
[DEBUG] Stale source detected: D:\code\github.com\yuruizhi\chy-boot\chy-boot-common\src\main\java\com\chy\boot\common\commons\exception\BaseException.java
[DEBUG] Stale source detected: D:\code\github.com\yuruizhi\chy-boot\chy-boot-common\src\main\java\com\chy\boot\common\commons\idempotent\annotation\Idempotent.java
[DEBUG] Stale source detected: D:\code\github.com\yuruizhi\chy-boot\chy-boot-common\src\main\java\com\chy\boot\common\commons\idempotent\exception\IdempotentException.java
[DEBUG] Stale source detected: D:\code\github.com\yuruizhi\chy-boot\chy-boot-common\src\main\java\com\chy\boot\common\commons\jackson\CyJavaTimeModule.java
[DEBUG] Stale source detected: D:\code\github.com\yuruizhi\chy-boot\chy-boot-common\src\main\java\com\chy\boot\common\commons\exception\ThirdApiException.java
[DEBUG] Stale source detected: D:\code\github.com\yuruizhi\chy-boot\chy-boot-common\src\main\java\com\chy\boot\common\commons\utils\ClientTypeUtils.java
[DEBUG] Stale source detected: D:\code\github.com\yuruizhi\chy-boot\chy-boot-common\src\main\java\com\chy\boot\common\commons\api\ResultCode.java
[DEBUG] Stale source detected: D:\code\github.com\yuruizhi\chy-boot\chy-boot-common\src\main\java\com\chy\boot\common\commons\component\cache\CacheKeyGeneratorDefined.java
[DEBUG] Stale source detected: D:\code\github.com\yuruizhi\chy-boot\chy-boot-common\src\main\java\com\chy\boot\common\commons\config\VirtualThreadMonitor.java
[DEBUG] Stale source detected: D:\code\github.com\yuruizhi\chy-boot\chy-boot-common\src\main\java\com\chy\boot\common\commons\util\DateTimeUtil.java
[DEBUG] Stale source detected: D:\code\github.com\yuruizhi\chy-boot\chy-boot-common\src\main\java\com\chy\boot\common\commons\platform\auth\component\AuthenticationInterceptor.java
[DEBUG] Stale source detected: D:\code\github.com\yuruizhi\chy-boot\chy-boot-common\src\main\java\com\chy\boot\common\commons\exception\ServiceFusingException.java
[DEBUG] Stale source detected: D:\code\github.com\yuruizhi\chy-boot\chy-boot-common\src\main\java\com\chy\boot\common\commons\config\SwaggerConfig.java
[DEBUG] Stale source detected: D:\code\github.com\yuruizhi\chy-boot\chy-boot-common\src\main\java\com\chy\boot\common\commons\exception\GlobalExceptionHandler.java
[DEBUG] Stale source detected: D:\code\github.com\yuruizhi\chy-boot\chy-boot-common\src\main\java\com\chy\boot\common\commons\support\xss\XssUrlProperties.java
[DEBUG] Stale source detected: D:\code\github.com\yuruizhi\chy-boot\chy-boot-common\src\main\java\com\chy\boot\common\commons\component\cache\config\RedisCacheConfig.java
[DEBUG] Stale source detected: D:\code\github.com\yuruizhi\chy-boot\chy-boot-common\src\main\java\com\chy\boot\common\commons\api\AbstractBaseController.java
[DEBUG] Stale source detected: D:\code\github.com\yuruizhi\chy-boot\chy-boot-common\src\main\java\com\chy\boot\common\commons\exception\CheckParamException.java
[DEBUG] Stale source detected: D:\code\github.com\yuruizhi\chy-boot\chy-boot-common\src\main\java\com\chy\boot\common\commons\platform\auth\service\AuthService.java
[DEBUG] Stale source detected: D:\code\github.com\yuruizhi\chy-boot\chy-boot-common\src\main\java\com\chy\boot\common\commons\component\validate\ValidateMessage.java
[DEBUG] Stale source detected: D:\code\github.com\yuruizhi\chy-boot\chy-boot-common\src\main\java\com\chy\boot\common\commons\platform\auth\controller\JwtController.java
[DEBUG] Stale source detected: D:\code\github.com\yuruizhi\chy-boot\chy-boot-common\src\main\java\com\chy\boot\common\commons\security\JwtUtils.java
[DEBUG] Stale source detected: D:\code\github.com\yuruizhi\chy-boot\chy-boot-common\src\main\java\com\chy\boot\common\commons\idempotent\service\IdempotentTokenService.java
[DEBUG] Stale source detected: D:\code\github.com\yuruizhi\chy-boot\chy-boot-common\src\main\java\com\chy\boot\common\commons\util\StringPool.java
[DEBUG] Stale source detected: D:\code\github.com\yuruizhi\chy-boot\chy-boot-common\src\main\java\com\chy\boot\common\commons\component\log\LoggerFormat.java
[DEBUG] Stale source detected: D:\code\github.com\yuruizhi\chy-boot\chy-boot-common\src\main\java\com\chy\boot\common\commons\component\validate\Valid.java
[DEBUG] Stale source detected: D:\code\github.com\yuruizhi\chy-boot\chy-boot-common\src\main\java\com\chy\boot\common\commons\util\ConcurrentDateFormat.java
[DEBUG] Stale source detected: D:\code\github.com\yuruizhi\chy-boot\chy-boot-common\src\main\java\com\chy\boot\common\commons\platform\callback\BusinessError.java
[DEBUG] Stale source detected: D:\code\github.com\yuruizhi\chy-boot\chy-boot-common\src\main\java\com\chy\boot\common\commons\support\xss\HtmlFilter.java
[DEBUG] Stale source detected: D:\code\github.com\yuruizhi\chy-boot\chy-boot-common\src\main\java\com\chy\boot\common\commons\component\log\LoggerMessageDefine.java
[DEBUG] Stale source detected: D:\code\github.com\yuruizhi\chy-boot\chy-boot-common\src\main\java\com\chy\boot\common\commons\exception\ExceptionStringPool.java
[DEBUG] Stale source detected: D:\code\github.com\yuruizhi\chy-boot\chy-boot-common\src\main\java\com\chy\boot\common\commons\util\PatternMatchUtil.java
[DEBUG] Stale source detected: D:\code\github.com\yuruizhi\chy-boot\chy-boot-common\src\main\java\com\chy\boot\common\commons\Third\qm\QmConstant.java
[DEBUG] Stale source detected: D:\code\github.com\yuruizhi\chy-boot\chy-boot-common\src\main\java\com\chy\boot\common\config\ClientTypeConfig.java
[DEBUG] Stale source detected: D:\code\github.com\yuruizhi\chy-boot\chy-boot-common\src\main\java\com\chy\boot\common\commons\context\ContextCodeDefined.java
[DEBUG] Stale source detected: D:\code\github.com\yuruizhi\chy-boot\chy-boot-common\src\main\java\com\chy\boot\common\commons\context\SpringContextUtil.java
[DEBUG] Stale source detected: D:\code\github.com\yuruizhi\chy-boot\chy-boot-common\src\main\java\com\chy\boot\common\commons\component\log\LogStyle.java
[DEBUG] Stale source detected: D:\code\github.com\yuruizhi\chy-boot\chy-boot-common\src\main\java\com\chy\boot\common\commons\support\xss\XssHttpServletRequestWrapper.java
[DEBUG] Stale source detected: D:\code\github.com\yuruizhi\chy-boot\chy-boot-common\src\main\java\com\chy\boot\common\commons\config\CustomRequestMappingHandlerMapping.java
[DEBUG] Stale source detected: D:\code\github.com\yuruizhi\chy-boot\chy-boot-common\src\main\java\com\chy\boot\common\commons\platform\auth\component\PassToken.java
[DEBUG] Stale source detected: D:\code\github.com\yuruizhi\chy-boot\chy-boot-common\src\main\java\com\chy\boot\common\commons\config\DynamicDateSourceConfig.java
[DEBUG] Stale source detected: D:\code\github.com\yuruizhi\chy-boot\chy-boot-common\src\main\java\com\chy\boot\common\commons\context\ClientContext.java
[DEBUG] Stale source detected: D:\code\github.com\yuruizhi\chy-boot\chy-boot-common\src\main\java\com\chy\boot\common\commons\support\StrFormatter.java
[DEBUG] Stale source detected: D:\code\github.com\yuruizhi\chy-boot\chy-boot-common\src\main\java\com\chy\boot\common\commons\exception\DnConsoleException.java
[DEBUG] Stale source detected: D:\code\github.com\yuruizhi\chy-boot\chy-boot-common\src\main\java\com\chy\boot\common\commons\component\validate\ValidGroup.java
[DEBUG] Stale source detected: D:\code\github.com\yuruizhi\chy-boot\chy-boot-common\src\main\java\com\chy\boot\common\commons\filter\ExecuteContextFilter.java
[DEBUG] Stale source detected: D:\code\github.com\yuruizhi\chy-boot\chy-boot-common\src\main\java\com\chy\boot\common\commons\platform\auth\service\impl\UserServiceImpl.java
[DEBUG] Stale source detected: D:\code\github.com\yuruizhi\chy-boot\chy-boot-common\src\main\java\com\chy\boot\common\commons\component\cache\Setting.java
[DEBUG] Stale source detected: D:\code\github.com\yuruizhi\chy-boot\chy-boot-common\src\main\java\com\chy\boot\common\commons\component\constant\IEnum.java
[DEBUG] Stale source detected: D:\code\github.com\yuruizhi\chy-boot\chy-boot-common\src\main\java\com\chy\boot\common\commons\util\ClassUtil.java
[DEBUG] Stale source detected: D:\code\github.com\yuruizhi\chy-boot\chy-boot-common\src\main\java\com\chy\boot\common\commons\util\RandomType.java
[DEBUG] Stale source detected: D:\code\github.com\yuruizhi\chy-boot\chy-boot-common\src\main\java\com\chy\boot\common\commons\platform\auth\entity\AuthResponse.java
[DEBUG] Stale source detected: D:\code\github.com\yuruizhi\chy-boot\chy-boot-common\src\main\java\com\chy\boot\common\commons\util\DigestUtil.java
[DEBUG] Stale source detected: D:\code\github.com\yuruizhi\chy-boot\chy-boot-common\src\main\java\com\chy\boot\common\commons\component\cache\GlobalSettings.java
[DEBUG] Stale source detected: D:\code\github.com\yuruizhi\chy-boot\chy-boot-common\src\main\java\com\chy\boot\common\commons\component\log\converters\LocalIpConverter.java
[DEBUG] Stale source detected: D:\code\github.com\yuruizhi\chy-boot\chy-boot-common\src\main\java\com\chy\boot\common\commons\api\R.java
[DEBUG] Stale source detected: D:\code\github.com\yuruizhi\chy-boot\chy-boot-common\src\main\java\com\chy\boot\common\commons\support\xss\XssProperties.java
[DEBUG] Stale source detected: D:\code\github.com\yuruizhi\chy-boot\chy-boot-common\src\main\java\com\chy\boot\common\commons\util\StringUtil.java
[DEBUG] Stale source detected: D:\code\github.com\yuruizhi\chy-boot\chy-boot-common\src\main\java\com\chy\boot\common\commons\util\UrlUtil.java
[DEBUG] Stale source detected: D:\code\github.com\yuruizhi\chy-boot\chy-boot-common\src\main\java\com\chy\boot\common\commons\security\UserDetailsServiceImpl.java
[DEBUG] Stale source detected: D:\code\github.com\yuruizhi\chy-boot\chy-boot-common\src\main\java\com\chy\boot\common\commons\platform\auth\service\impl\JwtAuthService.java
[DEBUG] Stale source detected: D:\code\github.com\yuruizhi\chy-boot\chy-boot-common\src\main\java\com\chy\boot\common\commons\support\StrSpliter.java
[DEBUG] Stale source detected: D:\code\github.com\yuruizhi\chy-boot\chy-boot-common\src\main\java\com\chy\boot\common\commons\util\CollectionUtil.java
[DEBUG] Stale source detected: D:\code\github.com\yuruizhi\chy-boot\chy-boot-common\src\main\java\com\chy\boot\common\commons\component\cache\IGlobalSettingsGetter.java
[DEBUG] Stale source detected: D:\code\github.com\yuruizhi\chy-boot\chy-boot-common\src\main\java\com\chy\boot\common\commons\jackson\CyBeanSerializerModifier.java
[DEBUG] Stale source detected: D:\code\github.com\yuruizhi\chy-boot\chy-boot-common\src\main\java\com\chy\boot\common\commons\getter\ContextInfoGetter.java
[DEBUG] Stale source detected: D:\code\github.com\yuruizhi\chy-boot\chy-boot-common\src\main\java\com\chy\boot\common\commons\util\Func.java
[DEBUG] Stale source detected: D:\code\github.com\yuruizhi\chy-boot\chy-boot-common\src\main\java\com\chy\boot\common\commons\component\log\MyPatternLayout.java
[DEBUG] Stale source detected: D:\code\github.com\yuruizhi\chy-boot\chy-boot-common\src\main\java\com\chy\boot\common\commons\interceptor\ClientTypeInterceptor.java
[DEBUG] Stale source detected: D:\code\github.com\yuruizhi\chy-boot\chy-boot-common\src\main\java\com\chy\boot\common\commons\platform\auth\component\UserLoginToken.java
[DEBUG] Stale source detected: D:\code\github.com\yuruizhi\chy-boot\chy-boot-common\src\main\java\com\chy\boot\common\commons\constant\CommonConstant.java
[DEBUG] Stale source detected: D:\code\github.com\yuruizhi\chy-boot\chy-boot-common\src\main\java\com\chy\boot\common\commons\support\xss\XssAutoConfiguration.java
[DEBUG] Stale source detected: D:\code\github.com\yuruizhi\chy-boot\chy-boot-common\src\main\java\com\chy\boot\common\commons\util\ArrayUtil.java
[DEBUG] Stale source detected: D:\code\github.com\yuruizhi\chy-boot\chy-boot-common\src\main\java\com\chy\boot\common\commons\support\BaseBeanCopier.java
[DEBUG] Stale source detected: D:\code\github.com\yuruizhi\chy-boot\chy-boot-common\src\main\java\com\chy\boot\common\commons\component\log\converters\RequestIdConverter.java
[DEBUG] Stale source detected: D:\code\github.com\yuruizhi\chy-boot\chy-boot-common\src\main\java\com\chy\boot\common\commons\support\BeanProperty.java
[DEBUG] Stale source detected: D:\code\github.com\yuruizhi\chy-boot\chy-boot-common\src\main\java\com\chy\boot\common\commons\config\CustomRequestMappingHandlerMappingConfig.java
[DEBUG] Stale source detected: D:\code\github.com\yuruizhi\chy-boot\chy-boot-common\src\main\java\com\chy\boot\common\commons\constant\ChyConstant.java
[DEBUG] Stale source detected: D:\code\github.com\yuruizhi\chy-boot\chy-boot-common\src\main\java\com\chy\boot\common\commons\component\cache\RedisUtil.java
[DEBUG] Stale source detected: D:\code\github.com\yuruizhi\chy-boot\chy-boot-common\src\main\java\com\chy\boot\common\commons\config\ExecutorConfig.java
[DEBUG] Stale source detected: D:\code\github.com\yuruizhi\chy-boot\chy-boot-common\src\main\java\com\chy\boot\common\commons\platform\auth\service\IUserService.java
[DEBUG] Stale source detected: D:\code\github.com\yuruizhi\chy-boot\chy-boot-common\src\main\java\com\chy\boot\common\commons\config\DataSourceVirtualThreadConfig.java
[DEBUG] Stale source detected: D:\code\github.com\yuruizhi\chy-boot\chy-boot-common\src\main\java\com\chy\boot\common\commons\util\UUIDGenerator.java
[DEBUG] Stale source detected: D:\code\github.com\yuruizhi\chy-boot\chy-boot-common\src\main\java\com\chy\boot\common\commons\support\FastStringWriter.java
[DEBUG] Stale source detected: D:\code\github.com\yuruizhi\chy-boot\chy-boot-common\src\main\java\com\chy\boot\common\commons\platform\auth\entity\User.java
[DEBUG] Stale source detected: D:\code\github.com\yuruizhi\chy-boot\chy-boot-common\src\main\java\com\chy\boot\common\commons\util\OkHttpUtil.java
[INFO] Changes detected - recompiling the module! :source
[DEBUG] Classpath:
[DEBUG]  D:\code\github.com\yuruizhi\chy-boot\chy-boot-common\target\classes
[DEBUG]  C:\Users\pc\.m2\repository\com\baomidou\mybatis-plus-boot-starter\3.5.5\mybatis-plus-boot-starter-3.5.5.jar
[DEBUG]  C:\Users\pc\.m2\repository\com\baomidou\mybatis-plus\3.5.5\mybatis-plus-3.5.5.jar
[DEBUG]  C:\Users\pc\.m2\repository\com\baomidou\mybatis-plus-core\3.5.5\mybatis-plus-core-3.5.5.jar
[DEBUG]  C:\Users\pc\.m2\repository\com\baomidou\mybatis-plus-annotation\3.5.5\mybatis-plus-annotation-3.5.5.jar
[DEBUG]  C:\Users\pc\.m2\repository\com\baomidou\mybatis-plus-extension\3.5.5\mybatis-plus-extension-3.5.5.jar
[DEBUG]  C:\Users\pc\.m2\repository\org\mybatis\mybatis\3.5.15\mybatis-3.5.15.jar
[DEBUG]  C:\Users\pc\.m2\repository\com\github\jsqlparser\jsqlparser\4.6\jsqlparser-4.6.jar
[DEBUG]  C:\Users\pc\.m2\repository\org\mybatis\mybatis-spring\2.1.2\mybatis-spring-2.1.2.jar
[DEBUG]  C:\Users\pc\.m2\repository\com\baomidou\mybatis-plus-spring-boot-autoconfigure\3.5.5\mybatis-plus-spring-boot-autoconfigure-3.5.5.jar
[DEBUG]  C:\Users\pc\.m2\repository\org\springframework\boot\spring-boot-starter-jdbc\3.2.3\spring-boot-starter-jdbc-3.2.3.jar
[DEBUG]  C:\Users\pc\.m2\repository\com\zaxxer\HikariCP\5.1.0\HikariCP-5.1.0.jar
[DEBUG]  C:\Users\pc\.m2\repository\org\springframework\spring-jdbc\6.1.4\spring-jdbc-6.1.4.jar
[DEBUG]  C:\Users\pc\.m2\repository\cn\hutool\hutool-all\5.8.26\hutool-all-5.8.26.jar
[DEBUG]  C:\Users\pc\.m2\repository\com\mysql\mysql-connector-j\8.3.0\mysql-connector-j-8.3.0.jar
[DEBUG]  C:\Users\pc\.m2\repository\com\alibaba\druid-spring-boot-starter\1.2.21\druid-spring-boot-starter-1.2.21.jar
[DEBUG]  C:\Users\pc\.m2\repository\com\alibaba\druid\1.2.21\druid-1.2.21.jar
[DEBUG]  C:\Users\pc\.m2\repository\org\slf4j\slf4j-api\2.0.12\slf4j-api-2.0.12.jar
[DEBUG]  C:\Users\pc\.m2\repository\org\glassfish\jaxb\jaxb-runtime\4.0.4\jaxb-runtime-4.0.4.jar
[DEBUG]  C:\Users\pc\.m2\repository\org\glassfish\jaxb\jaxb-core\4.0.4\jaxb-core-4.0.4.jar
[DEBUG]  C:\Users\pc\.m2\repository\org\glassfish\jaxb\txw2\4.0.4\txw2-4.0.4.jar
[DEBUG]  C:\Users\pc\.m2\repository\com\sun\istack\istack-commons-runtime\4.1.2\istack-commons-runtime-4.1.2.jar
[DEBUG]  C:\Users\pc\.m2\repository\com\baomidou\dynamic-datasource-spring-boot-starter\4.2.0\dynamic-datasource-spring-boot-starter-4.2.0.jar
[DEBUG]  C:\Users\pc\.m2\repository\com\baomidou\dynamic-datasource-spring-boot-common\4.2.0\dynamic-datasource-spring-boot-common-4.2.0.jar
[DEBUG]  C:\Users\pc\.m2\repository\com\baomidou\dynamic-datasource-spring\4.2.0\dynamic-datasource-spring-4.2.0.jar
[DEBUG]  C:\Users\pc\.m2\repository\com\baomidou\dynamic-datasource-creator\4.2.0\dynamic-datasource-creator-4.2.0.jar
[DEBUG]  C:\Users\pc\.m2\repository\org\springframework\boot\spring-boot-starter-aop\3.2.3\spring-boot-starter-aop-3.2.3.jar
[DEBUG]  C:\Users\pc\.m2\repository\org\aspectj\aspectjweaver\1.9.21\aspectjweaver-1.9.21.jar
[DEBUG]  C:\Users\pc\.m2\repository\org\springframework\boot\spring-boot-starter-data-redis\3.2.3\spring-boot-starter-data-redis-3.2.3.jar
[DEBUG]  C:\Users\pc\.m2\repository\org\springframework\boot\spring-boot-starter\3.2.3\spring-boot-starter-3.2.3.jar
[DEBUG]  C:\Users\pc\.m2\repository\org\yaml\snakeyaml\2.2\snakeyaml-2.2.jar
[DEBUG]  C:\Users\pc\.m2\repository\io\lettuce\lettuce-core\6.3.1.RELEASE\lettuce-core-6.3.1.RELEASE.jar
[DEBUG]  C:\Users\pc\.m2\repository\io\netty\netty-common\4.1.107.Final\netty-common-4.1.107.Final.jar
[DEBUG]  C:\Users\pc\.m2\repository\io\netty\netty-handler\4.1.107.Final\netty-handler-4.1.107.Final.jar
[DEBUG]  C:\Users\pc\.m2\repository\io\netty\netty-resolver\4.1.107.Final\netty-resolver-4.1.107.Final.jar
[DEBUG]  C:\Users\pc\.m2\repository\io\netty\netty-buffer\4.1.107.Final\netty-buffer-4.1.107.Final.jar
[DEBUG]  C:\Users\pc\.m2\repository\io\netty\netty-transport-native-unix-common\4.1.107.Final\netty-transport-native-unix-common-4.1.107.Final.jar
[DEBUG]  C:\Users\pc\.m2\repository\io\netty\netty-codec\4.1.107.Final\netty-codec-4.1.107.Final.jar
[DEBUG]  C:\Users\pc\.m2\repository\io\netty\netty-transport\4.1.107.Final\netty-transport-4.1.107.Final.jar
[DEBUG]  C:\Users\pc\.m2\repository\io\projectreactor\reactor-core\3.6.3\reactor-core-3.6.3.jar
[DEBUG]  C:\Users\pc\.m2\repository\org\reactivestreams\reactive-streams\1.0.4\reactive-streams-1.0.4.jar
[DEBUG]  C:\Users\pc\.m2\repository\org\springframework\data\spring-data-redis\3.2.3\spring-data-redis-3.2.3.jar
[DEBUG]  C:\Users\pc\.m2\repository\org\springframework\data\spring-data-keyvalue\3.2.3\spring-data-keyvalue-3.2.3.jar
[DEBUG]  C:\Users\pc\.m2\repository\org\springframework\data\spring-data-commons\3.2.3\spring-data-commons-3.2.3.jar
[DEBUG]  C:\Users\pc\.m2\repository\org\springframework\spring-tx\6.1.4\spring-tx-6.1.4.jar
[DEBUG]  C:\Users\pc\.m2\repository\org\springframework\spring-oxm\6.1.4\spring-oxm-6.1.4.jar
[DEBUG]  C:\Users\pc\.m2\repository\org\apache\commons\commons-pool2\2.12.0\commons-pool2-2.12.0.jar
[DEBUG]  C:\Users\pc\.m2\repository\com\auth0\java-jwt\4.4.0\java-jwt-4.4.0.jar
[DEBUG]  C:\Users\pc\.m2\repository\com\fasterxml\jackson\core\jackson-databind\2.15.4\jackson-databind-2.15.4.jar
[DEBUG]  C:\Users\pc\.m2\repository\com\fasterxml\jackson\core\jackson-annotations\2.15.4\jackson-annotations-2.15.4.jar
[DEBUG]  C:\Users\pc\.m2\repository\com\fasterxml\jackson\core\jackson-core\2.15.4\jackson-core-2.15.4.jar
[DEBUG]  C:\Users\pc\.m2\repository\io\jsonwebtoken\jjwt-api\0.11.5\jjwt-api-0.11.5.jar
[DEBUG]  C:\Users\pc\.m2\repository\com\squareup\okhttp3\okhttp\4.12.0\okhttp-4.12.0.jar
[DEBUG]  C:\Users\pc\.m2\repository\com\squareup\okio\okio\3.6.0\okio-3.6.0.jar
[DEBUG]  C:\Users\pc\.m2\repository\com\squareup\okio\okio-jvm\3.6.0\okio-jvm-3.6.0.jar
[DEBUG]  C:\Users\pc\.m2\repository\org\jetbrains\kotlin\kotlin-stdlib-common\1.9.22\kotlin-stdlib-common-1.9.22.jar
[DEBUG]  C:\Users\pc\.m2\repository\org\jetbrains\kotlin\kotlin-stdlib-jdk8\1.9.22\kotlin-stdlib-jdk8-1.9.22.jar
[DEBUG]  C:\Users\pc\.m2\repository\org\jetbrains\kotlin\kotlin-stdlib\1.9.22\kotlin-stdlib-1.9.22.jar
[DEBUG]  C:\Users\pc\.m2\repository\org\jetbrains\annotations\13.0\annotations-13.0.jar
[DEBUG]  C:\Users\pc\.m2\repository\org\jetbrains\kotlin\kotlin-stdlib-jdk7\1.9.22\kotlin-stdlib-jdk7-1.9.22.jar
[DEBUG]  C:\Users\pc\.m2\repository\org\springdoc\springdoc-openapi-starter-webmvc-ui\2.3.0\springdoc-openapi-starter-webmvc-ui-2.3.0.jar
[DEBUG]  C:\Users\pc\.m2\repository\org\springdoc\springdoc-openapi-starter-webmvc-api\2.3.0\springdoc-openapi-starter-webmvc-api-2.3.0.jar
[DEBUG]  C:\Users\pc\.m2\repository\org\springdoc\springdoc-openapi-starter-common\2.3.0\springdoc-openapi-starter-common-2.3.0.jar
[DEBUG]  C:\Users\pc\.m2\repository\io\swagger\core\v3\swagger-core-jakarta\2.2.19\swagger-core-jakarta-2.2.19.jar
[DEBUG]  C:\Users\pc\.m2\repository\org\apache\commons\commons-lang3\3.13.0\commons-lang3-3.13.0.jar
[DEBUG]  C:\Users\pc\.m2\repository\io\swagger\core\v3\swagger-annotations-jakarta\2.2.19\swagger-annotations-jakarta-2.2.19.jar
[DEBUG]  C:\Users\pc\.m2\repository\io\swagger\core\v3\swagger-models-jakarta\2.2.19\swagger-models-jakarta-2.2.19.jar
[DEBUG]  C:\Users\pc\.m2\repository\com\fasterxml\jackson\dataformat\jackson-dataformat-yaml\2.15.4\jackson-dataformat-yaml-2.15.4.jar
[DEBUG]  C:\Users\pc\.m2\repository\org\webjars\swagger-ui\5.10.3\swagger-ui-5.10.3.jar
[DEBUG]  C:\Users\pc\.m2\repository\com\github\xiaoymin\knife4j-openapi3-jakarta-spring-boot-starter\4.4.0\knife4j-openapi3-jakarta-spring-boot-starter-4.4.0.jar
[DEBUG]  C:\Users\pc\.m2\repository\com\github\xiaoymin\knife4j-core\4.4.0\knife4j-core-4.4.0.jar
[DEBUG]  C:\Users\pc\.m2\repository\com\github\xiaoymin\knife4j-openapi3-ui\4.4.0\knife4j-openapi3-ui-4.4.0.jar
[DEBUG]  C:\Users\pc\.m2\repository\com\alibaba\fastjson\2.0.47\fastjson-2.0.47.jar
[DEBUG]  C:\Users\pc\.m2\repository\com\alibaba\fastjson2\fastjson2-extension\2.0.47\fastjson2-extension-2.0.47.jar
[DEBUG]  C:\Users\pc\.m2\repository\com\alibaba\fastjson2\fastjson2\2.0.47\fastjson2-2.0.47.jar
[DEBUG]  C:\Users\pc\.m2\repository\net\coobird\thumbnailator\0.4.20\thumbnailator-0.4.20.jar
[DEBUG]  C:\Users\pc\.m2\repository\com\google\guava\guava\33.0.0-jre\guava-33.0.0-jre.jar
[DEBUG]  C:\Users\pc\.m2\repository\com\google\guava\failureaccess\1.0.2\failureaccess-1.0.2.jar
[DEBUG]  C:\Users\pc\.m2\repository\com\google\guava\listenablefuture\9999.0-empty-to-avoid-conflict-with-guava\listenablefuture-9999.0-empty-to-avoid-conflict-with-guava.jar
[DEBUG]  C:\Users\pc\.m2\repository\com\google\code\findbugs\jsr305\3.0.2\jsr305-3.0.2.jar
[DEBUG]  C:\Users\pc\.m2\repository\org\checkerframework\checker-qual\3.41.0\checker-qual-3.41.0.jar
[DEBUG]  C:\Users\pc\.m2\repository\com\google\errorprone\error_prone_annotations\2.23.0\error_prone_annotations-2.23.0.jar
[DEBUG]  C:\Users\pc\.m2\repository\com\google\j2objc\j2objc-annotations\2.8\j2objc-annotations-2.8.jar
[DEBUG]  C:\Users\pc\.m2\repository\org\springframework\boot\spring-boot-autoconfigure\3.2.3\spring-boot-autoconfigure-3.2.3.jar
[DEBUG]  C:\Users\pc\.m2\repository\org\springframework\boot\spring-boot\3.2.3\spring-boot-3.2.3.jar
[DEBUG]  C:\Users\pc\.m2\repository\org\springframework\spring-context\6.1.4\spring-context-6.1.4.jar
[DEBUG]  C:\Users\pc\.m2\repository\com\github\lianjiatech\retrofit-spring-boot-starter\2.3.7\retrofit-spring-boot-starter-2.3.7.jar
[DEBUG]  C:\Users\pc\.m2\repository\com\squareup\retrofit2\retrofit\2.9.0\retrofit-2.9.0.jar
[DEBUG]  C:\Users\pc\.m2\repository\com\squareup\retrofit2\converter-jackson\2.9.0\converter-jackson-2.9.0.jar
[DEBUG]  C:\Users\pc\.m2\repository\javax\annotation\javax.annotation-api\1.3.2\javax.annotation-api-1.3.2.jar
[DEBUG]  C:\Users\pc\.m2\repository\com\squareup\okhttp3\logging-interceptor\4.12.0\logging-interceptor-4.12.0.jar
[DEBUG]  C:\Users\pc\.m2\repository\jakarta\servlet\jakarta.servlet-api\6.0.0\jakarta.servlet-api-6.0.0.jar
[DEBUG]  C:\Users\pc\.m2\repository\jakarta\annotation\jakarta.annotation-api\2.1.1\jakarta.annotation-api-2.1.1.jar
[DEBUG]  C:\Users\pc\.m2\repository\org\springframework\boot\spring-boot-starter-cache\3.2.3\spring-boot-starter-cache-3.2.3.jar
[DEBUG]  C:\Users\pc\.m2\repository\org\springframework\spring-context-support\6.1.4\spring-context-support-6.1.4.jar
[DEBUG]  C:\Users\pc\.m2\repository\org\springframework\spring-beans\6.1.4\spring-beans-6.1.4.jar
[DEBUG]  C:\Users\pc\.m2\repository\com\github\ben-manes\caffeine\caffeine\3.1.8\caffeine-3.1.8.jar
[DEBUG]  C:\Users\pc\.m2\repository\net\logstash\logback\logstash-logback-encoder\7.3\logstash-logback-encoder-7.3.jar
[DEBUG]  C:\Users\pc\.m2\repository\io\micrometer\micrometer-core\1.12.3\micrometer-core-1.12.3.jar
[DEBUG]  C:\Users\pc\.m2\repository\io\micrometer\micrometer-commons\1.12.3\micrometer-commons-1.12.3.jar
[DEBUG]  C:\Users\pc\.m2\repository\io\micrometer\micrometer-observation\1.12.3\micrometer-observation-1.12.3.jar
[DEBUG]  C:\Users\pc\.m2\repository\jakarta\xml\bind\jakarta.xml.bind-api\4.0.1\jakarta.xml.bind-api-4.0.1.jar
[DEBUG]  C:\Users\pc\.m2\repository\jakarta\activation\jakarta.activation-api\2.1.2\jakarta.activation-api-2.1.2.jar
[DEBUG]  C:\Users\pc\.m2\repository\org\springframework\spring-core\6.1.4\spring-core-6.1.4.jar
[DEBUG]  C:\Users\pc\.m2\repository\org\springframework\spring-jcl\6.1.4\spring-jcl-6.1.4.jar
[DEBUG]  C:\Users\pc\.m2\repository\org\springframework\boot\spring-boot-starter-web\3.2.3\spring-boot-starter-web-3.2.3.jar
[DEBUG]  C:\Users\pc\.m2\repository\org\springframework\boot\spring-boot-starter-json\3.2.3\spring-boot-starter-json-3.2.3.jar
[DEBUG]  C:\Users\pc\.m2\repository\com\fasterxml\jackson\datatype\jackson-datatype-jdk8\2.15.4\jackson-datatype-jdk8-2.15.4.jar
[DEBUG]  C:\Users\pc\.m2\repository\com\fasterxml\jackson\datatype\jackson-datatype-jsr310\2.15.4\jackson-datatype-jsr310-2.15.4.jar
[DEBUG]  C:\Users\pc\.m2\repository\com\fasterxml\jackson\module\jackson-module-parameter-names\2.15.4\jackson-module-parameter-names-2.15.4.jar
[DEBUG]  C:\Users\pc\.m2\repository\org\springframework\boot\spring-boot-starter-tomcat\3.2.3\spring-boot-starter-tomcat-3.2.3.jar
[DEBUG]  C:\Users\pc\.m2\repository\org\apache\tomcat\embed\tomcat-embed-core\10.1.19\tomcat-embed-core-10.1.19.jar
[DEBUG]  C:\Users\pc\.m2\repository\org\apache\tomcat\embed\tomcat-embed-websocket\10.1.19\tomcat-embed-websocket-10.1.19.jar
[DEBUG]  C:\Users\pc\.m2\repository\org\springframework\spring-web\6.1.4\spring-web-6.1.4.jar
[DEBUG]  C:\Users\pc\.m2\repository\org\springframework\spring-webmvc\6.1.4\spring-webmvc-6.1.4.jar
[DEBUG]  C:\Users\pc\.m2\repository\org\springframework\spring-expression\6.1.4\spring-expression-6.1.4.jar
[DEBUG]  C:\Users\pc\.m2\repository\org\springframework\boot\spring-boot-starter-logging\3.2.3\spring-boot-starter-logging-3.2.3.jar
[DEBUG]  C:\Users\pc\.m2\repository\ch\qos\logback\logback-classic\1.4.14\logback-classic-1.4.14.jar
[DEBUG]  C:\Users\pc\.m2\repository\ch\qos\logback\logback-core\1.4.14\logback-core-1.4.14.jar
[DEBUG]  C:\Users\pc\.m2\repository\org\apache\logging\log4j\log4j-to-slf4j\2.21.1\log4j-to-slf4j-2.21.1.jar
[DEBUG]  C:\Users\pc\.m2\repository\org\apache\logging\log4j\log4j-api\2.21.1\log4j-api-2.21.1.jar
[DEBUG]  C:\Users\pc\.m2\repository\org\slf4j\jul-to-slf4j\2.0.12\jul-to-slf4j-2.0.12.jar
[DEBUG]  C:\Users\pc\.m2\repository\org\projectlombok\lombok\1.18.30\lombok-1.18.30.jar
[DEBUG]  C:\Users\pc\.m2\repository\org\springframework\boot\spring-boot-starter-validation\3.2.3\spring-boot-starter-validation-3.2.3.jar
[DEBUG]  C:\Users\pc\.m2\repository\org\apache\tomcat\embed\tomcat-embed-el\10.1.19\tomcat-embed-el-10.1.19.jar
[DEBUG]  C:\Users\pc\.m2\repository\org\hibernate\validator\hibernate-validator\8.0.1.Final\hibernate-validator-8.0.1.Final.jar
[DEBUG]  C:\Users\pc\.m2\repository\jakarta\validation\jakarta.validation-api\3.0.2\jakarta.validation-api-3.0.2.jar
[DEBUG]  C:\Users\pc\.m2\repository\org\jboss\logging\jboss-logging\3.5.3.Final\jboss-logging-3.5.3.Final.jar
[DEBUG]  C:\Users\pc\.m2\repository\com\fasterxml\classmate\1.6.0\classmate-1.6.0.jar
[DEBUG]  C:\Users\pc\.m2\repository\org\springframework\boot\spring-boot-starter-security\3.2.3\spring-boot-starter-security-3.2.3.jar
[DEBUG]  C:\Users\pc\.m2\repository\org\springframework\spring-aop\6.1.4\spring-aop-6.1.4.jar
[DEBUG]  C:\Users\pc\.m2\repository\org\springframework\security\spring-security-config\6.2.2\spring-security-config-6.2.2.jar
[DEBUG]  C:\Users\pc\.m2\repository\org\springframework\security\spring-security-core\6.2.2\spring-security-core-6.2.2.jar
[DEBUG]  C:\Users\pc\.m2\repository\org\springframework\security\spring-security-crypto\6.2.2\spring-security-crypto-6.2.2.jar
[DEBUG]  C:\Users\pc\.m2\repository\org\springframework\security\spring-security-web\6.2.2\spring-security-web-6.2.2.jar
[DEBUG] Source roots:
[DEBUG]  D:\code\github.com\yuruizhi\chy-boot\chy-boot-common\src\main\java
[DEBUG]  D:\code\github.com\yuruizhi\chy-boot\chy-boot-common\target\generated-sources\annotations
[DEBUG] Command line options:
[DEBUG] -d D:\code\github.com\yuruizhi\chy-boot\chy-boot-common\target\classes -classpath D:\code\github.com\yuruizhi\chy-boot\chy-boot-common\target\classes;C:\Users\pc\.m2\repository\com\baomidou\mybatis-plus-boot-starter\3.5.5\mybatis-plus-boot-starter-3.5.5.jar;C:\Users\pc\.m2\repository\com\baomidou\mybatis-plus\3.5.5\mybatis-plus-3.5.5.jar;C:\Users\pc\.m2\repository\com\baomidou\mybatis-plus-core\3.5.5\mybatis-plus-core-3.5.5.jar;C:\Users\pc\.m2\repository\com\baomidou\mybatis-plus-annotation\3.5.5\mybatis-plus-annotation-3.5.5.jar;C:\Users\pc\.m2\repository\com\baomidou\mybatis-plus-extension\3.5.5\mybatis-plus-extension-3.5.5.jar;C:\Users\pc\.m2\repository\org\mybatis\mybatis\3.5.15\mybatis-3.5.15.jar;C:\Users\pc\.m2\repository\com\github\jsqlparser\jsqlparser\4.6\jsqlparser-4.6.jar;C:\Users\pc\.m2\repository\org\mybatis\mybatis-spring\2.1.2\mybatis-spring-2.1.2.jar;C:\Users\pc\.m2\repository\com\baomidou\mybatis-plus-spring-boot-autoconfigure\3.5.5\mybatis-plus-spring-boot-autoconfigure-3.5.5.jar;C:\Users\pc\.m2\repository\org\springframework\boot\spring-boot-starter-jdbc\3.2.3\spring-boot-starter-jdbc-3.2.3.jar;C:\Users\pc\.m2\repository\com\zaxxer\HikariCP\5.1.0\HikariCP-5.1.0.jar;C:\Users\pc\.m2\repository\org\springframework\spring-jdbc\6.1.4\spring-jdbc-6.1.4.jar;C:\Users\pc\.m2\repository\cn\hutool\hutool-all\5.8.26\hutool-all-5.8.26.jar;C:\Users\pc\.m2\repository\com\mysql\mysql-connector-j\8.3.0\mysql-connector-j-8.3.0.jar;C:\Users\pc\.m2\repository\com\alibaba\druid-spring-boot-starter\1.2.21\druid-spring-boot-starter-1.2.21.jar;C:\Users\pc\.m2\repository\com\alibaba\druid\1.2.21\druid-1.2.21.jar;C:\Users\pc\.m2\repository\org\slf4j\slf4j-api\2.0.12\slf4j-api-2.0.12.jar;C:\Users\pc\.m2\repository\org\glassfish\jaxb\jaxb-runtime\4.0.4\jaxb-runtime-4.0.4.jar;C:\Users\pc\.m2\repository\org\glassfish\jaxb\jaxb-core\4.0.4\jaxb-core-4.0.4.jar;C:\Users\pc\.m2\repository\org\glassfish\jaxb\txw2\4.0.4\txw2-4.0.4.jar;C:\Users\pc\.m2\repository\com\sun\istack\istack-commons-runtime\4.1.2\istack-commons-runtime-4.1.2.jar;C:\Users\pc\.m2\repository\com\baomidou\dynamic-datasource-spring-boot-starter\4.2.0\dynamic-datasource-spring-boot-starter-4.2.0.jar;C:\Users\pc\.m2\repository\com\baomidou\dynamic-datasource-spring-boot-common\4.2.0\dynamic-datasource-spring-boot-common-4.2.0.jar;C:\Users\pc\.m2\repository\com\baomidou\dynamic-datasource-spring\4.2.0\dynamic-datasource-spring-4.2.0.jar;C:\Users\pc\.m2\repository\com\baomidou\dynamic-datasource-creator\4.2.0\dynamic-datasource-creator-4.2.0.jar;C:\Users\pc\.m2\repository\org\springframework\boot\spring-boot-starter-aop\3.2.3\spring-boot-starter-aop-3.2.3.jar;C:\Users\pc\.m2\repository\org\aspectj\aspectjweaver\1.9.21\aspectjweaver-1.9.21.jar;C:\Users\pc\.m2\repository\org\springframework\boot\spring-boot-starter-data-redis\3.2.3\spring-boot-starter-data-redis-3.2.3.jar;C:\Users\pc\.m2\repository\org\springframework\boot\spring-boot-starter\3.2.3\spring-boot-starter-3.2.3.jar;C:\Users\pc\.m2\repository\org\yaml\snakeyaml\2.2\snakeyaml-2.2.jar;C:\Users\pc\.m2\repository\io\lettuce\lettuce-core\6.3.1.RELEASE\lettuce-core-6.3.1.RELEASE.jar;C:\Users\pc\.m2\repository\io\netty\netty-common\4.1.107.Final\netty-common-4.1.107.Final.jar;C:\Users\pc\.m2\repository\io\netty\netty-handler\4.1.107.Final\netty-handler-4.1.107.Final.jar;C:\Users\pc\.m2\repository\io\netty\netty-resolver\4.1.107.Final\netty-resolver-4.1.107.Final.jar;C:\Users\pc\.m2\repository\io\netty\netty-buffer\4.1.107.Final\netty-buffer-4.1.107.Final.jar;C:\Users\pc\.m2\repository\io\netty\netty-transport-native-unix-common\4.1.107.Final\netty-transport-native-unix-common-4.1.107.Final.jar;C:\Users\pc\.m2\repository\io\netty\netty-codec\4.1.107.Final\netty-codec-4.1.107.Final.jar;C:\Users\pc\.m2\repository\io\netty\netty-transport\4.1.107.Final\netty-transport-4.1.107.Final.jar;C:\Users\pc\.m2\repository\io\projectreactor\reactor-core\3.6.3\reactor-core-3.6.3.jar;C:\Users\pc\.m2\repository\org\reactivestreams\reactive-streams\1.0.4\reactive-streams-1.0.4.jar;C:\Users\pc\.m2\repository\org\springframework\data\spring-data-redis\3.2.3\spring-data-redis-3.2.3.jar;C:\Users\pc\.m2\repository\org\springframework\data\spring-data-keyvalue\3.2.3\spring-data-keyvalue-3.2.3.jar;C:\Users\pc\.m2\repository\org\springframework\data\spring-data-commons\3.2.3\spring-data-commons-3.2.3.jar;C:\Users\pc\.m2\repository\org\springframework\spring-tx\6.1.4\spring-tx-6.1.4.jar;C:\Users\pc\.m2\repository\org\springframework\spring-oxm\6.1.4\spring-oxm-6.1.4.jar;C:\Users\pc\.m2\repository\org\apache\commons\commons-pool2\2.12.0\commons-pool2-2.12.0.jar;C:\Users\pc\.m2\repository\com\auth0\java-jwt\4.4.0\java-jwt-4.4.0.jar;C:\Users\pc\.m2\repository\com\fasterxml\jackson\core\jackson-databind\2.15.4\jackson-databind-2.15.4.jar;C:\Users\pc\.m2\repository\com\fasterxml\jackson\core\jackson-annotations\2.15.4\jackson-annotations-2.15.4.jar;C:\Users\pc\.m2\repository\com\fasterxml\jackson\core\jackson-core\2.15.4\jackson-core-2.15.4.jar;C:\Users\pc\.m2\repository\io\jsonwebtoken\jjwt-api\0.11.5\jjwt-api-0.11.5.jar;C:\Users\pc\.m2\repository\com\squareup\okhttp3\okhttp\4.12.0\okhttp-4.12.0.jar;C:\Users\pc\.m2\repository\com\squareup\okio\okio\3.6.0\okio-3.6.0.jar;C:\Users\pc\.m2\repository\com\squareup\okio\okio-jvm\3.6.0\okio-jvm-3.6.0.jar;C:\Users\pc\.m2\repository\org\jetbrains\kotlin\kotlin-stdlib-common\1.9.22\kotlin-stdlib-common-1.9.22.jar;C:\Users\pc\.m2\repository\org\jetbrains\kotlin\kotlin-stdlib-jdk8\1.9.22\kotlin-stdlib-jdk8-1.9.22.jar;C:\Users\pc\.m2\repository\org\jetbrains\kotlin\kotlin-stdlib\1.9.22\kotlin-stdlib-1.9.22.jar;C:\Users\pc\.m2\repository\org\jetbrains\annotations\13.0\annotations-13.0.jar;C:\Users\pc\.m2\repository\org\jetbrains\kotlin\kotlin-stdlib-jdk7\1.9.22\kotlin-stdlib-jdk7-1.9.22.jar;C:\Users\pc\.m2\repository\org\springdoc\springdoc-openapi-starter-webmvc-ui\2.3.0\springdoc-openapi-starter-webmvc-ui-2.3.0.jar;C:\Users\pc\.m2\repository\org\springdoc\springdoc-openapi-starter-webmvc-api\2.3.0\springdoc-openapi-starter-webmvc-api-2.3.0.jar;C:\Users\pc\.m2\repository\org\springdoc\springdoc-openapi-starter-common\2.3.0\springdoc-openapi-starter-common-2.3.0.jar;C:\Users\pc\.m2\repository\io\swagger\core\v3\swagger-core-jakarta\2.2.19\swagger-core-jakarta-2.2.19.jar;C:\Users\pc\.m2\repository\org\apache\commons\commons-lang3\3.13.0\commons-lang3-3.13.0.jar;C:\Users\pc\.m2\repository\io\swagger\core\v3\swagger-annotations-jakarta\2.2.19\swagger-annotations-jakarta-2.2.19.jar;C:\Users\pc\.m2\repository\io\swagger\core\v3\swagger-models-jakarta\2.2.19\swagger-models-jakarta-2.2.19.jar;C:\Users\pc\.m2\repository\com\fasterxml\jackson\dataformat\jackson-dataformat-yaml\2.15.4\jackson-dataformat-yaml-2.15.4.jar;C:\Users\pc\.m2\repository\org\webjars\swagger-ui\5.10.3\swagger-ui-5.10.3.jar;C:\Users\pc\.m2\repository\com\github\xiaoymin\knife4j-openapi3-jakarta-spring-boot-starter\4.4.0\knife4j-openapi3-jakarta-spring-boot-starter-4.4.0.jar;C:\Users\pc\.m2\repository\com\github\xiaoymin\knife4j-core\4.4.0\knife4j-core-4.4.0.jar;C:\Users\pc\.m2\repository\com\github\xiaoymin\knife4j-openapi3-ui\4.4.0\knife4j-openapi3-ui-4.4.0.jar;C:\Users\pc\.m2\repository\com\alibaba\fastjson\2.0.47\fastjson-2.0.47.jar;C:\Users\pc\.m2\repository\com\alibaba\fastjson2\fastjson2-extension\2.0.47\fastjson2-extension-2.0.47.jar;C:\Users\pc\.m2\repository\com\alibaba\fastjson2\fastjson2\2.0.47\fastjson2-2.0.47.jar;C:\Users\pc\.m2\repository\net\coobird\thumbnailator\0.4.20\thumbnailator-0.4.20.jar;C:\Users\pc\.m2\repository\com\google\guava\guava\33.0.0-jre\guava-33.0.0-jre.jar;C:\Users\pc\.m2\repository\com\google\guava\failureaccess\1.0.2\failureaccess-1.0.2.jar;C:\Users\pc\.m2\repository\com\google\guava\listenablefuture\9999.0-empty-to-avoid-conflict-with-guava\listenablefuture-9999.0-empty-to-avoid-conflict-with-guava.jar;C:\Users\pc\.m2\repository\com\google\code\findbugs\jsr305\3.0.2\jsr305-3.0.2.jar;C:\Users\pc\.m2\repository\org\checkerframework\checker-qual\3.41.0\checker-qual-3.41.0.jar;C:\Users\pc\.m2\repository\com\google\errorprone\error_prone_annotations\2.23.0\error_prone_annotations-2.23.0.jar;C:\Users\pc\.m2\repository\com\google\j2objc\j2objc-annotations\2.8\j2objc-annotations-2.8.jar;C:\Users\pc\.m2\repository\org\springframework\boot\spring-boot-autoconfigure\3.2.3\spring-boot-autoconfigure-3.2.3.jar;C:\Users\pc\.m2\repository\org\springframework\boot\spring-boot\3.2.3\spring-boot-3.2.3.jar;C:\Users\pc\.m2\repository\org\springframework\spring-context\6.1.4\spring-context-6.1.4.jar;C:\Users\pc\.m2\repository\com\github\lianjiatech\retrofit-spring-boot-starter\2.3.7\retrofit-spring-boot-starter-2.3.7.jar;C:\Users\pc\.m2\repository\com\squareup\retrofit2\retrofit\2.9.0\retrofit-2.9.0.jar;C:\Users\pc\.m2\repository\com\squareup\retrofit2\converter-jackson\2.9.0\converter-jackson-2.9.0.jar;C:\Users\pc\.m2\repository\javax\annotation\javax.annotation-api\1.3.2\javax.annotation-api-1.3.2.jar;C:\Users\pc\.m2\repository\com\squareup\okhttp3\logging-interceptor\4.12.0\logging-interceptor-4.12.0.jar;C:\Users\pc\.m2\repository\jakarta\servlet\jakarta.servlet-api\6.0.0\jakarta.servlet-api-6.0.0.jar;C:\Users\pc\.m2\repository\jakarta\annotation\jakarta.annotation-api\2.1.1\jakarta.annotation-api-2.1.1.jar;C:\Users\pc\.m2\repository\org\springframework\boot\spring-boot-starter-cache\3.2.3\spring-boot-starter-cache-3.2.3.jar;C:\Users\pc\.m2\repository\org\springframework\spring-context-support\6.1.4\spring-context-support-6.1.4.jar;C:\Users\pc\.m2\repository\org\springframework\spring-beans\6.1.4\spring-beans-6.1.4.jar;C:\Users\pc\.m2\repository\com\github\ben-manes\caffeine\caffeine\3.1.8\caffeine-3.1.8.jar;C:\Users\pc\.m2\repository\net\logstash\logback\logstash-logback-encoder\7.3\logstash-logback-encoder-7.3.jar;C:\Users\pc\.m2\repository\io\micrometer\micrometer-core\1.12.3\micrometer-core-1.12.3.jar;C:\Users\pc\.m2\repository\io\micrometer\micrometer-commons\1.12.3\micrometer-commons-1.12.3.jar;C:\Users\pc\.m2\repository\io\micrometer\micrometer-observation\1.12.3\micrometer-observation-1.12.3.jar;C:\Users\pc\.m2\repository\jakarta\xml\bind\jakarta.xml.bind-api\4.0.1\jakarta.xml.bind-api-4.0.1.jar;C:\Users\pc\.m2\repository\jakarta\activation\jakarta.activation-api\2.1.2\jakarta.activation-api-2.1.2.jar;C:\Users\pc\.m2\repository\org\springframework\spring-core\6.1.4\spring-core-6.1.4.jar;C:\Users\pc\.m2\repository\org\springframework\spring-jcl\6.1.4\spring-jcl-6.1.4.jar;C:\Users\pc\.m2\repository\org\springframework\boot\spring-boot-starter-web\3.2.3\spring-boot-starter-web-3.2.3.jar;C:\Users\pc\.m2\repository\org\springframework\boot\spring-boot-starter-json\3.2.3\spring-boot-starter-json-3.2.3.jar;C:\Users\pc\.m2\repository\com\fasterxml\jackson\datatype\jackson-datatype-jdk8\2.15.4\jackson-datatype-jdk8-2.15.4.jar;C:\Users\pc\.m2\repository\com\fasterxml\jackson\datatype\jackson-datatype-jsr310\2.15.4\jackson-datatype-jsr310-2.15.4.jar;C:\Users\pc\.m2\repository\com\fasterxml\jackson\module\jackson-module-parameter-names\2.15.4\jackson-module-parameter-names-2.15.4.jar;C:\Users\pc\.m2\repository\org\springframework\boot\spring-boot-starter-tomcat\3.2.3\spring-boot-starter-tomcat-3.2.3.jar;C:\Users\pc\.m2\repository\org\apache\tomcat\embed\tomcat-embed-core\10.1.19\tomcat-embed-core-10.1.19.jar;C:\Users\pc\.m2\repository\org\apache\tomcat\embed\tomcat-embed-websocket\10.1.19\tomcat-embed-websocket-10.1.19.jar;C:\Users\pc\.m2\repository\org\springframework\spring-web\6.1.4\spring-web-6.1.4.jar;C:\Users\pc\.m2\repository\org\springframework\spring-webmvc\6.1.4\spring-webmvc-6.1.4.jar;C:\Users\pc\.m2\repository\org\springframework\spring-expression\6.1.4\spring-expression-6.1.4.jar;C:\Users\pc\.m2\repository\org\springframework\boot\spring-boot-starter-logging\3.2.3\spring-boot-starter-logging-3.2.3.jar;C:\Users\pc\.m2\repository\ch\qos\logback\logback-classic\1.4.14\logback-classic-1.4.14.jar;C:\Users\pc\.m2\repository\ch\qos\logback\logback-core\1.4.14\logback-core-1.4.14.jar;C:\Users\pc\.m2\repository\org\apache\logging\log4j\log4j-to-slf4j\2.21.1\log4j-to-slf4j-2.21.1.jar;C:\Users\pc\.m2\repository\org\apache\logging\log4j\log4j-api\2.21.1\log4j-api-2.21.1.jar;C:\Users\pc\.m2\repository\org\slf4j\jul-to-slf4j\2.0.12\jul-to-slf4j-2.0.12.jar;C:\Users\pc\.m2\repository\org\projectlombok\lombok\1.18.30\lombok-1.18.30.jar;C:\Users\pc\.m2\repository\org\springframework\boot\spring-boot-starter-validation\3.2.3\spring-boot-starter-validation-3.2.3.jar;C:\Users\pc\.m2\repository\org\apache\tomcat\embed\tomcat-embed-el\10.1.19\tomcat-embed-el-10.1.19.jar;C:\Users\pc\.m2\repository\org\hibernate\validator\hibernate-validator\8.0.1.Final\hibernate-validator-8.0.1.Final.jar;C:\Users\pc\.m2\repository\jakarta\validation\jakarta.validation-api\3.0.2\jakarta.validation-api-3.0.2.jar;C:\Users\pc\.m2\repository\org\jboss\logging\jboss-logging\3.5.3.Final\jboss-logging-3.5.3.Final.jar;C:\Users\pc\.m2\repository\com\fasterxml\classmate\1.6.0\classmate-1.6.0.jar;C:\Users\pc\.m2\repository\org\springframework\boot\spring-boot-starter-security\3.2.3\spring-boot-starter-security-3.2.3.jar;C:\Users\pc\.m2\repository\org\springframework\spring-aop\6.1.4\spring-aop-6.1.4.jar;C:\Users\pc\.m2\repository\org\springframework\security\spring-security-config\6.2.2\spring-security-config-6.2.2.jar;C:\Users\pc\.m2\repository\org\springframework\security\spring-security-core\6.2.2\spring-security-core-6.2.2.jar;C:\Users\pc\.m2\repository\org\springframework\security\spring-security-crypto\6.2.2\spring-security-crypto-6.2.2.jar;C:\Users\pc\.m2\repository\org\springframework\security\spring-security-web\6.2.2\spring-security-web-6.2.2.jar; -sourcepath D:\code\github.com\yuruizhi\chy-boot\chy-boot-common\src\main\java;D:\code\github.com\yuruizhi\chy-boot\chy-boot-common\target\generated-sources\annotations; D:\code\github.com\yuruizhi\chy-boot\chy-boot-common\src\main\java\com\chy\boot\common\commons\exception\ThirdApiException.java D:\code\github.com\yuruizhi\chy-boot\chy-boot-common\src\main\java\com\chy\boot\common\commons\jackson\CyBeanSerializerModifier.java D:\code\github.com\yuruizhi\chy-boot\chy-boot-common\src\main\java\com\chy\boot\common\commons\interceptor\ExecuteContextInterceptor.java D:\code\github.com\yuruizhi\chy-boot\chy-boot-common\src\main\java\com\chy\boot\common\commons\util\StringUtil.java D:\code\github.com\yuruizhi\chy-boot\chy-boot-common\src\main\java\com\chy\boot\common\commons\config\DataSourceVirtualThreadConfig.java D:\code\github.com\yuruizhi\chy-boot\chy-boot-common\src\main\java\com\chy\boot\common\commons\constant\CommonConstant.java D:\code\github.com\yuruizhi\chy-boot\chy-boot-common\src\main\java\com\chy\boot\common\commons\api\AbstractBaseController.java D:\code\github.com\yuruizhi\chy-boot\chy-boot-common\src\main\java\com\chy\boot\common\commons\util\BeanUtil.java D:\code\github.com\yuruizhi\chy-boot\chy-boot-common\src\main\java\com\chy\boot\common\commons\component\cache\Setting.java D:\code\github.com\yuruizhi\chy-boot\chy-boot-common\src\main\java\com\chy\boot\common\commons\Third\qm\QmConstant.java D:\code\github.com\yuruizhi\chy-boot\chy-boot-common\src\main\java\com\chy\boot\common\commons\platform\auth\controller\JwtController.java D:\code\github.com\yuruizhi\chy-boot\chy-boot-common\src\main\java\com\chy\boot\common\commons\platform\auth\service\impl\UserServiceImpl.java D:\code\github.com\yuruizhi\chy-boot\chy-boot-common\src\main\java\com\chy\boot\common\commons\util\OkHttpUtil.java D:\code\github.com\yuruizhi\chy-boot\chy-boot-common\src\main\java\com\chy\boot\common\commons\support\StrFormatter.java D:\code\github.com\yuruizhi\chy-boot\chy-boot-common\src\main\java\com\chy\boot\common\commons\util\RandomType.java D:\code\github.com\yuruizhi\chy-boot\chy-boot-common\src\main\java\com\chy\boot\common\commons\context\ContextNotInitException.java D:\code\github.com\yuruizhi\chy-boot\chy-boot-common\src\main\java\com\chy\boot\common\commons\component\package-info.java D:\code\github.com\yuruizhi\chy-boot\chy-boot-common\src\main\java\com\chy\boot\common\commons\enums\ClientType.java D:\code\github.com\yuruizhi\chy-boot\chy-boot-common\src\main\java\com\chy\boot\common\commons\platform\callback\CallBackService.java D:\code\github.com\yuruizhi\chy-boot\chy-boot-common\src\main\java\com\chy\boot\common\commons\component\log\LoggerMessageDefine.java D:\code\github.com\yuruizhi\chy-boot\chy-boot-common\src\main\java\com\chy\boot\common\commons\security\UserDetailsServiceImpl.java D:\code\github.com\yuruizhi\chy-boot\chy-boot-common\src\main\java\com\chy\boot\common\commons\filter\ExecuteContextFilter.java D:\code\github.com\yuruizhi\chy-boot\chy-boot-common\src\main\java\com\chy\boot\common\commons\exception\ServiceFusingException.java D:\code\github.com\yuruizhi\chy-boot\chy-boot-common\src\main\java\com\chy\boot\common\commons\context\ClientContext.java D:\code\github.com\yuruizhi\chy-boot\chy-boot-common\src\main\java\com\chy\boot\common\commons\Third\qm\QmError.java D:\code\github.com\yuruizhi\chy-boot\chy-boot-common\src\main\java\com\chy\boot\common\commons\package-info.java D:\code\github.com\yuruizhi\chy-boot\chy-boot-common\src\main\java\com\chy\boot\common\commons\support\xss\XssHttpServletRequestWrapper.java D:\code\github.com\yuruizhi\chy-boot\chy-boot-common\src\main\java\com\chy\boot\common\commons\support\xss\XssUrlProperties.java D:\code\github.com\yuruizhi\chy-boot\chy-boot-common\src\main\java\com\chy\boot\common\commons\platform\auth\component\AuthenticationInterceptor.java D:\code\github.com\yuruizhi\chy-boot\chy-boot-common\src\main\java\com\chy\boot\common\commons\util\DateUtil.java D:\code\github.com\yuruizhi\chy-boot\chy-boot-common\src\main\java\com\chy\boot\common\commons\idempotent\annotation\Idempotent.java D:\code\github.com\yuruizhi\chy-boot\chy-boot-common\src\main\java\com\chy\boot\common\commons\platform\auth\service\impl\JwtAuthService.java D:\code\github.com\yuruizhi\chy-boot\chy-boot-common\src\main\java\com\chy\boot\common\commons\exception\ExceptionStringPool.java D:\code\github.com\yuruizhi\chy-boot\chy-boot-common\src\main\java\com\chy\boot\common\commons\security\RestAuthenticationEntryPoint.java D:\code\github.com\yuruizhi\chy-boot\chy-boot-common\src\main\java\com\chy\boot\common\commons\context\ContextCodeDefined.java D:\code\github.com\yuruizhi\chy-boot\chy-boot-common\src\main\java\com\chy\boot\common\commons\cache\IUserCache.java D:\code\github.com\yuruizhi\chy-boot\chy-boot-common\src\main\java\com\chy\boot\common\commons\util\DateTimeUtil.java D:\code\github.com\yuruizhi\chy-boot\chy-boot-common\src\main\java\com\chy\boot\common\commons\exception\DnConsoleException.java D:\code\github.com\yuruizhi\chy-boot\chy-boot-common\src\main\java\com\chy\boot\common\commons\util\DigestUtil.java D:\code\github.com\yuruizhi\chy-boot\chy-boot-common\src\main\java\com\chy\boot\common\commons\interceptor\ApiRequestLogInterceptor.java D:\code\github.com\yuruizhi\chy-boot\chy-boot-common\src\main\java\com\chy\boot\common\commons\component\log\MyPatternLayoutEncoder.java D:\code\github.com\yuruizhi\chy-boot\chy-boot-common\src\main\java\com\chy\boot\common\commons\platform\auth\component\UserLoginToken.java D:\code\github.com\yuruizhi\chy-boot\chy-boot-common\src\main\java\com\chy\boot\common\commons\config\SwaggerConfig.java D:\code\github.com\yuruizhi\chy-boot\chy-boot-common\src\main\java\com\chy\boot\common\commons\platform\auth\component\PassToken.java D:\code\github.com\yuruizhi\chy-boot\chy-boot-common\src\main\java\com\chy\boot\common\commons\config\DynamicDateSourceConfig.java D:\code\github.com\yuruizhi\chy-boot\chy-boot-common\src\main\java\com\chy\boot\common\commons\interceptor\ClientTypeInterceptor.java D:\code\github.com\yuruizhi\chy-boot\chy-boot-common\src\main\java\com\chy\boot\common\commons\config\CustomRequestMappingHandlerMapping.java D:\code\github.com\yuruizhi\chy-boot\chy-boot-common\src\main\java\com\chy\boot\common\commons\platform\auth\service\IUserService.java D:\code\github.com\yuruizhi\chy-boot\chy-boot-common\src\main\java\com\chy\boot\common\commons\platform\auth\component\InterceptorConfig.java D:\code\github.com\yuruizhi\chy-boot\chy-boot-common\src\main\java\com\chy\boot\common\commons\component\log\LogDataConfig.java D:\code\github.com\yuruizhi\chy-boot\chy-boot-common\src\main\java\com\chy\boot\common\commons\component\log\LogStyle.java D:\code\github.com\yuruizhi\chy-boot\chy-boot-common\src\main\java\com\chy\boot\common\commons\support\StrSpliter.java D:\code\github.com\yuruizhi\chy-boot\chy-boot-common\src\main\java\com\chy\boot\common\commons\idempotent\service\impl\LocalIdempotentTokenServiceImpl.java D:\code\github.com\yuruizhi\chy-boot\chy-boot-common\src\main\java\com\chy\boot\common\commons\util\Exceptions.java D:\code\github.com\yuruizhi\chy-boot\chy-boot-common\src\main\java\com\chy\boot\common\commons\config\VirtualThreadConfig.java D:\code\github.com\yuruizhi\chy-boot\chy-boot-common\src\main\java\com\chy\boot\common\commons\component\log\converters\LocalIpConverter.java D:\code\github.com\yuruizhi\chy-boot\chy-boot-common\src\main\java\com\chy\boot\common\commons\util\ImageUtil.java D:\code\github.com\yuruizhi\chy-boot\chy-boot-common\src\main\java\com\chy\boot\common\commons\component\cache\GlobalSettings.java D:\code\github.com\yuruizhi\chy-boot\chy-boot-common\src\main\java\com\chy\boot\common\commons\idempotent\service\impl\RedisIdempotentTokenServiceImpl.java D:\code\github.com\yuruizhi\chy-boot\chy-boot-common\src\main\java\com\chy\boot\common\commons\jackson\JsonUtil.java D:\code\github.com\yuruizhi\chy-boot\chy-boot-common\src\main\java\com\chy\boot\common\commons\component\constant\IEnum.java D:\code\github.com\yuruizhi\chy-boot\chy-boot-common\src\main\java\com\chy\boot\common\commons\context\SpringContextUtil.java D:\code\github.com\yuruizhi\chy-boot\chy-boot-common\src\main\java\com\chy\boot\common\commons\platform\auth\entity\AuthParam.java D:\code\github.com\yuruizhi\chy-boot\chy-boot-common\src\main\java\com\chy\boot\common\commons\platform\auth\entity\User.java D:\code\github.com\yuruizhi\chy-boot\chy-boot-common\src\main\java\com\chy\boot\common\commons\component\log\MyPatternLayout.java D:\code\github.com\yuruizhi\chy-boot\chy-boot-common\src\main\java\com\chy\boot\common\commons\support\BaseBeanCopier.java D:\code\github.com\yuruizhi\chy-boot\chy-boot-common\src\main\java\com\chy\boot\common\commons\security\JwtUtils.java D:\code\github.com\yuruizhi\chy-boot\chy-boot-common\src\main\java\com\chy\boot\common\commons\security\RestAccessDeniedHandler.java D:\code\github.com\yuruizhi\chy-boot\chy-boot-common\src\main\java\com\chy\boot\common\config\ClientTypeConfig.java D:\code\github.com\yuruizhi\chy-boot\chy-boot-common\src\main\java\com\chy\boot\common\commons\utils\ClientTypeUtils.java D:\code\github.com\yuruizhi\chy-boot\chy-boot-common\src\main\java\com\chy\boot\common\commons\component\validate\ValidGroup.java D:\code\github.com\yuruizhi\chy-boot\chy-boot-common\src\main\java\com\chy\boot\common\commons\util\NumberUtil.java D:\code\github.com\yuruizhi\chy-boot\chy-boot-common\src\main\java\com\chy\boot\common\commons\api\R.java D:\code\github.com\yuruizhi\chy-boot\chy-boot-common\src\main\java\com\chy\boot\common\commons\support\xss\XssAutoConfiguration.java D:\code\github.com\yuruizhi\chy-boot\chy-boot-common\src\main\java\com\chy\boot\common\commons\aspect\MetricsAspect.java D:\code\github.com\yuruizhi\chy-boot\chy-boot-common\src\main\java\com\chy\boot\common\commons\platform\auth\service\AuthService.java D:\code\github.com\yuruizhi\chy-boot\chy-boot-common\src\main\java\com\chy\boot\common\commons\platform\callback\BusinessError.java D:\code\github.com\yuruizhi\chy-boot\chy-boot-common\src\main\java\com\chy\boot\common\commons\component\validate\ValidateMessage.java D:\code\github.com\yuruizhi\chy-boot\chy-boot-common\src\main\java\com\chy\boot\common\commons\api\AuthResultCode.java D:\code\github.com\yuruizhi\chy-boot\chy-boot-common\src\main\java\com\chy\boot\common\commons\util\Func.java D:\code\github.com\yuruizhi\chy-boot\chy-boot-common\src\main\java\com\chy\boot\common\commons\util\Base64Util.java D:\code\github.com\yuruizhi\chy-boot\chy-boot-common\src\main\java\com\chy\boot\common\commons\util\PatternMatchUtil.java D:\code\github.com\yuruizhi\chy-boot\chy-boot-common\src\main\java\com\chy\boot\common\commons\util\StringPool.java D:\code\github.com\yuruizhi\chy-boot\chy-boot-common\src\main\java\com\chy\boot\common\commons\component\cache\CacheKeyGeneratorDefined.java D:\code\github.com\yuruizhi\chy-boot\chy-boot-common\src\main\java\com\chy\boot\common\commons\util\ObjectUtil.java D:\code\github.com\yuruizhi\chy-boot\chy-boot-common\src\main\java\com\chy\boot\common\commons\exception\AuthException.java D:\code\github.com\yuruizhi\chy-boot\chy-boot-common\src\main\java\com\chy\boot\common\commons\component\log\LoggingAspectAnnotationDriven.java D:\code\github.com\yuruizhi\chy-boot\chy-boot-common\src\main\java\com\chy\boot\common\commons\util\UrlUtil.java D:\code\github.com\yuruizhi\chy-boot\chy-boot-common\src\main\java\com\chy\boot\common\commons\support\FastStringWriter.java D:\code\github.com\yuruizhi\chy-boot\chy-boot-common\src\main\java\com\chy\boot\common\commons\support\xss\XssProperties.java D:\code\github.com\yuruizhi\chy-boot\chy-boot-common\src\main\java\com\chy\boot\common\commons\getter\ContextInfoGetter.java D:\code\github.com\yuruizhi\chy-boot\chy-boot-common\src\main\java\com\chy\boot\common\commons\component\log\LoggerFormat.java D:\code\github.com\yuruizhi\chy-boot\chy-boot-common\src\main\java\com\chy\boot\common\commons\util\ConcurrentDateFormat.java D:\code\github.com\yuruizhi\chy-boot\chy-boot-common\src\main\java\com\chy\boot\common\commons\component\log\converters\RequestIdConverter.java D:\code\github.com\yuruizhi\chy-boot\chy-boot-common\src\main\java\com\chy\boot\common\commons\util\CollectionUtil.java D:\code\github.com\yuruizhi\chy-boot\chy-boot-common\src\main\java\com\chy\boot\common\commons\exception\GlobalExceptionHandler.java D:\code\github.com\yuruizhi\chy-boot\chy-boot-common\src\main\java\com\chy\boot\common\commons\config\ApiVersionCondition.java D:\code\github.com\yuruizhi\chy-boot\chy-boot-common\src\main\java\com\chy\boot\common\commons\support\xss\HtmlFilter.java D:\code\github.com\yuruizhi\chy-boot\chy-boot-common\src\main\java\com\chy\boot\common\commons\config\ExecutorConfig.java D:\code\github.com\yuruizhi\chy-boot\chy-boot-common\src\main\java\com\chy\boot\common\commons\jackson\CyJavaTimeModule.java D:\code\github.com\yuruizhi\chy-boot\chy-boot-common\src\main\java\com\chy\boot\common\commons\jackson\AbstractReadWriteJackson2HttpMessageConverter.java D:\code\github.com\yuruizhi\chy-boot\chy-boot-common\src\main\java\com\chy\boot\common\commons\component\constant\IMessageEnum.java D:\code\github.com\yuruizhi\chy-boot\chy-boot-common\src\main\java\com\chy\boot\common\commons\security\JwtBlacklistService.java D:\code\github.com\yuruizhi\chy-boot\chy-boot-common\src\main\java\com\chy\boot\common\commons\security\JwtAuthenticationFilter.java D:\code\github.com\yuruizhi\chy-boot\chy-boot-common\src\main\java\com\chy\boot\common\commons\config\CustomRequestMappingHandlerMappingConfig.java D:\code\github.com\yuruizhi\chy-boot\chy-boot-common\src\main\java\com\chy\boot\common\commons\component\cache\config\RedisCacheConfig.java D:\code\github.com\yuruizhi\chy-boot\chy-boot-common\src\main\java\com\chy\boot\common\commons\exception\CheckParamException.java D:\code\github.com\yuruizhi\chy-boot\chy-boot-common\src\main\java\com\chy\boot\common\commons\exception\BaseException.java D:\code\github.com\yuruizhi\chy-boot\chy-boot-common\src\main\java\com\chy\boot\common\commons\platform\auth\entity\AuthResponse.java D:\code\github.com\yuruizhi\chy-boot\chy-boot-common\src\main\java\com\chy\boot\common\commons\api\IResultCode.java D:\code\github.com\yuruizhi\chy-boot\chy-boot-common\src\main\java\com\chy\boot\common\commons\util\IoUtil.java D:\code\github.com\yuruizhi\chy-boot\chy-boot-common\src\main\java\com\chy\boot\common\commons\component\validate\Valid.java D:\code\github.com\yuruizhi\chy-boot\chy-boot-common\src\main\java\com\chy\boot\common\commons\api\ResultCode.java D:\code\github.com\yuruizhi\chy-boot\chy-boot-common\src\main\java\com\chy\boot\common\commons\context\ExecuteContext.java D:\code\github.com\yuruizhi\chy-boot\chy-boot-common\src\main\java\com\chy\boot\common\commons\idempotent\aspect\IdempotentAspect.java D:\code\github.com\yuruizhi\chy-boot\chy-boot-common\src\main\java\com\chy\boot\common\commons\support\BeanProperty.java D:\code\github.com\yuruizhi\chy-boot\chy-boot-common\src\main\java\com\chy\boot\common\commons\support\xss\XssFilter.java D:\code\github.com\yuruizhi\chy-boot\chy-boot-common\src\main\java\com\chy\boot\common\commons\annotation\ApiVersion.java D:\code\github.com\yuruizhi\chy-boot\chy-boot-common\src\main\java\com\chy\boot\common\commons\component\cache\IGlobalSettingsGetter.java D:\code\github.com\yuruizhi\chy-boot\chy-boot-common\src\main\java\com\chy\boot\common\commons\idempotent\service\IdempotentTokenService.java D:\code\github.com\yuruizhi\chy-boot\chy-boot-common\src\main\java\com\chy\boot\common\commons\util\ClassUtil.java D:\code\github.com\yuruizhi\chy-boot\chy-boot-common\src\main\java\com\chy\boot\common\commons\exception\ClientTypeException.java D:\code\github.com\yuruizhi\chy-boot\chy-boot-common\src\main\java\com\chy\boot\common\commons\util\ArrayUtil.java D:\code\github.com\yuruizhi\chy-boot\chy-boot-common\src\main\java\com\chy\boot\common\commons\util\ConcurrencyUtil.java D:\code\github.com\yuruizhi\chy-boot\chy-boot-common\src\main\java\com\chy\boot\common\commons\idempotent\exception\IdempotentException.java D:\code\github.com\yuruizhi\chy-boot\chy-boot-common\src\main\java\com\chy\boot\common\commons\component\cache\RedisUtil.java D:\code\github.com\yuruizhi\chy-boot\chy-boot-common\src\main\java\com\chy\boot\common\commons\jackson\MappingApiJackson2HttpMessageConverter.java D:\code\github.com\yuruizhi\chy-boot\chy-boot-common\src\main\java\com\chy\boot\common\commons\constant\ChyConstant.java D:\code\github.com\yuruizhi\chy-boot\chy-boot-common\src\main\java\com\chy\boot\common\commons\getter\IContextInfoGetter.java D:\code\github.com\yuruizhi\chy-boot\chy-boot-common\src\main\java\com\chy\boot\common\commons\interceptor\AdminRequireInterceptor.java D:\code\github.com\yuruizhi\chy-boot\chy-boot-common\src\main\java\com\chy\boot\common\commons\util\UUIDGenerator.java D:\code\github.com\yuruizhi\chy-boot\chy-boot-common\src\main\java\com\chy\boot\common\commons\config\VirtualThreadMonitor.java D:\code\github.com\yuruizhi\chy-boot\chy-boot-common\src\main\java\com\chy\boot\common\commons\cache\UserCache.java D:\code\github.com\yuruizhi\chy-boot\chy-boot-common\src\main\java\com\chy\boot\common\commons\config\AsyncConfig.java D:\code\github.com\yuruizhi\chy-boot\chy-boot-common\src\main\java\com\chy\boot\common\commons\util\Charsets.java -s D:\code\github.com\yuruizhi\chy-boot\chy-boot-common\target\generated-sources\annotations -g -parameters --release 21 -encoding UTF-8 --enable-preview
[DEBUG] incrementalBuildHelper#beforeRebuildExecution
[INFO] Compiling 135 source files with javac [debug release 21] to target\classes
[DEBUG] ttcl changed run compileInProcessWithProperClassloader
[DEBUG] incrementalBuildHelper#afterRebuildExecution
[INFO] ------------------------------------------------------------------------
[INFO] BUILD FAILURE
[INFO] ------------------------------------------------------------------------
[INFO] Total time:  3.103 s
[INFO] Finished at: 2025-03-18T11:37:29+08:00
[INFO] ------------------------------------------------------------------------
[ERROR] Failed to execute goal org.apache.maven.plugins:maven-compiler-plugin:3.11.0:compile (default-compile) on project chy-boot-common: Compilation failure -> [Help 1]
org.apache.maven.lifecycle.LifecycleExecutionException: Failed to execute goal org.apache.maven.plugins:maven-compiler-plugin:3.11.0:compile (default-compile) on project chy-boot-common: Compilation failure
    at org.apache.maven.lifecycle.internal.MojoExecutor.doExecute2 (MojoExecutor.java:333)
    at org.apache.maven.lifecycle.internal.MojoExecutor.doExecute (MojoExecutor.java:316)
    at org.apache.maven.lifecycle.internal.MojoExecutor.execute (MojoExecutor.java:212)
    at org.apache.maven.lifecycle.internal.MojoExecutor.execute (MojoExecutor.java:174)
    at org.apache.maven.lifecycle.internal.MojoExecutor.access$000 (MojoExecutor.java:75)
    at org.apache.maven.lifecycle.internal.MojoExecutor$1.run (MojoExecutor.java:162)
    at org.apache.maven.plugin.DefaultMojosExecutionStrategy.execute (DefaultMojosExecutionStrategy.java:39)
    at org.apache.maven.lifecycle.internal.MojoExecutor.execute (MojoExecutor.java:159)
    at org.apache.maven.lifecycle.internal.LifecycleModuleBuilder.buildProject (LifecycleModuleBuilder.java:105)
    at org.apache.maven.lifecycle.internal.LifecycleModuleBuilder.buildProject (LifecycleModuleBuilder.java:73)
    at org.apache.maven.lifecycle.internal.builder.singlethreaded.SingleThreadedBuilder.build (SingleThreadedBuilder.java:53)
    at org.apache.maven.lifecycle.internal.LifecycleStarter.execute (LifecycleStarter.java:118)
    at org.apache.maven.DefaultMaven.doExecute (DefaultMaven.java:261)
    at org.apache.maven.DefaultMaven.doExecute (DefaultMaven.java:173)
    at org.apache.maven.DefaultMaven.execute (DefaultMaven.java:101)
    at org.apache.maven.cli.MavenCli.execute (MavenCli.java:903)
    at org.apache.maven.cli.MavenCli.doMain (MavenCli.java:280)
    at org.apache.maven.cli.MavenCli.main (MavenCli.java:203)
    at jdk.internal.reflect.NativeMethodAccessorImpl.invoke0 (Native Method)
    at jdk.internal.reflect.NativeMethodAccessorImpl.invoke (NativeMethodAccessorImpl.java:77)
    at jdk.internal.reflect.DelegatingMethodAccessorImpl.invoke (DelegatingMethodAccessorImpl.java:43)
    at java.lang.reflect.Method.invoke (Method.java:568)
    at org.codehaus.plexus.classworlds.launcher.Launcher.launchEnhanced (Launcher.java:255)
    at org.codehaus.plexus.classworlds.launcher.Launcher.launch (Launcher.java:201)
    at org.codehaus.plexus.classworlds.launcher.Launcher.mainWithExitCode (Launcher.java:361)
    at org.codehaus.plexus.classworlds.launcher.Launcher.main (Launcher.java:314)
Caused by: org.apache.maven.plugin.compiler.CompilationFailureException: Compilation failure
    at org.apache.maven.plugin.compiler.AbstractCompilerMojo.execute (AbstractCompilerMojo.java:1214)
    at org.apache.maven.plugin.compiler.CompilerMojo.execute (CompilerMojo.java:193)
    at org.apache.maven.plugin.DefaultBuildPluginManager.executeMojo (DefaultBuildPluginManager.java:126)
    at org.apache.maven.lifecycle.internal.MojoExecutor.doExecute2 (MojoExecutor.java:328)
    at org.apache.maven.lifecycle.internal.MojoExecutor.doExecute (MojoExecutor.java:316)
    at org.apache.maven.lifecycle.internal.MojoExecutor.execute (MojoExecutor.java:212)
    at org.apache.maven.lifecycle.internal.MojoExecutor.execute (MojoExecutor.java:174)
    at org.apache.maven.lifecycle.internal.MojoExecutor.access$000 (MojoExecutor.java:75)
    at org.apache.maven.lifecycle.internal.MojoExecutor$1.run (MojoExecutor.java:162)
    at org.apache.maven.plugin.DefaultMojosExecutionStrategy.execute (DefaultMojosExecutionStrategy.java:39)
    at org.apache.maven.lifecycle.internal.MojoExecutor.execute (MojoExecutor.java:159)
    at org.apache.maven.lifecycle.internal.LifecycleModuleBuilder.buildProject (LifecycleModuleBuilder.java:105)
    at org.apache.maven.lifecycle.internal.LifecycleModuleBuilder.buildProject (LifecycleModuleBuilder.java:73)
    at org.apache.maven.lifecycle.internal.builder.singlethreaded.SingleThreadedBuilder.build (SingleThreadedBuilder.java:53)
    at org.apache.maven.lifecycle.internal.LifecycleStarter.execute (LifecycleStarter.java:118)
    at org.apache.maven.DefaultMaven.doExecute (DefaultMaven.java:261)
    at org.apache.maven.DefaultMaven.doExecute (DefaultMaven.java:173)
    at org.apache.maven.DefaultMaven.execute (DefaultMaven.java:101)
    at org.apache.maven.cli.MavenCli.execute (MavenCli.java:903)
    at org.apache.maven.cli.MavenCli.doMain (MavenCli.java:280)
    at org.apache.maven.cli.MavenCli.main (MavenCli.java:203)
    at jdk.internal.reflect.NativeMethodAccessorImpl.invoke0 (Native Method)
    at jdk.internal.reflect.NativeMethodAccessorImpl.invoke (NativeMethodAccessorImpl.java:77)
    at jdk.internal.reflect.DelegatingMethodAccessorImpl.invoke (DelegatingMethodAccessorImpl.java:43)
    at java.lang.reflect.Method.invoke (Method.java:568)
    at org.codehaus.plexus.classworlds.launcher.Launcher.launchEnhanced (Launcher.java:255)
    at org.codehaus.plexus.classworlds.launcher.Launcher.launch (Launcher.java:201)
    at org.codehaus.plexus.classworlds.launcher.Launcher.mainWithExitCode (Launcher.java:361)
    at org.codehaus.plexus.classworlds.launcher.Launcher.main (Launcher.java:314)
[ERROR] 
[ERROR] 
[ERROR] For more information about the errors and possible solutions, please read the following articles:
[ERROR] [Help 1] http://cwiki.apache.org/confluence/display/MAVEN/MojoFailureException
[DEBUG] Shutting down adapter factory; available factories [file-lock, rwlock-local, semaphore-local, noop]; available name mappers [discriminating, file-gav, file-hgav, file-static, gav, static]
[DEBUG] Shutting down 'file-lock' factory
[DEBUG] Shutting down 'rwlock-local' factory
[DEBUG] Shutting down 'semaphore-local' factory
[DEBUG] Shutting down 'noop' factory
